05-18 15:39:06.285   544   544 I SystemServerTiming: ssm.onStartUser-0_com.android.server.accounts.AccountManagerService$Lifecycle
05-18 15:39:06.285   544   544 I SystemServerTiming: ssm.onStartUser-0_com.android.server.content.ContentService$Lifecycle
05-18 15:39:06.285   544   544 I SystemServerTiming: ssm.onStartUser-0_com.android.server.DropBoxManagerService
05-18 15:39:06.285   544   544 I SystemServerTiming: ssm.onStartUser-0_com.android.server.AlarmManagerService
05-18 15:39:06.285   544   544 I SystemServerTiming: ssm.onStartUser-0_com.android.server.BluetoothService
05-18 15:39:06.285   544   544 I SystemServerTiming: ssm.onStartUser-0_com.android.server.connectivity.IpConnectivityMetrics
05-18 15:39:06.285   544   544 I SystemServerTiming: ssm.onStartUser-0_com.android.server.net.watchlist.NetworkWatchlistService$Lifecycle
05-18 15:39:06.286   544   544 I SystemServerTiming: ssm.onStartUser-0_com.android.server.PinnerService
05-18 15:39:06.286   544   544 I SystemServerTiming: ssm.onStartUser-0_com.google.android.startop.iorap.IorapForwardingService
05-18 15:39:06.286   544   544 I SystemServerTiming: ssm.onStartUser-0_com.android.server.integrity.AppIntegrityManagerService
05-18 15:39:06.286   544   544 I SystemServerTiming: ssm.onStartUser-0_com.android.server.inputmethod.InputMethodManagerService$Lifecycle
05-18 15:39:06.286   544   544 I SystemServerTiming: ssm.onStartUser-0_com.android.server.accessibility.AccessibilityManagerService$Lifecycle
05-18 15:39:06.286   544   544 I SystemServerTiming: ssm.onStartUser-0_com.android.server.StorageManagerService$Lifecycle
05-18 15:39:06.287   544   544 V StorageManagerService: Package com.google.android.networkstack.tethering does not have legacy storage
05-18 15:39:06.287   544   544 V StorageManagerService: Package com.android.cts.priv.ctsshim does not have legacy storage
05-18 15:39:06.287   544   569 I ActivityManager: Start proc 829:com.android.networkstack.process/1073 for service {com.google.android.networkstack/com.android.server.NetworkStackService}
05-18 15:39:06.287   544   544 V StorageManagerService: Package com.google.android.youtube has legacy storage
05-18 15:39:06.287   544   544 V StorageManagerService: Package com.android.internal.display.cutout.emulation.corner does not have legacy storage
05-18 15:39:06.287   544   544 V StorageManagerService: Package com.google.android.ext.services does not have legacy storage
05-18 15:39:06.287   544   544 V StorageManagerService: Package com.android.internal.display.cutout.emulation.double does not have legacy storage
05-18 15:39:06.287   544   544 V StorageManagerService: Package com.android.providers.telephony does not have legacy storage
05-18 15:39:06.287   544   544 V StorageManagerService: Package com.android.dynsystem does not have legacy storage
05-18 15:39:06.287   544   544 V StorageManagerService: Package io.appium.settings does not have legacy storage
05-18 15:39:06.287   544   544 V StorageManagerService: Package com.android.theme.icon.pebble does not have legacy storage
05-18 15:39:06.287   544   544 V StorageManagerService: Package com.google.android.googlequicksearchbox does not have legacy storage
05-18 15:39:06.287   544   544 V StorageManagerService: Package com.google.android.cellbroadcastservice does not have legacy storage
05-18 15:39:06.287   544   634 D ConnectivityService: NetReassign [no changes]
05-18 15:39:06.288   544   544 V StorageManagerService: Package com.android.providers.calendar does not have legacy storage
05-18 15:39:06.288   544   544 V StorageManagerService: Package com.android.providers.media does not have legacy storage
05-18 15:39:06.288   544   544 V StorageManagerService: Package com.google.android.onetimeinitializer does not have legacy storage
05-18 15:39:06.288   544   544 V StorageManagerService: Package com.google.android.ext.shared does not have legacy storage
05-18 15:39:06.288   544   544 V StorageManagerService: Package com.android.internal.systemui.navbar.gestural_wide_back does not have legacy storage
05-18 15:39:06.288   544   544 V StorageManagerService: Package hu.bme.aut.weatherinfo does not have legacy storage
05-18 15:39:06.288   544   544 V StorageManagerService: Package com.android.managedprovisioning.auto_generated_rro_product__ does not have legacy storage
05-18 15:39:06.288   544   544 V StorageManagerService: Package com.android.theme.icon.vessel does not have legacy storage
05-18 15:39:06.288   544   544 V StorageManagerService: Package com.android.theme.color.cinnamon does not have legacy storage
05-18 15:39:06.288   544   544 V StorageManagerService: Package com.android.theme.icon_pack.rounded.systemui does not have legacy storage
05-18 15:39:06.288   544   544 V StorageManagerService: Package com.android.theme.icon.taperedrect does not have legacy storage
05-18 15:39:06.288   544   544 V StorageManagerService: Package com.android.simappdialog.auto_generated_rro_product__ does not have legacy storage
05-18 15:39:06.289   544   544 V StorageManagerService: Package com.android.externalstorage does not have legacy storage
05-18 15:39:06.289   544   544 V StorageManagerService: Package com.android.htmlviewer does not have legacy storage
05-18 15:39:06.289   544   544 V StorageManagerService: Package com.android.companiondevicemanager does not have legacy storage
05-18 15:39:06.289   544   544 V StorageManagerService: Package com.android.mms.service does not have legacy storage
05-18 15:39:06.289   544   544 V StorageManagerService: Package com.android.providers.downloads does not have legacy storage
05-18 15:39:06.289   544   544 V StorageManagerService: Package com.android.systemui.auto_generated_rro_product__ does not have legacy storage
05-18 15:39:06.289   544   544 V StorageManagerService: Package com.google.android.apps.messaging does not have legacy storage
05-18 15:39:06.289   544   544 V StorageManagerService: Package com.google.android.soundpicker does not have legacy storage
05-18 15:39:06.289   544   544 V StorageManagerService: Package com.android.theme.icon_pack.rounded.android does not have legacy storage
05-18 15:39:06.289   544   544 V StorageManagerService: Package hu.bme.aut.nqb6uo.shishahelper does not have legacy storage
05-18 15:39:06.289   544   544 V StorageManagerService: Package com.breel.wallpapers18 does not have legacy storage
05-18 15:39:06.289   544   544 V StorageManagerService: Package com.android.theme.icon_pack.circular.themepicker does not have legacy storage
05-18 15:39:06.289   544   544 V StorageManagerService: Package com.google.android.configupdater does not have legacy storage
05-18 15:39:06.289   544   544 V StorageManagerService: Package com.google.android.providers.media.module does not have legacy storage
05-18 15:39:06.289   544   544 V StorageManagerService: Package io.appium.uiautomator2.server does not have legacy storage
05-18 15:39:06.289   544   544 V StorageManagerService: Package sk.kasper.space does not have legacy storage
05-18 15:39:06.289   544   544 V StorageManagerService: Package com.google.android.overlay.googlewebview does not have legacy storage
05-18 15:39:06.289   544   544 V StorageManagerService: Package com.android.timezone.updater does not have legacy storage
05-18 15:39:06.289   544   544 V StorageManagerService: Package com.android.systemui.plugin.globalactions.wallet does not have legacy storage
05-18 15:39:06.289   544   544 V StorageManagerService: Package com.android.providers.downloads.ui does not have legacy storage
05-18 15:39:06.289   544   544 V StorageManagerService: Package com.google.android.hotspot2.osulogin does not have legacy storage
05-18 15:39:06.290   544   544 V StorageManagerService: Package com.android.vending does not have legacy storage
05-18 15:39:06.290   544   544 V StorageManagerService: Package com.android.pacprocessor does not have legacy storage
05-18 15:39:06.290   544   544 V StorageManagerService: Package com.android.simappdialog does not have legacy storage
05-18 15:39:06.290   544   544 V StorageManagerService: Package com.android.internal.display.cutout.emulation.hole does not have legacy storage
05-18 15:39:06.290   544   544 V StorageManagerService: Package com.android.internal.display.cutout.emulation.tall does not have legacy storage
05-18 15:39:06.290   544   544 V StorageManagerService: Package com.android.certinstaller does not have legacy storage
05-18 15:39:06.290   544   544 V StorageManagerService: Package com.android.theme.color.black does not have legacy storage
05-18 15:39:06.290   544   544 V StorageManagerService: Package com.android.carrierconfig does not have legacy storage
05-18 15:39:06.290   544   544 V StorageManagerService: Package com.android.theme.color.green does not have legacy storage
05-18 15:39:06.290   544   544 V StorageManagerService: Package com.android.theme.color.ocean does not have legacy storage
05-18 15:39:06.290   544   544 V StorageManagerService: Package com.android.theme.color.space does not have legacy storage
05-18 15:39:06.290   544   544 V StorageManagerService: Package com.android.internal.systemui.navbar.threebutton does not have legacy storage
05-18 15:39:06.290   544   544 V StorageManagerService: Package android does not have legacy storage
05-18 15:39:06.290   544   544 V StorageManagerService: Package com.android.contacts does not have legacy storage
05-18 15:39:06.290   544   544 V StorageManagerService: Package com.android.camera2 does not have legacy storage
05-18 15:39:06.290   544   544 V StorageManagerService: Package com.android.theme.icon_pack.rounded.launcher does not have legacy storage
05-18 15:39:06.290   544   544 V StorageManagerService: Package com.android.egg does not have legacy storage
05-18 15:39:06.290   544   544 V StorageManagerService: Package com.android.mtp does not have legacy storage
05-18 15:39:06.290   544   544 V StorageManagerService: Package com.android.nfc does not have legacy storage
05-18 15:39:06.290   544   544 V StorageManagerService: Package com.android.ons does not have legacy storage
05-18 15:39:06.290   544   544 V StorageManagerService: Package com.android.stk does not have legacy storage
05-18 15:39:06.290   544   544 V StorageManagerService: Package com.android.backupconfirm does not have legacy storage
05-18 15:39:06.290   544   544 V StorageManagerService: Package io.appium.android.apis does not have legacy storage
05-18 15:39:06.290   544   544 V StorageManagerService: Package com.google.android.deskclock does not have legacy storage
05-18 15:39:06.290   544   544 V StorageManagerService: Package com.android.internal.systemui.navbar.twobutton does not have legacy storage
05-18 15:39:06.290   544   544 V StorageManagerService: Package com.android.statementservice does not have legacy storage
05-18 15:39:06.290   544   544 V StorageManagerService: Package com.google.android.gm does not have legacy storage
05-18 15:39:06.290   544   544 V StorageManagerService: Package com.google.android.apps.tachyon has legacy storage
05-18 15:39:06.290   544   544 V StorageManagerService: Package com.android.settings.intelligence does not have legacy storage
05-18 15:39:06.290   544   544 V StorageManagerService: Package com.android.internal.systemui.navbar.gestural_extra_wide_back does not have legacy storage
05-18 15:39:06.290   544   544 V StorageManagerService: Package com.google.android.permissioncontroller does not have legacy storage
05-18 15:39:06.290   544   544 V StorageManagerService: Package com.google.android.setupwizard does not have legacy storage
05-18 15:39:06.290   544   544 V StorageManagerService: Package com.android.emulator.radio.config does not have legacy storage
05-18 15:39:06.290   544   544 V StorageManagerService: Package com.android.providers.settings does not have legacy storage
05-18 15:39:06.290   544   544 V StorageManagerService: Package com.android.sharedstoragebackup does not have legacy storage
05-18 15:39:06.290   544   544 V StorageManagerService: Package com.android.nfc.auto_generated_rro_product__ does not have legacy storage
05-18 15:39:06.290   544   544 V StorageManagerService: Package com.android.printspooler does not have legacy storage
05-18 15:39:06.290   544   544 V StorageManagerService: Package com.android.theme.icon_pack.filled.settings does not have legacy storage
05-18 15:39:06.290   544   544 V StorageManagerService: Package com.android.dreams.basic does not have legacy storage
05-18 15:39:06.290   544   544 V StorageManagerService: Package com.google.android.networkstack.tethering.emulator does not have legacy storage
05-18 15:39:06.290   544   544 V StorageManagerService: Package com.android.providers.settings.auto_generated_rro_product__ does not have legacy storage
05-18 15:39:06.290   544   544 V StorageManagerService: Package com.android.se does not have legacy storage
05-18 15:39:06.290   544   544 V StorageManagerService: Package com.android.inputdevices does not have legacy storage
05-18 15:39:06.290   544   544 V StorageManagerService: Package com.google.android.apps.wellbeing does not have legacy storage
05-18 15:39:06.290   544   544 V StorageManagerService: Package com.android.bips does not have legacy storage
05-18 15:39:06.290   544   544 V StorageManagerService: Package com.google.android.captiveportallogin does not have legacy storage
05-18 15:39:06.290   544   544 V StorageManagerService: Package com.android.theme.icon_pack.circular.settings does not have legacy storage
05-18 15:39:06.290   544   544 V StorageManagerService: Package com.android.musicfx does not have legacy storage
05-18 15:39:06.290   544   544 V StorageManagerService: Package com.google.android.apps.docs does not have legacy storage
05-18 15:39:06.290   544   544 V StorageManagerService: Package com.google.android.apps.maps does not have legacy storage
05-18 15:39:06.290   544   544 V StorageManagerService: Package com.google.android.modulemetadata does not have legacy storage
05-18 15:39:06.290   544   544 V StorageManagerService: Package com.android.internal.display.cutout.emulation.emu01 does not have legacy storage
05-18 15:39:06.290   544   544 V StorageManagerService: Package com.google.android.markup does not have legacy storage
05-18 15:39:06.290   544   544 V StorageManagerService: Package com.android.cellbroadcastreceiver does not have legacy storage
05-18 15:39:06.290   544   544 V StorageManagerService: Package com.google.android.webview does not have legacy storage
05-18 15:39:06.290   544   544 V StorageManagerService: Package com.android.theme.icon.teardrop does not have legacy storage
05-18 15:39:06.290   544   544 V StorageManagerService: Package com.google.android.networkstack does not have legacy storage
05-18 15:39:06.290   544   544 V StorageManagerService: Package com.android.server.telecom does not have legacy storage
05-18 15:39:06.290   544   544 V StorageManagerService: Package com.google.android.syncadapters.contacts does not have legacy storage
05-18 15:39:06.290   544   544 V StorageManagerService: Package com.android.theme.icon_pack.rounded.themepicker does not have legacy storage
05-18 15:39:06.290   544   544 V StorageManagerService: Package com.android.keychain does not have legacy storage
05-18 15:39:06.291   544   544 V StorageManagerService: Package com.android.server.telecom.auto_generated_rro_product__ does not have legacy storage
05-18 15:39:06.291   544   544 V StorageManagerService: Package com.google.android.overlay.googleconfig does not have legacy storage
05-18 15:39:06.291   544   544 V StorageManagerService: Package com.android.service.ims does not have legacy storage
05-18 15:39:06.291   544   544 V StorageManagerService: Package com.android.chrome does not have legacy storage
05-18 15:39:06.291   544   544 V StorageManagerService: Package hu.bme.aut.nqb6uo.testnavslider does not have legacy storage
05-18 15:39:06.291   544   544 V StorageManagerService: Package com.android.dialer does not have legacy storage
05-18 15:39:06.291   544   544 V StorageManagerService: Package com.android.bips.auto_generated_rro_product__ does not have legacy storage
05-18 15:39:06.291   544   544 V StorageManagerService: Package com.android.theme.icon_pack.filled.systemui does not have legacy storage
05-18 15:39:06.291   544   544 V StorageManagerService: Package com.google.android.packageinstaller does not have legacy storage
05-18 15:39:06.291   544   544 V StorageManagerService: Package com.google.android.gms does not have legacy storage
05-18 15:39:06.291   544   544 V StorageManagerService: Package com.google.android.gsf does not have legacy storage
05-18 15:39:06.291   544   544 V StorageManagerService: Package com.google.android.ims does not have legacy storage
05-18 15:39:06.291   544   544 V StorageManagerService: Package com.google.android.tag does not have legacy storage
05-18 15:39:06.291   544   544 V StorageManagerService: Package com.google.android.tts does not have legacy storage
05-18 15:39:06.291   544   544 V StorageManagerService: Package com.google.android.overlay.permissioncontroller does not have legacy storage
05-18 15:39:06.291   544   544 V StorageManagerService: Package com.google.android.overlay.emulatorconfig does not have legacy storage
05-18 15:39:06.291   544   544 V StorageManagerService: Package com.android.calllogbackup does not have legacy storage
05-18 15:39:06.291   544   544 V StorageManagerService: Package com.google.android.partnersetup does not have legacy storage
05-18 15:39:06.291   544   544 V StorageManagerService: Package com.android.safetyregulatoryinfo does not have legacy storage
05-18 15:39:06.291   544   544 V StorageManagerService: Package com.google.android.apps.wallpaper.nexus does not have legacy storage
05-18 15:39:06.291   544   544 V StorageManagerService: Package com.android.localtransport does not have legacy storage
05-18 15:39:06.291   544   544 V StorageManagerService: Package com.google.android.videos does not have legacy storage
05-18 15:39:06.291   544   544 V StorageManagerService: Package com.google.android.apps.nexuslauncher does not have legacy storage
05-18 15:39:06.291   544   544 V StorageManagerService: Package com.android.carrierdefaultapp does not have legacy storage
05-18 15:39:06.291   544   544 V StorageManagerService: Package com.android.theme.font.notoserifsource does not have legacy storage
05-18 15:39:06.291   544   544 V StorageManagerService: Package com.android.theme.icon_pack.filled.android does not have legacy storage
05-18 15:39:06.291   544   544 V StorageManagerService: Package com.android.proxyhandler does not have legacy storage
05-18 15:39:06.291   544   544 V StorageManagerService: Package com.android.internal.display.cutout.emulation.waterfall does not have legacy storage
05-18 15:39:06.291   544   544 V StorageManagerService: Package com.android.theme.icon_pack.circular.systemui does not have legacy storage
05-18 15:39:06.291   544   544 V StorageManagerService: Package org.chromium.webview_shell does not have legacy storage
05-18 15:39:06.291   544   544 V StorageManagerService: Package com.android.providers.contacts.auto_generated_rro_product__ does not have legacy storage
05-18 15:39:06.291   544   544 V StorageManagerService: Package com.google.android.feedback does not have legacy storage
05-18 15:39:06.291   544   544 V StorageManagerService: Package com.google.android.printservice.recommendation does not have legacy storage
05-18 15:39:06.291   544   544 V StorageManagerService: Package com.google.android.apps.photos does not have legacy storage
05-18 15:39:06.291   544   544 V StorageManagerService: Package com.google.android.calendar does not have legacy storage
05-18 15:39:06.291   544   544 V StorageManagerService: Package com.android.managedprovisioning does not have legacy storage
05-18 15:39:06.291   544   544 V StorageManagerService: Package hu.bme.aut.android.shoppinglist does not have legacy storage
05-18 15:39:06.291   544   544 V StorageManagerService: Package com.android.soundpicker does not have legacy storage
05-18 15:39:06.291   544   544 V StorageManagerService: Package com.google.android.documentsui does not have legacy storage
05-18 15:39:06.291   544   544 V StorageManagerService: Package com.google.mainline.telemetry does not have legacy storage
05-18 15:39:06.291   544   544 V StorageManagerService: Package com.android.carrierconfig.auto_generated_rro_product__ does not have legacy storage
05-18 15:39:06.291   544   544 V StorageManagerService: Package io.appium.uiautomator2.server.test does not have legacy storage
05-18 15:39:06.291   544   544 V StorageManagerService: Package com.android.emulator.multidisplay does not have legacy storage
05-18 15:39:06.291   544   544 V StorageManagerService: Package com.android.providers.partnerbookmarks does not have legacy storage
05-18 15:39:06.291   544   544 V StorageManagerService: Package com.example.lab1 does not have legacy storage
05-18 15:39:06.291   544   544 V StorageManagerService: Package com.android.service.ims.presence does not have legacy storage
05-18 15:39:06.291   544   544 V StorageManagerService: Package com.android.wallpaper.livepicker does not have legacy storage
05-18 15:39:06.291   544   544 V StorageManagerService: Package com.android.providers.telephony.auto_generated_rro_product__ does not have legacy storage
05-18 15:39:06.291   544   544 V StorageManagerService: Package hu.bme.aut.workplaceapp does not have legacy storage
05-18 15:39:06.291   544   544 V StorageManagerService: Package com.android.theme.icon.squircle does not have legacy storage
05-18 15:39:06.291   544   544 V StorageManagerService: Package com.google.android.sdksetup does not have legacy storage
05-18 15:39:06.291   544   544 V StorageManagerService: Package com.google.android.networkstack.permissionconfig does not have legacy storage
05-18 15:39:06.291   544   544 V StorageManagerService: Package com.android.storagemanager does not have legacy storage
05-18 15:39:06.291   544   544 V StorageManagerService: Package com.android.bookmarkprovider does not have legacy storage
05-18 15:39:06.291   544   544 V StorageManagerService: Package com.google.android.overlay.pixelconfigcommon does not have legacy storage
05-18 15:39:06.291   544   544 V StorageManagerService: Package com.android.settings does not have legacy storage
05-18 15:39:06.291   544   544 V StorageManagerService: Package com.google.android.apps.pixelmigrate has legacy storage
05-18 15:39:06.291   544   544 V StorageManagerService: Package com.android.theme.icon_pack.filled.launcher does not have legacy storage
05-18 15:39:06.291   544   544 V StorageManagerService: Package com.google.android.projection.gearhead does not have legacy storage
05-18 15:39:06.291   544   544 V StorageManagerService: Package hu.bme.aut.android.simpledrawer does not have legacy storage
05-18 15:39:06.291   544   544 V StorageManagerService: Package com.android.cts.ctsshim does not have legacy storage
05-18 15:39:06.291   544   544 V StorageManagerService: Package com.google.android.wifi.resources does not have legacy storage
05-18 15:39:06.292   544   544 V StorageManagerService: Package hu.bme.aut.androidwallet does not have legacy storage
05-18 15:39:06.292   544   544 V StorageManagerService: Package com.android.theme.icon_pack.circular.launcher does not have legacy storage
05-18 15:39:06.292   544   544 V StorageManagerService: Package com.android.vpndialogs does not have legacy storage
05-18 15:39:06.292   544   544 V StorageManagerService: Package com.google.android.apps.wallpaper does not have legacy storage
05-18 15:39:06.292   544   544 V StorageManagerService: Package com.android.phone does not have legacy storage
05-18 15:39:06.292   544   544 V StorageManagerService: Package com.android.shell does not have legacy storage
05-18 15:39:06.292   544   544 V StorageManagerService: Package com.android.theme.icon_pack.filled.themepicker does not have legacy storage
05-18 15:39:06.292   544   544 V StorageManagerService: Package com.android.wallpaperbackup does not have legacy storage
05-18 15:39:06.292   544   544 V StorageManagerService: Package com.android.providers.blockednumber does not have legacy storage
05-18 15:39:06.292   544   544 V StorageManagerService: Package com.android.settings.auto_generated_rro_product__ does not have legacy storage
05-18 15:39:06.292   544   544 V StorageManagerService: Package com.android.providers.userdictionary does not have legacy storage
05-18 15:39:06.292   544   544 V StorageManagerService: Package com.android.emergency does not have legacy storage
05-18 15:39:06.292   544   544 V StorageManagerService: Package com.android.internal.systemui.navbar.gestural does not have legacy storage
05-18 15:39:06.292   544   544 V StorageManagerService: Package com.android.location.fused does not have legacy storage
05-18 15:39:06.292   544   544 V StorageManagerService: Package com.android.theme.color.orchid does not have legacy storage
05-18 15:39:06.292   544   544 V StorageManagerService: Package com.android.systemui does not have legacy storage
05-18 15:39:06.292   544   544 V StorageManagerService: Package com.google.android.apps.youtube.music has legacy storage
05-18 15:39:06.292   544   544 V StorageManagerService: Package com.android.theme.color.purple does not have legacy storage
05-18 15:39:06.292   544   544 V StorageManagerService: Package com.android.bluetoothmidiservice does not have legacy storage
05-18 15:39:06.292   544   544 V StorageManagerService: Package com.android.traceur does not have legacy storage
05-18 15:39:06.292   544   544 V StorageManagerService: Package com.google.android.apps.nexuslauncher.auto_generated_rro_product__ does not have legacy storage
05-18 15:39:06.292   544   544 V StorageManagerService: Package com.google.android.cellbroadcastreceiver does not have legacy storage
05-18 15:39:06.292   544   544 V StorageManagerService: Package com.android.phone.auto_generated_rro_product__ does not have legacy storage
05-18 15:39:06.292   544   544 V StorageManagerService: Package android.auto_generated_rro_product__ does not have legacy storage
05-18 15:39:06.292   544   544 V StorageManagerService: Package com.android.bluetooth does not have legacy storage
05-18 15:39:06.292   544   544 V StorageManagerService: Package com.android.providers.contacts does not have legacy storage
05-18 15:39:06.292   544   544 V StorageManagerService: Package com.android.theme.icon.roundedrect does not have legacy storage
05-18 15:39:06.292   544   544 V StorageManagerService: Package com.android.internal.systemui.navbar.gestural_narrow_back does not have legacy storage
05-18 15:39:06.292   544   544 V StorageManagerService: Package com.android.theme.icon_pack.rounded.settings does not have legacy storage
05-18 15:39:06.292   544   544 V StorageManagerService: Package com.google.android.inputmethod.latin does not have legacy storage
05-18 15:39:06.292   544   544 V StorageManagerService: Package com.android.theme.icon_pack.circular.android does not have legacy storage
05-18 15:39:06.292   544   544 V StorageManagerService: Package com.google.android.apps.restore has legacy storage
05-18 15:39:06.292   544   544 I SystemServerTiming: ssm.onStartUser-0_com.android.server.usage.StorageStatsService$Lifecycle
05-18 15:39:06.292   544   544 I SystemServerTiming: ssm.onStartUser-0_com.android.server.UiModeManagerService
05-18 15:39:06.292   544   544 I SystemServerTiming: ssm.onStartUser-0_com.android.server.locksettings.LockSettingsService$Lifecycle
05-18 15:39:06.292   544   544 I SystemServerTiming: ssm.onStartUser-0_com.android.server.testharness.TestHarnessModeService
05-18 15:39:06.292   544   544 I SystemServerTiming: ssm.onStartUser-0_com.android.server.DeviceIdleController
05-18 15:39:06.292   544   544 I SystemServerTiming: ssm.onStartUser-0_com.android.server.devicepolicy.DevicePolicyManagerService$Lifecycle
05-18 15:39:06.292   544   544 I SystemServerTiming: ssm.onStartUser-0_com.android.server.contentcapture.ContentCaptureManagerService
05-18 15:39:06.292   544   544 I SystemServerTiming: ssm.onStartUser-0_com.android.server.systemcaptions.SystemCaptionsManagerService
05-18 15:39:06.292   544   544 I SystemServerTiming: ssm.onStartUser-0_com.android.server.appprediction.AppPredictionManagerService
05-18 15:39:06.292   544   544 I SystemServerTiming: ssm.onStartUser-0_com.android.server.contentsuggestions.ContentSuggestionsManagerService
05-18 15:39:06.292   544   544 I SystemServerTiming: ssm.onStartUser-0_com.android.server.textservices.TextServicesManagerService$Lifecycle
05-18 15:39:06.292   544   544 I SystemServerTiming: ssm.onStartUser-0_com.android.server.textclassifier.TextClassificationManagerService$Lifecycle
05-18 15:39:06.292   544   544 I SystemServerTiming: ssm.onStartUser-0_com.android.server.NetworkScoreService$Lifecycle
05-18 15:39:06.292   544   544 I SystemServerTiming: ssm.onStartUser-0_com.android.server.wifi.WifiService
05-18 15:39:06.292   544   544 I SystemServerTiming: ssm.onStartUser-0_com.android.server.wifi.scanner.WifiScanningService
05-18 15:39:06.292   544   544 I SystemServerTiming: ssm.onStartUser-0_com.android.server.wifi.p2p.WifiP2pService
05-18 15:39:06.292   544   544 I SystemServerTiming: ssm.onStartUser-0_com.android.server.notification.NotificationManagerService
05-18 15:39:06.292   544   544 I SystemServerTiming: ssm.onStartUser-0_com.android.server.storage.DeviceStorageMonitorService
05-18 15:39:06.292   544   544 I SystemServerTiming: ssm.onStartUser-0_com.android.server.location.LocationManagerService$Lifecycle
05-18 15:39:06.293   544   544 I SystemServerTiming: ssm.onStartUser-0_com.android.server.timedetector.TimeDetectorService$Lifecycle
05-18 15:39:06.293   544   544 I SystemServerTiming: ssm.onStartUser-0_com.android.server.timezonedetector.TimeZoneDetectorService$Lifecycle
05-18 15:39:06.293   544   544 I SystemServerTiming: ssm.onStartUser-0_com.android.server.search.SearchManagerService$Lifecycle
05-18 15:39:06.293   544   544 I SystemServerTiming: ssm.onStartUser-0_com.android.server.wallpaper.WallpaperManagerService$Lifecycle
05-18 15:39:06.293   544   544 I SystemServerTiming: ssm.onStartUser-0_com.android.server.audio.AudioService$Lifecycle
05-18 15:39:06.293   544   544 I SystemServerTiming: ssm.onStartUser-0_com.android.server.soundtrigger_middleware.SoundTriggerMiddlewareService$Lifecycle
05-18 15:39:06.293   544   544 I SystemServerTiming: ssm.onStartUser-0_com.android.server.DockObserver
05-18 15:39:06.293   544   544 I SystemServerTiming: ssm.onStartUser-0_com.android.server.midi.MidiService$Lifecycle
05-18 15:39:06.293   544   544 I SystemServerTiming: ssm.onStartUser-0_com.android.server.adb.AdbService$Lifecycle
05-18 15:39:06.293   544   544 I SystemServerTiming: ssm.onStartUser-0_com.android.server.usb.UsbService$Lifecycle
05-18 15:39:06.293   544   544 I SystemServerTiming: ssm.onStartUser-0_com.android.server.twilight.TwilightService
05-18 15:39:06.293   544   544 I SystemServerTiming: ssm.onStartUser-0_com.android.server.display.color.ColorDisplayService
05-18 15:39:06.293   544   544 I SystemServerTiming: ssm.onStartUser-0_com.android.server.job.JobSchedulerService
05-18 15:39:06.293   544   544 I SystemServerTiming: ssm.onStartUser-0_com.android.server.soundtrigger.SoundTriggerService
05-18 15:39:06.293   544   544 I SystemServerTiming: ssm.onStartUser-0_com.android.server.trust.TrustManagerService
05-18 15:39:06.293   544   544 I SystemServerTiming: ssm.onStartUser-0_com.android.server.backup.BackupManagerService$Lifecycle
05-18 15:39:06.293   544   544 I SystemServerTiming: ssm.onStartUser-0_com.android.server.appwidget.AppWidgetService
05-18 15:39:06.293   544   544 I SystemServerTiming: ssm.onStartUser-0_com.android.server.role.RoleManagerService
05-18 15:39:06.297   544   544 I SystemServerTiming: ssm.onStartUser-0_com.android.server.voiceinteraction.VoiceInteractionManagerService
05-18 15:39:06.298   409   409 W iorapd  : Tracing disabled by system property
05-18 15:39:06.298   409   409 W iorapd  : Readahead disabled by system property
05-18 15:39:06.299   544   544 I SystemServerTiming: ssm.onStartUser-0_com.android.server.GestureLauncherService
05-18 15:39:06.299   544   544 I SystemServerTiming: ssm.onStartUser-0_com.android.server.SensorNotificationService
05-18 15:39:06.299   544   544 I SystemServerTiming: ssm.onStartUser-0_com.android.server.emergency.EmergencyAffordanceService
05-18 15:39:06.299   544   544 I SystemServerTiming: ssm.onStartUser-0_com.android.server.dreams.DreamManagerService
05-18 15:39:06.299   544   544 I SystemServerTiming: ssm.onStartUser-0_com.android.server.blob.BlobStoreManagerService
05-18 15:39:06.299   544   544 I SystemServerTiming: ssm.onStartUser-0_com.android.server.print.PrintManagerService
05-18 15:39:06.299   544   544 I SystemServerTiming: ssm.onStartUser-0_com.android.server.companion.CompanionDeviceManagerService
05-18 15:39:06.299   544   544 I SystemServerTiming: ssm.onStartUser-0_com.android.server.restrictions.RestrictionsManagerService
05-18 15:39:06.299   544   544 I SystemServerTiming: ssm.onStartUser-0_com.android.server.media.MediaSessionService
05-18 15:39:06.299   544   544 I SystemServerTiming: ssm.onStartUser-0_com.android.server.media.MediaResourceMonitorService
05-18 15:39:06.299   544   544 I SystemServerTiming: ssm.onStartUser-0_com.android.server.biometrics.fingerprint.FingerprintService
05-18 15:39:06.299   544   544 I SystemServerTiming: ssm.onStartUser-0_com.android.server.biometrics.BiometricService
05-18 15:39:06.299   544   544 I SystemServerTiming: ssm.onStartUser-0_com.android.server.biometrics.AuthService
05-18 15:39:06.299   544   544 I SystemServerTiming: ssm.onStartUser-0_com.android.server.pm.ShortcutService$Lifecycle
05-18 15:39:06.299   544   544 I SystemServerTiming: ssm.onStartUser-0_com.android.server.pm.LauncherAppsService
05-18 15:39:06.299   544   544 I SystemServerTiming: ssm.onStartUser-0_com.android.server.pm.CrossProfileAppsService
05-18 15:39:06.299   544   544 I SystemServerTiming: ssm.onStartUser-0_com.android.server.people.PeopleService
05-18 15:39:06.299   544   544 I SystemServerTiming: ssm.onStartUser-0_com.android.server.media.projection.MediaProjectionManagerService
05-18 15:39:06.299   544   544 I SystemServerTiming: ssm.onStartUser-0_com.android.server.slice.SliceManagerService$Lifecycle
05-18 15:39:06.299   544   544 I SystemServerTiming: ssm.onStartUser-0_com.android.server.camera.CameraServiceProxy
05-18 15:39:06.300   544   544 I SystemServerTiming: ssm.onStartUser-0_com.android.server.stats.StatsCompanion$Lifecycle
05-18 15:39:06.300   544   544 I SystemServerTiming: ssm.onStartUser-0_com.android.server.stats.pull.StatsPullAtomService
05-18 15:39:06.300   544   544 I SystemServerTiming: ssm.onStartUser-0_com.android.server.incident.IncidentCompanionService
05-18 15:39:06.300   544   544 I SystemServerTiming: ssm.onStartUser-0_com.android.server.MmsServiceBroker
05-18 15:39:06.300   544   544 I SystemServerTiming: ssm.onStartUser-0_com.android.server.autofill.AutofillManagerService
05-18 15:39:06.300   544   544 I SystemServerTiming: ssm.onStartUser-0_com.android.server.clipboard.ClipboardService
05-18 15:39:06.300   544   544 I SystemServerTiming: ssm.onStartUser-0_com.android.server.appbinding.AppBindingService$Lifecycle
05-18 15:39:06.300   544   544 I SystemServerTiming: ssm.onStartUser-0_com.android.server.policy.PermissionPolicyService
05-18 15:39:06.300   544   544 I SystemServerTiming: ssm.onStartUser-0_com.android.server.pm.StagingManager$Lifecycle
05-18 15:39:06.300   409   409 W iorapd  : Reconnect to package manager service: 1 times
05-18 15:39:06.300   544   544 I SystemServerTiming: startPersistentApps
05-18 15:39:06.301   544   544 D CompatibilityChangeReporter: Compat change id reported: 135634846; UID 1068; state: DISABLED
05-18 15:39:06.301   544   544 D CompatibilityChangeReporter: Compat change id reported: 135634846; UID 1001; state: DISABLED
05-18 15:39:06.301   544   544 I SystemServerTiming: startHomeOnAllDisplays
05-18 15:39:06.306   544   544 I ActivityTaskManager: START u0 {act=android.intent.action.MAIN cat=[android.intent.category.HOME] flg=0x10000100 cmp=com.android.settings/.FallbackHome} from uid 0
05-18 15:39:06.333   851   851 D iorap.prefetcherd: Installing minijail
05-18 15:39:06.334   851   851 W iorap.prefetcherd: No seccomp filter defined for this architecture.
05-18 15:39:06.421   544   544 I SystemServerTiming: showSystemReadyErrorDialogs
05-18 15:39:06.446   544   544 I SystemServerTiming: sendUserStartBroadcast
05-18 15:39:06.447   544   544 I SystemServerTiming: resumeTopActivities
05-18 15:39:06.447   544   544 I SystemServerTiming: sendUserSwitchBroadcasts
05-18 15:39:06.447   544   544 I SystemServerTiming: setBinderProxies
05-18 15:39:06.447   544   560 W Looper  : Slow dispatch took 147ms android.ui h=com.android.server.am.ActivityManagerService$UiHandler c=null m=53
05-18 15:39:06.448   544   569 W ActivityManager: Slow operation: 147ms so far, now at startProcess: done updating battery stats
05-18 15:39:06.448   544   569 W ActivityManager: Slow operation: 147ms so far, now at startProcess: building log message
05-18 15:39:06.448   544   569 I ActivityManager: Start proc 857:com.android.se/1068 for added application com.android.se
05-18 15:39:06.448   544   569 W ActivityManager: Slow operation: 147ms so far, now at startProcess: starting to update pids map
05-18 15:39:06.448   544   569 W ActivityManager: Slow operation: 147ms so far, now at startProcess: done updating pids map
05-18 15:39:06.448   544   569 W ActivityManager: Slow operation: 147ms so far, now at startProcess: asking zygote to start proc
05-18 15:39:06.450   544   562 D CompatibilityChangeReporter: Compat change id reported: 135634846; UID 1000; state: DISABLED
05-18 15:39:06.455   544   569 W ActivityManager: Slow operation: 154ms so far, now at startProcess: returned from zygote!
05-18 15:39:06.455   544   569 W ActivityManager: Slow operation: 154ms so far, now at startProcess: done updating battery stats
05-18 15:39:06.455   544   569 I Watchdog: Interesting Java process com.android.phone started. Pid 887
05-18 15:39:06.455   544   569 W ActivityManager: Slow operation: 154ms so far, now at startProcess: building log message
05-18 15:39:06.455   544   569 I ActivityManager: Start proc 887:com.android.phone/1001 for added application com.android.phone
05-18 15:39:06.455   544   569 W ActivityManager: Slow operation: 154ms so far, now at startProcess: starting to update pids map
05-18 15:39:06.455   544   569 W ActivityManager: Slow operation: 154ms so far, now at startProcess: done updating pids map
05-18 15:39:06.472   544   569 I ActivityManager: Start proc 910:com.android.settings/1000 for top-activity {com.android.settings/com.android.settings.FallbackHome}
05-18 15:39:06.478   544   544 W Looper  : Slow delivery took 1160ms main h=android.app.ActivityThread$H c=null m=156
05-18 15:39:06.479   544   562 I DisplayManagerService: Display device changed: DisplayDeviceInfo{"Built-in Screen": uniqueId="local:8141603649153536", 1080 x 2280, modeId 1, defaultModeId 1, supportedModes [{id=1, width=1080, height=2280, fps=60.000004}], colorMode 0, supportedColorModes [0], HdrCapabilities HdrCapabilities{mSupportedHdrTypes=[], mMaxLuminance=500.0, mMaxAverageLuminance=500.0, mMinLuminance=0.0}, allmSupported false, gameContentTypeSupported false, density 440, 440.0 x 440.0 dpi, appVsyncOff 1000000, presDeadline 16666666, cutout DisplayCutout{insets=Rect(0, 171 - 0, 0) waterfall=Insets{left=0, top=0, right=0, bottom=0} boundingRect={Bounds=[Rect(0, 0 - 0, 0), Rect(262, 0 - 818, 171), Rect(0, 0 - 0, 0), Rect(0, 0 - 0, 0)]}}, touch INTERNAL, rotation 0, type INTERNAL, address {port=0, model=0x1cecbed168ea}, deviceProductInfo DeviceProductInfo{name=EMU_display_0, manufacturerPnpId=GGL, productId=1, modelYear=null, manufactureDate=ManufactureDate{week=27, year=2006}, relativeAddress=null}, state ON, FLAG_DEFAULT_DISPLAY, FLAG_ROTATES_WITH_CONTENT, FLAG_SECURE, FLAG_SUPPORTS_PROTECTED_BUFFERS}
05-18 15:39:06.484   544   544 D ConditionProviders.SCP: onConnected
05-18 15:39:06.485   544   544 D ConditionProviders: Subscribing to condition://android/event?userId=-10000&calendar=&reply=1 with ComponentInfo{android/com.android.server.notification.EventConditionProvider}
05-18 15:39:06.485   544   544 D ConditionProviders: Subscribing to condition://android/schedule?days=1.2.3.4.5.6.7&start=22.0&end=7.0&exitAtAlarm=true with ComponentInfo{android/com.android.server.notification.ScheduleConditionProvider}
05-18 15:39:06.485   544   544 V FingerprintService: starting client EnumerateClient(android) targetUserId: 0 currentUserId: 0 cookie: 0/0
05-18 15:39:06.486   544   544 D CompatibilityChangeReporter: Compat change id reported: 135634846; UID 10147; state: DISABLED
05-18 15:39:06.486   544   569 D CompatibilityChangeReporter: Compat change id reported: 143937733; UID 10147; state: ENABLED
05-18 15:39:06.500   544   558 D ConnectivityService: requestNetwork for uid/pid:1073/829 NetworkRequest [ TRACK_DEFAULT id=10, [ Capabilities: INTERNET&NOT_RESTRICTED&TRUSTED Uid: 1073 AdministratorUids: [] RequestorUid: 1073 RequestorPackageName: com.google.android.networkstack] ]
05-18 15:39:06.505   544   634 D ConnectivityService: NetReassign [no changes]
05-18 15:39:06.505   544   634 D ConnectivityService: NetReassign [no changes]
05-18 15:39:06.506   544   569 I ActivityManager: Start proc 930:com.google.android.ext.services/u0a147 for service {com.google.android.ext.services/android.ext.services.autofill.InlineSuggestionRenderServiceImpl}
05-18 15:39:06.510   544   568 I DropBoxManagerService: add tag=system_server_wtf isTagEnabled=true flags=0x2
05-18 15:39:06.634   544   883 D ConnectivityService: requestNetwork for uid/pid:1073/829 NetworkRequest [ REQUEST id=12, [ Capabilities: INTERNET&NOT_RESTRICTED&TRUSTED&NOT_VPN AdministratorUids: [] RequestorUid: 1073 RequestorPackageName: com.google.android.networkstack] ]
05-18 15:39:06.634   544   634 D ConnectivityService: NetReassign [no changes]
05-18 15:39:06.639   698   698 W ActivityThread: Failed to find provider info for com.google.android.apps.turbo.estimated_time_remaining (user not unlocked)
05-18 15:39:06.731   544   544 W Looper  : Slow dispatch took 232ms main h=android.app.ActivityThread$H c=null m=114
05-18 15:39:06.820   544   882 D CompatibilityChangeReporter: Compat change id reported: 135634846; UID 10138; state: DISABLED
05-18 15:39:06.820   544   569 D CompatibilityChangeReporter: Compat change id reported: 143937733; UID 10138; state: ENABLED
05-18 15:39:06.827   544   544 D BluetoothManagerService: Creating new ProfileServiceConnections object for profile: 1
05-18 15:39:06.827   544   544 D BluetoothManagerService: Unable to bindService while Bluetooth is disabled
05-18 15:39:06.830   544  1038 I Telecom : BluetoothRouteManager: getBluetoothAudioConnectedDevice: no service available.
05-18 15:39:06.836   544   569 I ActivityManager: Start proc 1042:com.google.android.apps.nexuslauncher/u0a138 for service {com.google.android.apps.nexuslauncher/com.android.quickstep.TouchInteractionService}
05-18 15:39:06.838   544   562 I ActivityManagerTiming: FinishBooting
05-18 15:39:06.838   544   544 I Telecom : SystemStateHelper: Registering car mode receiver: android.content.IntentFilter@20398dc: TS.init@AAA
05-18 15:39:06.839   544   562 W KeyguardServiceDelegate: onScreenTurningOn(): no keyguard service!
05-18 15:39:06.853   544  1061 I Telecom : Logging.Events: Non-call EVENT: AUDIO_ROUTE, Entering state QuiescentSpeakerRoute
05-18 15:39:06.853   544  1061 I Telecom : BluetoothRouteManager: getBluetoothAudioConnectedDevice: no service available.
05-18 15:39:06.855   544  1064 I Telecom : CallAudioModeStateMachine: Message received: null.: TS.init->CAMSM.pM_1@AAA
05-18 15:39:06.856   544   544 I Telecom : MissedCallNotifierImpl: reloadFromDatabase: Boot not yet complete -- call log db may not be available. Deferring loading until boot complete for user 0: TS.init@AAA
05-18 15:39:06.857   544   544 I Telecom : MissedCallNotifierImpl: reloadFromDatabase: Boot not yet complete -- call log db may not be available. Deferring loading until boot complete for user 0: TS.init@AAA
05-18 15:39:06.857   544   544 D BluetoothManagerService: Creating new ProfileServiceConnections object for profile: 1
05-18 15:39:06.857   544   544 D BluetoothManagerService: Unable to bindService while Bluetooth is disabled
05-18 15:39:06.866   544   544 I Telecom : Class: TelecomSystem.INSTANCE being set
05-18 15:39:06.867   544   544 W ContextImpl: Calling a method in the system process without a qualified user: android.app.ContextImpl.startService:1669 android.content.ContextWrapper.startService:720 com.android.server.telecom.components.TelecomService.initializeTelecomSystem:197 com.android.server.telecom.components.TelecomService.onBind:71 android.app.ActivityThread.handleBindService:4219 
05-18 15:39:06.867   544   544 W Looper  : Slow dispatch took 136ms main h=android.app.ActivityThread$H c=null m=121
05-18 15:39:06.867   544   544 D PackageWatchdog: Getting all observed packages pending health checks
05-18 15:39:06.867   544   544 I PackageWatchdog: Syncing health check requests for packages: {}
05-18 15:39:06.867   544   544 I ExplicitHealthCheckController: Service not ready to get health check supported packages. Binding...
05-18 15:39:06.868   544   544 I ExplicitHealthCheckController: Explicit health check service is bound
05-18 15:39:06.875   544   567 D StatsPullAtomService: Registering NetworkStats pullers with statsd
05-18 15:39:06.894   544   798 D CompatibilityChangeReporter: Compat change id reported: 124107808; UID 1001; state: ENABLED
05-18 15:39:06.896   544   544 E TrustManagerService: EXTRA_USER_HANDLE missing or invalid, value=0
05-18 15:39:06.896   544   568 I DropBoxManagerService: add tag=system_server_wtf isTagEnabled=true flags=0x2
05-18 15:39:06.900   544   634 D ConnectivityService: NetReassign [no changes]
05-18 15:39:06.906   544   544 D AccessibilityManagerService: Ignoring non-encryption-aware service ComponentInfo{io.appium.android.apis/io.appium.android.apis.accessibility.ClockBackService}
05-18 15:39:06.906   544   544 D AccessibilityManagerService: Ignoring non-encryption-aware service ComponentInfo{io.appium.android.apis/io.appium.android.apis.accessibility.TaskBackService}
05-18 15:39:06.910   544   544 V ConditionProviders: enabling condition provider for 0: ComponentInfo{com.google.android.apps.wellbeing/com.google.android.apps.wellbeing.dnd.impl.DndConditionProviderService}
05-18 15:39:06.910   544   544 V ConditionProviders: Not registering ComponentInfo{com.google.android.apps.wellbeing/com.google.android.apps.wellbeing.dnd.impl.DndConditionProviderService} is already bound
05-18 15:39:06.910   544   544 V NotificationListeners: enabling notification listener for 0: ComponentInfo{com.google.android.apps.nexuslauncher/com.android.launcher3.notification.NotificationListener}
05-18 15:39:06.911   544   544 V NotificationListeners: binding: Intent { act=android.service.notification.NotificationListenerService cmp=com.google.android.apps.nexuslauncher/com.android.launcher3.notification.NotificationListener (has extras) }
05-18 15:39:06.911   544   544 W ActivityManager: Unable to start service Intent { act=android.service.notification.NotificationListenerService cmp=com.google.android.apps.nexuslauncher/com.android.launcher3.notification.NotificationListener } U=0: not found
05-18 15:39:06.911   544   544 W NotificationListeners: Unable to bind notification listener service: Intent { act=android.service.notification.NotificationListenerService cmp=com.google.android.apps.nexuslauncher/com.android.launcher3.notification.NotificationListener (has extras) } in user 0
05-18 15:39:06.911   544   544 V NotificationAssistants: enabling notification assistant for 0: ComponentInfo{com.google.android.ext.services/android.ext.services.notification.Assistant}
05-18 15:39:06.911   544   544 V NotificationAssistants: binding: Intent { act=android.service.notification.NotificationAssistantService cmp=com.google.android.ext.services/android.ext.services.notification.Assistant (has extras) }
05-18 15:39:06.930   544   544 W BroadcastQueue: Background execution not allowed: receiving Intent { act=android.intent.action.ACTION_POWER_DISCONNECTED flg=0x4000010 (has extras) } to com.google.android.gms/.chimera.GmsIntentOperationService$PersistentTrustedReceiver
05-18 15:39:06.931   544   544 D ConditionProviders.SCP: onSubscribe condition://android/schedule?days=1.2.3.4.5.6.7&start=22.0&end=7.0&exitAtAlarm=true
05-18 15:39:06.931   544   544 D ConditionProviders.SCP: setRegistered true
05-18 15:39:06.934   544   634 D ConnectivityService: NetReassign [no changes]
05-18 15:39:06.934   544   883 D ConnectivityService: requestNetwork for uid/pid:10144/698 NetworkRequest [ TRACK_DEFAULT id=15, [ Capabilities: INTERNET&NOT_RESTRICTED&TRUSTED Uid: 10144 AdministratorUids: [] RequestorUid: 10144 RequestorPackageName: com.android.systemui] ]
05-18 15:39:06.935   544   640 W ActivityThread: Failed to find provider info for com.android.calendar (user not unlocked)
05-18 15:39:06.935   544   640 W ActivityThread: Failed to find provider info for com.android.calendar (user not unlocked)
05-18 15:39:06.935   544   634 D ConnectivityService: NetReassign [no changes]
05-18 15:39:06.936   544   544 D ConditionProviders.SCP: evaluateSubscriptionLocked cal=ScheduleCalendar[mDays={1, 2, 3, 4, 5, 6, 7}, mSchedule=ScheduleInfo{days=[1, 2, 3, 4, 5, 6, 7], startHour=22, startMinute=0, endHour=7, endMinute=0, exitAtAlarm=true, nextAlarm=Thu Jan 01 01:00:00 GMT+01:00 1970 (0)}], now=Wed May 18 15:39:06 GMT+02:00 2022 (1652881146931), nextUserAlarmTime=Thu Jan 01 01:00:00 GMT+01:00 1970 (0)
