05-18 15:39:06.041   544   544 I SystemServerTiming: OnBootPhase_520_com.android.server.midi.MidiService$Lifecycle
05-18 15:39:06.041   544   544 I SystemServerTiming: OnBootPhase_520_com.android.server.adb.AdbService$Lifecycle
05-18 15:39:06.041   544   544 I SystemServerTiming: OnBootPhase_520_com.android.server.usb.UsbService$Lifecycle
05-18 15:39:06.041   544   544 I SystemServerTiming: OnBootPhase_520_com.android.server.twilight.TwilightService
05-18 15:39:06.041   544   544 I SystemServerTiming: OnBootPhase_520_com.android.server.display.color.ColorDisplayService
05-18 15:39:06.041   544   544 I SystemServerTiming: OnBootPhase_520_com.android.server.job.JobSchedulerService
05-18 15:39:06.041   544   544 I SystemServerTiming: OnBootPhase_520_com.android.server.soundtrigger.SoundTriggerService
05-18 15:39:06.041   544   544 D SoundTriggerService: onBootPhase: 520 : false
05-18 15:39:06.042   544   544 I SystemServerTiming: OnBootPhase_520_com.android.server.trust.TrustManagerService
05-18 15:39:06.042   544   544 I SystemServerTiming: OnBootPhase_520_com.android.server.backup.BackupManagerService$Lifecycle
05-18 15:39:06.042   544   544 I SystemServerTiming: OnBootPhase_520_com.android.server.appwidget.AppWidgetService
05-18 15:39:06.042   544   544 I SystemServerTiming: OnBootPhase_520_com.android.server.role.RoleManagerService
05-18 15:39:06.042   544   544 I SystemServerTiming: OnBootPhase_520_com.android.server.voiceinteraction.VoiceInteractionManagerService
05-18 15:39:06.042   544   544 I SystemServerTiming: OnBootPhase_520_com.android.server.GestureLauncherService
05-18 15:39:06.042   544   544 I SystemServerTiming: OnBootPhase_520_com.android.server.SensorNotificationService
05-18 15:39:06.042   544   544 I SystemServerTiming: OnBootPhase_520_com.android.server.emergency.EmergencyAffordanceService
05-18 15:39:06.042   544   544 I SystemServerTiming: OnBootPhase_520_com.android.server.dreams.DreamManagerService
05-18 15:39:06.042   544   544 I SystemServerTiming: OnBootPhase_520_com.android.server.blob.BlobStoreManagerService
05-18 15:39:06.042   544   544 I SystemServerTiming: OnBootPhase_520_com.android.server.print.PrintManagerService
05-18 15:39:06.042   544   544 I SystemServerTiming: OnBootPhase_520_com.android.server.companion.CompanionDeviceManagerService
05-18 15:39:06.042   544   544 I SystemServerTiming: OnBootPhase_520_com.android.server.restrictions.RestrictionsManagerService
05-18 15:39:06.042   544   544 I SystemServerTiming: OnBootPhase_520_com.android.server.media.MediaSessionService
05-18 15:39:06.042   544   544 I SystemServerTiming: OnBootPhase_520_com.android.server.media.MediaResourceMonitorService
05-18 15:39:06.042   544   544 I SystemServerTiming: OnBootPhase_520_com.android.server.biometrics.fingerprint.FingerprintService
05-18 15:39:06.042   544   544 I SystemServerTiming: OnBootPhase_520_com.android.server.biometrics.BiometricService
05-18 15:39:06.042   544   544 I SystemServerTiming: OnBootPhase_520_com.android.server.biometrics.AuthService
05-18 15:39:06.042   544   544 I SystemServerTiming: OnBootPhase_520_com.android.server.pm.ShortcutService$Lifecycle
05-18 15:39:06.042   544   544 I SystemServerTiming: OnBootPhase_520_com.android.server.pm.LauncherAppsService
05-18 15:39:06.042   544   544 I SystemServerTiming: OnBootPhase_520_com.android.server.pm.CrossProfileAppsService
05-18 15:39:06.042   544   544 I SystemServerTiming: OnBootPhase_520_com.android.server.people.PeopleService
05-18 15:39:06.042   544   544 I SystemServerTiming: OnBootPhase_520_com.android.server.media.projection.MediaProjectionManagerService
05-18 15:39:06.042   544   544 I SystemServerTiming: OnBootPhase_520_com.android.server.slice.SliceManagerService$Lifecycle
05-18 15:39:06.042   544   544 I SystemServerTiming: OnBootPhase_520_com.android.server.camera.CameraServiceProxy
05-18 15:39:06.042   544   544 I SystemServerTiming: OnBootPhase_520_com.android.server.stats.StatsCompanion$Lifecycle
05-18 15:39:06.042   544   544 I SystemServerTiming: OnBootPhase_520_com.android.server.stats.pull.StatsPullAtomService
05-18 15:39:06.042   544   544 I SystemServerTiming: OnBootPhase_520_com.android.server.incident.IncidentCompanionService
05-18 15:39:06.042   544   544 I SystemServerTiming: OnBootPhase_520_com.android.server.MmsServiceBroker
05-18 15:39:06.042   544   544 I SystemServerTiming: OnBootPhase_520_com.android.server.autofill.AutofillManagerService
05-18 15:39:06.042   544   544 I SystemServerTiming: OnBootPhase_520_com.android.server.clipboard.ClipboardService
05-18 15:39:06.042   544   544 I SystemServerTiming: OnBootPhase_520_com.android.server.appbinding.AppBindingService$Lifecycle
05-18 15:39:06.042   544   544 I SystemServerTiming: OnBootPhase_520_com.android.server.policy.PermissionPolicyService
05-18 15:39:06.042   544   544 I SystemServerTiming: OnBootPhase_520_com.android.server.pm.StagingManager$Lifecycle
05-18 15:39:06.042   544   544 I SystemServerTiming: PhaseActivityManagerReady
05-18 15:39:06.042   544   544 I SystemServerTiming: controllersReady
05-18 15:39:06.043   544   607 I SystemServerTimingAsync: InitThreadPoolExec:Update app-ops uidState in case package hu.bme.aut.nqb6uo.shishahelper changed
05-18 15:39:06.043   544   566 I SystemServerTimingAsync: InitThreadPoolExec:Update app-ops uidState in case package io.appium.android.apis changed
05-18 15:39:06.043   544   591 I SystemServerTimingAsync: InitThreadPoolExec:Update app-ops uidState in case package io.appium.uiautomator2.server changed
05-18 15:39:06.043   544   598 I SystemServerTimingAsync: InitThreadPoolExec:Update app-ops uidState in case package io.appium.settings changed
05-18 15:39:06.043   544   607 I SystemServerTimingAsync: InitThreadPoolExec:Update app-ops uidState in case package hu.bme.aut.workplaceapp changed
05-18 15:39:06.043   544   607 I SystemServerTimingAsync: InitThreadPoolExec:Update app-ops uidState in case package hu.bme.aut.androidwallet changed
05-18 15:39:06.043   544   607 I SystemServerTimingAsync: InitThreadPoolExec:Update app-ops uidState in case package com.google.android.providers.media.module changed
05-18 15:39:06.043   544   607 I SystemServerTimingAsync: InitThreadPoolExec:Update app-ops uidState in case package com.google.android.cellbroadcastreceiver changed
05-18 15:39:06.043   544   607 I SystemServerTimingAsync: InitThreadPoolExec:Update app-ops uidState in case package com.android.systemui changed
05-18 15:39:06.044   544   607 I SystemServerTimingAsync: InitThreadPoolExec:Update app-ops uidState in case package com.google.android.apps.nexuslauncher changed
05-18 15:39:06.044   544   607 I SystemServerTimingAsync: InitThreadPoolExec:Update app-ops uidState in case package com.google.android.apps.wallpaper changed
05-18 15:39:06.044   544   607 I SystemServerTimingAsync: InitThreadPoolExec:Update app-ops uidState in case package com.google.android.deskclock changed
05-18 15:39:06.044   544   607 I SystemServerTimingAsync: InitThreadPoolExec:Update app-ops uidState in case package com.android.camera2 changed
05-18 15:39:06.044   544   607 I SystemServerTimingAsync: InitThreadPoolExec:Update app-ops uidState in case package com.google.android.gm changed
05-18 15:39:06.044   544   607 I SystemServerTimingAsync: InitThreadPoolExec:Update app-ops uidState in case package com.google.android.apps.maps changed
05-18 15:39:06.044   544   607 I SystemServerTimingAsync: InitThreadPoolExec:Update app-ops uidState in case package com.google.android.inputmethod.latin changed
05-18 15:39:06.044   544   607 I SystemServerTimingAsync: InitThreadPoolExec:Update app-ops uidState in case package com.google.android.apps.messaging changed
05-18 15:39:06.044   544   607 I SystemServerTimingAsync: InitThreadPoolExec:Update app-ops uidState in case package com.android.chrome changed
05-18 15:39:06.044   544   607 I SystemServerTimingAsync: InitThreadPoolExec:Update app-ops uidState in case package com.google.android.apps.photos changed
05-18 15:39:06.044   544   607 I SystemServerTimingAsync: InitThreadPoolExec:Update app-ops uidState in case package com.google.android.apps.tachyon changed
05-18 15:39:06.044   544   607 I SystemServerTimingAsync: InitThreadPoolExec:Update app-ops uidState in case package com.google.android.apps.docs changed
05-18 15:39:06.044   544   607 I SystemServerTimingAsync: InitThreadPoolExec:Update app-ops uidState in case package com.google.android.apps.youtube.music changed
05-18 15:39:06.044   544   607 I SystemServerTimingAsync: InitThreadPoolExec:Update app-ops uidState in case package com.google.android.gms changed
05-18 15:39:06.044   544   544 I SystemServerTiming: killProcesses
05-18 15:39:06.044   544   607 I SystemServerTimingAsync: InitThreadPoolExec:Update app-ops uidState in case package com.google.android.gsf changed
05-18 15:39:06.044   544   598 I SystemServerTimingAsync: InitThreadPoolExec:Update app-ops uidState in case package com.google.android.calendar changed
05-18 15:39:06.044   544   607 I SystemServerTimingAsync: InitThreadPoolExec:Update app-ops uidState in case package com.google.android.googlequicksearchbox changed
05-18 15:39:06.044   544   598 I SystemServerTimingAsync: InitThreadPoolExec:Update app-ops uidState in case package com.google.android.apps.wellbeing changed
05-18 15:39:06.044   544   598 I SystemServerTimingAsync: InitThreadPoolExec:Update app-ops uidState in case package com.google.android.projection.gearhead changed
05-18 15:39:06.044   544   598 I SystemServerTimingAsync: InitThreadPoolExec:Update app-ops uidState in case package com.android.vending changed
05-18 15:39:06.044   544   607 I SystemServerTimingAsync: InitThreadPoolExec:Update app-ops uidState in case package com.android.dialer changed
05-18 15:39:06.044   544   598 I SystemServerTimingAsync: InitThreadPoolExec:Update app-ops uidState in case package com.google.android.ims changed
05-18 15:39:06.044   544   566 I SystemServerTimingAsync: InitThreadPoolExec:Update app-ops uidState in case package com.google.android.youtube changed
05-18 15:39:06.044   544   598 I SystemServerTimingAsync: InitThreadPoolExec:Update app-ops uidState in case package com.android.cellbroadcastreceiver changed
05-18 15:39:06.044   544   566 I SystemServerTimingAsync: InitThreadPoolExec:Update app-ops uidState in case package com.android.providers.calendar changed
05-18 15:39:06.044   544   598 I SystemServerTimingAsync: InitThreadPoolExec:Update app-ops uidState in case package com.android.providers.blockednumber changed
05-18 15:39:06.044   544   566 I SystemServerTimingAsync: InitThreadPoolExec:Update app-ops uidState in case package com.android.providers.userdictionary changed
05-18 15:39:06.044   544   598 I SystemServerTimingAsync: InitThreadPoolExec:Update app-ops uidState in case package com.android.providers.contacts changed
05-18 15:39:06.044   544   566 I SystemServerTimingAsync: InitThreadPoolExec:Update app-ops uidState in case package com.google.android.cellbroadcastservice changed
05-18 15:39:06.044   544   598 I SystemServerTimingAsync: InitThreadPoolExec:Update app-ops uidState in case package com.android.bluetooth changed
05-18 15:39:06.044   544   566 I SystemServerTimingAsync: InitThreadPoolExec:Update app-ops uidState in case package com.android.phone changed
05-18 15:39:06.044   544   598 I SystemServerTimingAsync: InitThreadPoolExec:Update app-ops uidState in case package android changed
05-18 15:39:06.044   544   566 I SystemServerTimingAsync: InitThreadPoolExec:Update app-ops uidState in case package com.android.server.telecom changed
05-18 15:39:06.044   544   598 I SystemServerTimingAsync: InitThreadPoolExec:Update app-ops uidState in case package com.android.settings changed
05-18 15:39:06.044   544   566 I SystemServerTimingAsync: InitThreadPoolExec:Update app-ops uidState in case package com.android.wallpaperbackup changed
05-18 15:39:06.044   544   591 I SystemServerTimingAsync: InitThreadPoolExec:Update app-ops uidState in case package com.google.android.videos changed
05-18 15:39:06.044   544   607 I SystemServerTimingAsync: InitThreadPoolExec:Update app-ops uidState in case package com.google.android.setupwizard changed
05-18 15:39:06.044   544   544 I ActivityManager: System now ready
05-18 15:39:06.044   544   544 I SystemServerTiming: updateTopComponentForFactoryTest
05-18 15:39:06.044   544   544 I SystemServerTiming: registerActivityLaunchObserver
05-18 15:39:06.044   544   544 I SystemServerTiming: watchDeviceProvisioning
05-18 15:39:06.049   544   544 I SystemServerTiming: retrieveSettings
05-18 15:39:06.050   544   544 I SystemServerTiming: Ugm.onSystemReady
05-18 15:39:06.050   544   544 I SystemServerTiming: updateForceBackgroundCheck
05-18 15:39:06.050   544   544 I SystemServer: Making services ready
05-18 15:39:06.050   544   544 I SystemServerTiming: StartActivityManagerReadyPhase
05-18 15:39:06.050   544   544 I SystemServiceManager: Starting phase 550
05-18 15:39:06.050   544   544 I SystemServerTiming: OnBootPhase_550
05-18 15:39:06.050   544   544 I SystemServerTiming: OnBootPhase_550_com.android.server.security.FileIntegrityService
05-18 15:39:06.050   544   544 I SystemServerTiming: OnBootPhase_550_com.android.server.pm.Installer
05-18 15:39:06.050   544   544 I SystemServerTiming: OnBootPhase_550_com.android.server.os.DeviceIdentifiersPolicyService
05-18 15:39:06.050   544   544 I SystemServerTiming: OnBootPhase_550_com.android.server.uri.UriGrantsManagerService$Lifecycle
05-18 15:39:06.050   544   544 I SystemServerTiming: OnBootPhase_550_com.android.server.wm.ActivityTaskManagerService$Lifecycle
05-18 15:39:06.050   544   544 I SystemServerTiming: OnBootPhase_550_com.android.server.am.ActivityManagerService$Lifecycle
05-18 15:39:06.050   544   544 I SystemServerTiming: OnBootPhase_550_com.android.server.pm.DataLoaderManagerService
05-18 15:39:06.050   544   544 I SystemServerTiming: OnBootPhase_550_com.android.server.power.PowerManagerService
05-18 15:39:06.050   544   544 I SystemServerTiming: OnBootPhase_550_com.android.server.power.ThermalManagerService
05-18 15:39:06.051   544   544 I ThermalHalWrapper: Thermal HAL 2.0 service connected.
05-18 15:39:06.052   544   544 I SystemServerTiming: OnBootPhase_550_com.android.server.recoverysystem.RecoverySystemService$Lifecycle
05-18 15:39:06.052   544   544 I SystemServerTiming: OnBootPhase_550_com.android.server.lights.LightsService
05-18 15:39:06.052   544   544 I SystemServerTiming: OnBootPhase_550_com.android.server.display.DisplayManagerService
05-18 15:39:06.052   544   544 I SystemServerTiming: OnBootPhase_550_com.android.server.pm.UserManagerService$LifeCycle
05-18 15:39:06.052   544   544 I SystemServerTiming: OnBootPhase_550_com.android.server.om.OverlayManagerService
05-18 15:39:06.052   544   544 I SystemServerTiming: OnBootPhase_550_com.android.server.SensorPrivacyService
05-18 15:39:06.052   544   544 I SystemServerTiming: OnBootPhase_550_com.android.server.SystemConfigService
05-18 15:39:06.052   544   544 I SystemServerTiming: OnBootPhase_550_com.android.server.BatteryService
05-18 15:39:06.053   544   544 I SystemServerTiming: OnBootPhase_550_com.android.server.usage.UsageStatsService
05-18 15:39:06.053   544   544 I SystemServerTiming: OnBootPhase_550_com.android.server.webkit.WebViewUpdateService
05-18 15:39:06.053   544   544 I SystemServerTiming: OnBootPhase_550_com.android.server.CachedDeviceStateService
05-18 15:39:06.053   544   544 I SystemServerTiming: OnBootPhase_550_com.android.server.BinderCallsStatsService$LifeCycle
05-18 15:39:06.053   544   544 I SystemServerTiming: OnBootPhase_550_com.android.server.LooperStatsService$Lifecycle
05-18 15:39:06.053   544   544 I SystemServerTiming: OnBootPhase_550_com.android.server.rollback.RollbackManagerService
05-18 15:39:06.053   544   544 I SystemServerTiming: OnBootPhase_550_com.android.server.os.BugreportManagerService
05-18 15:39:06.053   544   544 I SystemServerTiming: OnBootPhase_550_com.android.server.gpu.GpuService
05-18 15:39:06.053   544   544 I SystemServerTiming: OnBootPhase_550_com.android.server.security.KeyChainSystemService
05-18 15:39:06.053   544   544 I SystemServerTiming: OnBootPhase_550_com.android.server.telecom.TelecomLoaderService
05-18 15:39:06.053   544   544 W ActivityManager: Too early to start/bind service in system_server: Phase=550 ComponentInfo{com.android.server.telecom/com.android.server.telecom.components.TelecomService}
05-18 15:39:06.053   544   544 W ActivityManager: Too early to start/bind service in system_server: Phase=550 ComponentInfo{com.android.server.telecom/com.android.server.telecom.components.TelecomService}
05-18 15:39:06.053   544   544 I SystemServerTiming: OnBootPhase_550_com.android.server.accounts.AccountManagerService$Lifecycle
05-18 15:39:06.053   544   544 I SystemServerTiming: OnBootPhase_550_com.android.server.content.ContentService$Lifecycle
05-18 15:39:06.055   544   544 I SyncManager: No initial accounts
05-18 15:39:06.060   544   544 I SystemServerTiming: OnBootPhase_550_com.android.server.DropBoxManagerService
05-18 15:39:06.060   544   544 I SystemServerTiming: OnBootPhase_550_com.android.server.AlarmManagerService
05-18 15:39:06.060   544   544 I SystemServerTiming: OnBootPhase_550_com.android.server.BluetoothService
05-18 15:39:06.060   544   544 D BluetoothManagerService: Bluetooth boot completed
05-18 15:39:06.060   544   544 D BluetoothManagerService: Auto-enabling Bluetooth.
05-18 15:39:06.060   544   561 D BluetoothManagerService: MESSAGE_ENABLE(0): mBluetooth = null
05-18 15:39:06.060   544   561 D BluetoothManagerService: binding Bluetooth service
05-18 15:39:06.062   544   561 D CompatibilityChangeReporter: Compat change id reported: 135634846; UID 1002; state: DISABLED
05-18 15:39:06.063   544   544 I SystemServerTiming: OnBootPhase_550_com.android.server.connectivity.IpConnectivityMetrics
05-18 15:39:06.063   544   544 I SystemServerTiming: OnBootPhase_550_com.android.server.net.watchlist.NetworkWatchlistService$Lifecycle
05-18 15:39:06.063   544   544 I SystemServerTiming: OnBootPhase_550_com.android.server.PinnerService
05-18 15:39:06.063   544   544 I SystemServerTiming: OnBootPhase_550_com.google.android.startop.iorap.IorapForwardingService
05-18 15:39:06.063   544   544 I SystemServerTiming: OnBootPhase_550_com.android.server.integrity.AppIntegrityManagerService
05-18 15:39:06.063   544   544 I SystemServerTiming: OnBootPhase_550_com.android.server.inputmethod.InputMethodManagerService$Lifecycle
05-18 15:39:06.068   544   544 I SystemServerTiming: OnBootPhase_550_com.android.server.accessibility.AccessibilityManagerService$Lifecycle
05-18 15:39:06.068   544   544 I SystemServerTiming: OnBootPhase_550_com.android.server.StorageManagerService$Lifecycle
05-18 15:39:06.068   544   544 I SystemServerTiming: OnBootPhase_550_com.android.server.usage.StorageStatsService$Lifecycle
05-18 15:39:06.068   544   544 I SystemServerTiming: OnBootPhase_550_com.android.server.UiModeManagerService
05-18 15:39:06.068   544   544 I SystemServerTiming: OnBootPhase_550_com.android.server.locksettings.LockSettingsService$Lifecycle
05-18 15:39:06.069   544   544 I SystemServerTiming: OnBootPhase_550_com.android.server.testharness.TestHarnessModeService
05-18 15:39:06.069   544   544 I SystemServerTiming: OnBootPhase_550_com.android.server.DeviceIdleController
05-18 15:39:06.069   544   544 I SystemServerTiming: OnBootPhase_550_com.android.server.devicepolicy.DevicePolicyManagerService$Lifecycle
05-18 15:39:06.069   544   544 I SystemServerTiming: OnBootPhase_550_com.android.server.contentcapture.ContentCaptureManagerService
05-18 15:39:06.069   544   544 I SystemServerTiming: OnBootPhase_550_com.android.server.systemcaptions.SystemCaptionsManagerService
05-18 15:39:06.069   544   544 I SystemServerTiming: OnBootPhase_550_com.android.server.appprediction.AppPredictionManagerService
05-18 15:39:06.069   544   544 I SystemServerTiming: OnBootPhase_550_com.android.server.contentsuggestions.ContentSuggestionsManagerService
05-18 15:39:06.069   544   544 I SystemServerTiming: OnBootPhase_550_com.android.server.textservices.TextServicesManagerService$Lifecycle
05-18 15:39:06.069   544   544 I SystemServerTiming: OnBootPhase_550_com.android.server.textclassifier.TextClassificationManagerService$Lifecycle
05-18 15:39:06.069   544   544 I SystemServerTiming: OnBootPhase_550_com.android.server.NetworkScoreService$Lifecycle
05-18 15:39:06.069   544   544 I SystemServerTiming: OnBootPhase_550_com.android.server.wifi.WifiService
05-18 15:39:06.069   544   544 I SystemServerTiming: OnBootPhase_550_com.android.server.wifi.scanner.WifiScanningService
05-18 15:39:06.069   544   544 I SystemServerTiming: OnBootPhase_550_com.android.server.wifi.p2p.WifiP2pService
05-18 15:39:06.069   544   544 I SystemServerTiming: OnBootPhase_550_com.android.server.notification.NotificationManagerService
05-18 15:39:06.069   544   544 I SystemServerTiming: OnBootPhase_550_com.android.server.storage.DeviceStorageMonitorService
05-18 15:39:06.069   544   544 I SystemServerTiming: OnBootPhase_550_com.android.server.location.LocationManagerService$Lifecycle
05-18 15:39:06.069   544   544 I SystemServerTiming: OnBootPhase_550_com.android.server.timedetector.TimeDetectorService$Lifecycle
05-18 15:39:06.069   544   544 I SystemServerTiming: OnBootPhase_550_com.android.server.timezonedetector.TimeZoneDetectorService$Lifecycle
05-18 15:39:06.069   544   544 I SystemServerTiming: OnBootPhase_550_com.android.server.search.SearchManagerService$Lifecycle
05-18 15:39:06.069   544   544 I SystemServerTiming: OnBootPhase_550_com.android.server.wallpaper.WallpaperManagerService$Lifecycle
05-18 15:39:06.069   544   621 D StorageManagerService: Isolated storage local flag 0 and remote flag 0 resolved to true
05-18 15:39:06.069   544   544 I WallpaperManagerService: No static wallpaper imagery; defaults will be shown
05-18 15:39:06.069   544   544 V WallpaperManagerService: bindWallpaperComponentLocked: componentName=ComponentInfo{com.android.systemui/com.android.systemui.ImageWallpaper}
05-18 15:39:06.070   544   544 D CompatibilityChangeReporter: Compat change id reported: 135634846; UID 10144; state: DISABLED
05-18 15:39:06.070   544   544 W WallpaperManagerService: Invalid wallpaper data
05-18 15:39:06.070   544   544 E WallpaperManagerService: Unable to apply new wallpaper
05-18 15:39:06.070   544   544 I SystemServerTiming: OnBootPhase_550_com.android.server.audio.AudioService$Lifecycle
05-18 15:39:06.070   544   544 I SystemServerTiming: OnBootPhase_550_com.android.server.soundtrigger_middleware.SoundTriggerMiddlewareService$Lifecycle
05-18 15:39:06.070   544   544 I SystemServerTiming: OnBootPhase_550_com.android.server.DockObserver
05-18 15:39:06.070   544   544 I SystemServerTiming: OnBootPhase_550_com.android.server.midi.MidiService$Lifecycle
05-18 15:39:06.070   544   544 I SystemServerTiming: OnBootPhase_550_com.android.server.adb.AdbService$Lifecycle
05-18 15:39:06.070   544   544 I SystemServerTiming: OnBootPhase_550_com.android.server.usb.UsbService$Lifecycle
05-18 15:39:06.070   544   598 I SystemServerTimingAsync: InitThreadPoolExec:UsbService$Lifecycle#onBootPhase
05-18 15:39:06.071   544   544 I SystemServerTiming: OnBootPhase_550_com.android.server.twilight.TwilightService
05-18 15:39:06.071   544   544 I SystemServerTiming: OnBootPhase_550_com.android.server.display.color.ColorDisplayService
05-18 15:39:06.071   544   544 I SystemServerTiming: OnBootPhase_550_com.android.server.job.JobSchedulerService
05-18 15:39:06.071   544   544 I SystemServerTiming: OnBootPhase_550_com.android.server.soundtrigger.SoundTriggerService
05-18 15:39:06.071   544   544 D SoundTriggerService: onBootPhase: 550 : false
05-18 15:39:06.071   544   544 I SystemServerTiming: OnBootPhase_550_com.android.server.trust.TrustManagerService
05-18 15:39:06.071   544   544 I SystemServerTiming: OnBootPhase_550_com.android.server.backup.BackupManagerService$Lifecycle
05-18 15:39:06.071   544   544 I SystemServerTiming: OnBootPhase_550_com.android.server.appwidget.AppWidgetService
05-18 15:39:06.071   544   544 I SystemServerTiming: OnBootPhase_550_com.android.server.role.RoleManagerService
05-18 15:39:06.071   544   544 I SystemServerTiming: OnBootPhase_550_com.android.server.voiceinteraction.VoiceInteractionManagerService
05-18 15:39:06.071   544   544 I SystemServerTiming: OnBootPhase_550_com.android.server.GestureLauncherService
05-18 15:39:06.071   544   544 I SystemServerTiming: OnBootPhase_550_com.android.server.SensorNotificationService
05-18 15:39:06.071   544   544 I SystemServerTiming: OnBootPhase_550_com.android.server.emergency.EmergencyAffordanceService
05-18 15:39:06.071   544   544 I SystemServerTiming: OnBootPhase_550_com.android.server.dreams.DreamManagerService
05-18 15:39:06.071   544   544 I SystemServerTiming: OnBootPhase_550_com.android.server.blob.BlobStoreManagerService
05-18 15:39:06.071   544   544 I SystemServerTiming: OnBootPhase_550_com.android.server.print.PrintManagerService
05-18 15:39:06.071   544   544 I SystemServerTiming: OnBootPhase_550_com.android.server.companion.CompanionDeviceManagerService
05-18 15:39:06.071   544   544 I SystemServerTiming: OnBootPhase_550_com.android.server.restrictions.RestrictionsManagerService
05-18 15:39:06.071   544   544 I SystemServerTiming: OnBootPhase_550_com.android.server.media.MediaSessionService
05-18 15:39:06.071   544   544 I SystemServerTiming: OnBootPhase_550_com.android.server.media.MediaResourceMonitorService
05-18 15:39:06.071   544   544 I SystemServerTiming: OnBootPhase_550_com.android.server.biometrics.fingerprint.FingerprintService
05-18 15:39:06.071   544   544 I SystemServerTiming: OnBootPhase_550_com.android.server.biometrics.BiometricService
05-18 15:39:06.071   544   544 I SystemServerTiming: OnBootPhase_550_com.android.server.biometrics.AuthService
05-18 15:39:06.071   544   544 I SystemServerTiming: OnBootPhase_550_com.android.server.pm.ShortcutService$Lifecycle
05-18 15:39:06.071   544   544 I SystemServerTiming: OnBootPhase_550_com.android.server.pm.LauncherAppsService
05-18 15:39:06.071   544   544 I SystemServerTiming: OnBootPhase_550_com.android.server.pm.CrossProfileAppsService
05-18 15:39:06.071   544   544 I SystemServerTiming: OnBootPhase_550_com.android.server.people.PeopleService
05-18 15:39:06.071   544   544 I SystemServerTiming: OnBootPhase_550_com.android.server.media.projection.MediaProjectionManagerService
05-18 15:39:06.071   544   544 I SystemServerTiming: OnBootPhase_550_com.android.server.slice.SliceManagerService$Lifecycle
05-18 15:39:06.071   544   618 E UsbPortManager: port status enquiry failed
05-18 15:39:06.071   544   544 I SystemServerTiming: OnBootPhase_550_com.android.server.camera.CameraServiceProxy
05-18 15:39:06.071   544   544 I SystemServerTiming: OnBootPhase_550_com.android.server.stats.StatsCompanion$Lifecycle
05-18 15:39:06.071   544   544 I SystemServerTiming: OnBootPhase_550_com.android.server.stats.pull.StatsPullAtomService
05-18 15:39:06.071   544   544 I SystemServerTiming: OnBootPhase_550_com.android.server.incident.IncidentCompanionService
05-18 15:39:06.071   544   544 I SystemServerTiming: OnBootPhase_550_com.android.server.MmsServiceBroker
05-18 15:39:06.071   544   544 I SystemServerTiming: OnBootPhase_550_com.android.server.autofill.AutofillManagerService
05-18 15:39:06.071   544   544 I SystemServerTiming: OnBootPhase_550_com.android.server.clipboard.ClipboardService
05-18 15:39:06.071   544   544 I SystemServerTiming: OnBootPhase_550_com.android.server.appbinding.AppBindingService$Lifecycle
05-18 15:39:06.071   544   544 I AppBindingService: Updating constants with: null
05-18 15:39:06.071   544   544 I SystemServerTiming: OnBootPhase_550_com.android.server.policy.PermissionPolicyService
05-18 15:39:06.071   544   644 D BluetoothManagerService: Creating new ProfileServiceConnections object for profile: 1
05-18 15:39:06.071   544   644 D BluetoothManagerService: Unable to bindService while Bluetooth is disabled
05-18 15:39:06.082   544   569 I ActivityManager: Start proc 680:com.android.bluetooth/1002 for service {com.android.bluetooth/com.android.bluetooth.btservice.AdapterService}
05-18 15:39:06.082   544   569 D CompatibilityChangeReporter: Compat change id reported: 143937733; UID 10144; state: ENABLED
05-18 15:39:06.085   544   544 I PackageManager: Permission ownership changed. Updating all permissions.
05-18 15:39:06.099   544   544 I SystemServerTiming: OnBootPhase_550_com.android.server.pm.StagingManager$Lifecycle
05-18 15:39:06.099   544   544 I SystemServerTiming: StartObservingNativeCrashes
05-18 15:39:06.099   544   544 I SystemServerTiming: StartSystemUI
05-18 15:39:06.099   544   566 I SystemServerTimingAsync: InitThreadPoolExec:WebViewFactoryPreparation
05-18 15:39:06.099   544   566 I SystemServer: WebViewFactoryPreparation
05-18 15:39:06.099   544   566 I SystemServerTimingAsync: WebViewFactoryPreparation
05-18 15:39:06.100   544   569 I ActivityManager: Start proc 698:com.android.systemui/u0a144 for service {com.android.systemui/com.android.systemui.ImageWallpaper}
05-18 15:39:06.104   544   544 I SystemServerTiming: MakeNetworkManagementServiceReady
05-18 15:39:06.111   544   569 I ActivityManager: Start proc 731:WebViewLoader-x86/1037 [android.webkit.WebViewLibraryLoader$RelroFileCreator] for null
05-18 15:39:06.116   544   544 I SystemServerTiming: MakeIpSecServiceReady
05-18 15:39:06.117   544   544 D IpSecService: IpSecService is ready
05-18 15:39:06.117   544   544 I SystemServerTiming: MakeNetworkStatsServiceReady
05-18 15:39:06.131   544   627 W NetworkPolicy: setRestrictBackgroundUL: already false
05-18 15:39:06.149   544   544 I SystemServerTiming: MakeConnectivityServiceReady
05-18 15:39:06.163   544   634 D ConnectivityService: NetReassign [no changes]
05-18 15:39:06.163   544   544 I SystemServerTiming: MakeNetworkPolicyServiceReady
05-18 15:39:06.163   544   634 D ConnectivityService: NetReassign [no changes]
05-18 15:39:06.166   544   634 D ConnectivityService: NetReassign [no changes]
05-18 15:39:06.167   544   544 I SystemServerTiming: PhaseThirdPartyAppsCanStart
05-18 15:39:06.167   544   544 I SystemServiceManager: Starting phase 600
05-18 15:39:06.167   544   544 I SystemServerTiming: OnBootPhase_600
05-18 15:39:06.167   544   544 I SystemServerTiming: OnBootPhase_600_com.android.server.security.FileIntegrityService
05-18 15:39:06.167   544   544 I SystemServerTiming: OnBootPhase_600_com.android.server.pm.Installer
05-18 15:39:06.167   544   544 I SystemServerTiming: OnBootPhase_600_com.android.server.os.DeviceIdentifiersPolicyService
05-18 15:39:06.167   544   544 I SystemServerTiming: OnBootPhase_600_com.android.server.uri.UriGrantsManagerService$Lifecycle
05-18 15:39:06.167   544   544 I SystemServerTiming: OnBootPhase_600_com.android.server.wm.ActivityTaskManagerService$Lifecycle
05-18 15:39:06.167   544   544 I SystemServerTiming: OnBootPhase_600_com.android.server.am.ActivityManagerService$Lifecycle
05-18 15:39:06.168   544   544 I ExplicitHealthCheckController: Explicit health checks enabled.
05-18 15:39:06.168   544   544 I PackageWatchdog: Syncing state, reason: health check state enabled
05-18 15:39:06.168   544   544 I PackageWatchdog: Not pruning observers, elapsed time: 0ms
05-18 15:39:06.168   544   544 I PackageWatchdog: Cancelling state sync, nothing to sync
05-18 15:39:06.168   544   544 I SystemServerTiming: OnBootPhase_600_com.android.server.pm.DataLoaderManagerService
05-18 15:39:06.168   544   544 I SystemServerTiming: OnBootPhase_600_com.android.server.power.PowerManagerService
05-18 15:39:06.168   544   567 I PackageWatchdog: Saving observer state to file
05-18 15:39:06.168   544   544 I SystemServerTiming: OnBootPhase_600_com.android.server.power.ThermalManagerService
05-18 15:39:06.168   544   544 I SystemServerTiming: OnBootPhase_600_com.android.server.recoverysystem.RecoverySystemService$Lifecycle
05-18 15:39:06.168   544   544 I SystemServerTiming: OnBootPhase_600_com.android.server.lights.LightsService
05-18 15:39:06.168   544   544 I SystemServerTiming: OnBootPhase_600_com.android.server.display.DisplayManagerService
05-18 15:39:06.168   544   544 I SystemServerTiming: OnBootPhase_600_com.android.server.pm.UserManagerService$LifeCycle
05-18 15:39:06.168   544   544 I SystemServerTiming: OnBootPhase_600_com.android.server.om.OverlayManagerService
05-18 15:39:06.168   544   544 I SystemServerTiming: OnBootPhase_600_com.android.server.SensorPrivacyService
05-18 15:39:06.168   544   544 I SystemServerTiming: OnBootPhase_600_com.android.server.SystemConfigService
05-18 15:39:06.168   544   544 I SystemServerTiming: OnBootPhase_600_com.android.server.BatteryService
05-18 15:39:06.168   544   544 I SystemServerTiming: OnBootPhase_600_com.android.server.usage.UsageStatsService
05-18 15:39:06.168   544   544 I SystemServerTiming: OnBootPhase_600_com.android.server.webkit.WebViewUpdateService
05-18 15:39:06.168   544   544 I SystemServerTiming: OnBootPhase_600_com.android.server.CachedDeviceStateService
05-18 15:39:06.168   544   544 I SystemServerTiming: OnBootPhase_600_com.android.server.BinderCallsStatsService$LifeCycle
05-18 15:39:06.169   544   544 I SystemServerTiming: OnBootPhase_600_com.android.server.LooperStatsService$Lifecycle
05-18 15:39:06.169   544   544 I SystemServerTiming: OnBootPhase_600_com.android.server.rollback.RollbackManagerService
05-18 15:39:06.169   544   544 I SystemServerTiming: OnBootPhase_600_com.android.server.os.BugreportManagerService
05-18 15:39:06.169   544   544 I SystemServerTiming: OnBootPhase_600_com.android.server.gpu.GpuService
05-18 15:39:06.169   544   544 I SystemServerTiming: OnBootPhase_600_com.android.server.security.KeyChainSystemService
05-18 15:39:06.169   544   544 I SystemServerTiming: OnBootPhase_600_com.android.server.telecom.TelecomLoaderService
05-18 15:39:06.169   544   544 I SystemServerTiming: OnBootPhase_600_com.android.server.accounts.AccountManagerService$Lifecycle
05-18 15:39:06.169   544   544 I SystemServerTiming: OnBootPhase_600_com.android.server.content.ContentService$Lifecycle
05-18 15:39:06.169   544   544 I SystemServerTiming: OnBootPhase_600_com.android.server.DropBoxManagerService
05-18 15:39:06.169   544   544 I SystemServerTiming: OnBootPhase_600_com.android.server.AlarmManagerService
05-18 15:39:06.169   544   544 I SystemServerTiming: OnBootPhase_600_com.android.server.BluetoothService
05-18 15:39:06.169   544   544 I SystemServerTiming: OnBootPhase_600_com.android.server.connectivity.IpConnectivityMetrics
05-18 15:39:06.169   544   544 I SystemServerTiming: OnBootPhase_600_com.android.server.net.watchlist.NetworkWatchlistService$Lifecycle
05-18 15:39:06.169   544   544 I SystemServerTiming: OnBootPhase_600_com.android.server.PinnerService
05-18 15:39:06.169   544   544 I SystemServerTiming: OnBootPhase_600_com.google.android.startop.iorap.IorapForwardingService
05-18 15:39:06.169   544   544 I SystemServerTiming: OnBootPhase_600_com.android.server.integrity.AppIntegrityManagerService
05-18 15:39:06.169   544   544 I SystemServerTiming: OnBootPhase_600_com.android.server.inputmethod.InputMethodManagerService$Lifecycle
05-18 15:39:06.169   544   544 I SystemServerTiming: OnBootPhase_600_com.android.server.accessibility.AccessibilityManagerService$Lifecycle
05-18 15:39:06.169   544   544 I SystemServerTiming: OnBootPhase_600_com.android.server.StorageManagerService$Lifecycle
05-18 15:39:06.169   544   544 I SystemServerTiming: OnBootPhase_600_com.android.server.usage.StorageStatsService$Lifecycle
05-18 15:39:06.169   544   544 I SystemServerTiming: OnBootPhase_600_com.android.server.UiModeManagerService
05-18 15:39:06.169   544   544 I SystemServerTiming: OnBootPhase_600_com.android.server.locksettings.LockSettingsService$Lifecycle
05-18 15:39:06.169   544   544 I SystemServerTiming: OnBootPhase_600_com.android.server.testharness.TestHarnessModeService
05-18 15:39:06.169   544   544 I SystemServerTiming: OnBootPhase_600_com.android.server.DeviceIdleController
05-18 15:39:06.169   544   544 I SystemServerTiming: OnBootPhase_600_com.android.server.devicepolicy.DevicePolicyManagerService$Lifecycle
05-18 15:39:06.169   544   544 I SystemServerTiming: OnBootPhase_600_com.android.server.contentcapture.ContentCaptureManagerService
05-18 15:39:06.169   544   544 I SystemServerTiming: OnBootPhase_600_com.android.server.systemcaptions.SystemCaptionsManagerService
05-18 15:39:06.169   544   544 I SystemServerTiming: OnBootPhase_600_com.android.server.appprediction.AppPredictionManagerService
05-18 15:39:06.169   544   544 I SystemServerTiming: OnBootPhase_600_com.android.server.contentsuggestions.ContentSuggestionsManagerService
05-18 15:39:06.169   544   544 I SystemServerTiming: OnBootPhase_600_com.android.server.textservices.TextServicesManagerService$Lifecycle
05-18 15:39:06.169   544   544 I SystemServerTiming: OnBootPhase_600_com.android.server.textclassifier.TextClassificationManagerService$Lifecycle
05-18 15:39:06.169   544   544 I SystemServerTiming: OnBootPhase_600_com.android.server.NetworkScoreService$Lifecycle
05-18 15:39:06.169   544   544 I SystemServerTiming: OnBootPhase_600_com.android.server.wifi.WifiService
05-18 15:39:06.169   544   544 I SystemServerTiming: OnBootPhase_600_com.android.server.wifi.scanner.WifiScanningService
05-18 15:39:06.169   544   544 I SystemServerTiming: OnBootPhase_600_com.android.server.wifi.p2p.WifiP2pService
05-18 15:39:06.169   544   544 I SystemServerTiming: OnBootPhase_600_com.android.server.notification.NotificationManagerService
05-18 15:39:06.169   544   544 I SystemServerTiming: OnBootPhase_600_com.android.server.storage.DeviceStorageMonitorService
05-18 15:39:06.169   544   544 I SystemServerTiming: OnBootPhase_600_com.android.server.location.LocationManagerService$Lifecycle
05-18 15:39:06.243   544   557 I ActivityManager: Process WebViewLoader-x86 (pid 731) has died: psvc PER 
05-18 15:39:06.248   544   557 W StorageManagerService: No primary storage defined yet; hacking together a stub
05-18 15:39:06.269   544   544 W SystemServiceManager: Service com.android.server.location.LocationManagerService$Lifecycle took 100 ms in onBootPhase
05-18 15:39:06.269   544   544 I SystemServerTiming: OnBootPhase_600_com.android.server.timedetector.TimeDetectorService$Lifecycle
05-18 15:39:06.269   544   544 I SystemServerTiming: OnBootPhase_600_com.android.server.timezonedetector.TimeZoneDetectorService$Lifecycle
05-18 15:39:06.269   544   544 I SystemServerTiming: OnBootPhase_600_com.android.server.search.SearchManagerService$Lifecycle
05-18 15:39:06.269   544   544 I SystemServerTiming: OnBootPhase_600_com.android.server.wallpaper.WallpaperManagerService$Lifecycle
05-18 15:39:06.269   544   544 I WallpaperManagerService: switch-user-0
05-18 15:39:06.270   544   544 V WallpaperManagerService: bindWallpaperComponentLocked: componentName=ComponentInfo{com.android.systemui/com.android.systemui.ImageWallpaper}
05-18 15:39:06.270   544   544 I SystemServerTiming: OnBootPhase_600_com.android.server.audio.AudioService$Lifecycle
05-18 15:39:06.270   544   544 I SystemServerTiming: OnBootPhase_600_com.android.server.soundtrigger_middleware.SoundTriggerMiddlewareService$Lifecycle
05-18 15:39:06.270   544   544 I SystemServerTiming: OnBootPhase_600_com.android.server.DockObserver
05-18 15:39:06.270   544   544 I SystemServerTiming: OnBootPhase_600_com.android.server.midi.MidiService$Lifecycle
05-18 15:39:06.270   544   544 I SystemServerTiming: OnBootPhase_600_com.android.server.adb.AdbService$Lifecycle
05-18 15:39:06.270   544   544 I SystemServerTiming: OnBootPhase_600_com.android.server.usb.UsbService$Lifecycle
05-18 15:39:06.270   544   544 I SystemServerTiming: OnBootPhase_600_com.android.server.twilight.TwilightService
05-18 15:39:06.270   544   544 I SystemServerTiming: OnBootPhase_600_com.android.server.display.color.ColorDisplayService
05-18 15:39:06.270   544   544 I SystemServerTiming: OnBootPhase_600_com.android.server.job.JobSchedulerService
05-18 15:39:06.271   544   544 I SystemServerTiming: OnBootPhase_600_com.android.server.soundtrigger.SoundTriggerService
05-18 15:39:06.271   544   544 D SoundTriggerService: onBootPhase: 600 : false
05-18 15:39:06.271   544   544 I SystemServerTiming: OnBootPhase_600_com.android.server.trust.TrustManagerService
05-18 15:39:06.272   544   544 I SystemServerTiming: OnBootPhase_600_com.android.server.backup.BackupManagerService$Lifecycle
05-18 15:39:06.272   544   544 I SystemServerTiming: OnBootPhase_600_com.android.server.appwidget.AppWidgetService
05-18 15:39:06.272   544   544 I SystemServerTiming: OnBootPhase_600_com.android.server.role.RoleManagerService
05-18 15:39:06.272   544   544 I SystemServerTiming: OnBootPhase_600_com.android.server.voiceinteraction.VoiceInteractionManagerService
05-18 15:39:06.273   544   544 I SystemServerTiming: OnBootPhase_600_com.android.server.GestureLauncherService
05-18 15:39:06.273   544   544 I SystemServerTiming: OnBootPhase_600_com.android.server.SensorNotificationService
05-18 15:39:06.273   544   544 I SystemServerTiming: OnBootPhase_600_com.android.server.emergency.EmergencyAffordanceService
05-18 15:39:06.275   544   544 I SystemServerTiming: OnBootPhase_600_com.android.server.dreams.DreamManagerService
05-18 15:39:06.276   544   544 I SystemServerTiming: OnBootPhase_600_com.android.server.blob.BlobStoreManagerService
05-18 15:39:06.279   544   544 I SystemServerTiming: OnBootPhase_600_com.android.server.print.PrintManagerService
05-18 15:39:06.279   544   544 I SystemServerTiming: OnBootPhase_600_com.android.server.companion.CompanionDeviceManagerService
05-18 15:39:06.279   544   544 I SystemServerTiming: OnBootPhase_600_com.android.server.restrictions.RestrictionsManagerService
05-18 15:39:06.279   544   544 I SystemServerTiming: OnBootPhase_600_com.android.server.media.MediaSessionService
05-18 15:39:06.279   544   544 I SystemServerTiming: OnBootPhase_600_com.android.server.media.MediaResourceMonitorService
05-18 15:39:06.279   544   544 I SystemServerTiming: OnBootPhase_600_com.android.server.biometrics.fingerprint.FingerprintService
05-18 15:39:06.279   544   544 I SystemServerTiming: OnBootPhase_600_com.android.server.biometrics.BiometricService
05-18 15:39:06.279   544   544 I SystemServerTiming: OnBootPhase_600_com.android.server.biometrics.AuthService
05-18 15:39:06.279   544   544 I SystemServerTiming: OnBootPhase_600_com.android.server.pm.ShortcutService$Lifecycle
05-18 15:39:06.279   544   544 I SystemServerTiming: OnBootPhase_600_com.android.server.pm.LauncherAppsService
05-18 15:39:06.279   544   544 I SystemServerTiming: OnBootPhase_600_com.android.server.pm.CrossProfileAppsService
05-18 15:39:06.279   544   544 I SystemServerTiming: OnBootPhase_600_com.android.server.people.PeopleService
05-18 15:39:06.279   544   544 I SystemServerTiming: OnBootPhase_600_com.android.server.media.projection.MediaProjectionManagerService
05-18 15:39:06.279   544   544 I SystemServerTiming: OnBootPhase_600_com.android.server.slice.SliceManagerService$Lifecycle
05-18 15:39:06.279   544   544 I SystemServerTiming: OnBootPhase_600_com.android.server.camera.CameraServiceProxy
05-18 15:39:06.279   544   544 I SystemServerTiming: OnBootPhase_600_com.android.server.stats.StatsCompanion$Lifecycle
05-18 15:39:06.279   544   544 I SystemServerTiming: OnBootPhase_600_com.android.server.stats.pull.StatsPullAtomService
05-18 15:39:06.279   544   544 I SystemServerTiming: OnBootPhase_600_com.android.server.incident.IncidentCompanionService
05-18 15:39:06.279   544   544 I SystemServerTiming: OnBootPhase_600_com.android.server.MmsServiceBroker
05-18 15:39:06.279   544   544 I SystemServerTiming: OnBootPhase_600_com.android.server.autofill.AutofillManagerService
05-18 15:39:06.280   544   544 I SystemServerTiming: OnBootPhase_600_com.android.server.clipboard.ClipboardService
05-18 15:39:06.280   544   544 I SystemServerTiming: OnBootPhase_600_com.android.server.appbinding.AppBindingService$Lifecycle
05-18 15:39:06.280   544   544 I SystemServerTiming: OnBootPhase_600_com.android.server.policy.PermissionPolicyService
05-18 15:39:06.280   544   544 I SystemServerTiming: OnBootPhase_600_com.android.server.pm.StagingManager$Lifecycle
05-18 15:39:06.280   544   544 I SystemServerTiming: StartNetworkStack
05-18 15:39:06.280   544   544 D ConnectivityModuleConnector: Starting networking module android.net.INetworkStackConnector
05-18 15:39:06.280   544   544 D ConnectivityModuleConnector: Starting networking module in network_stack process
05-18 15:39:06.280   544   544 D CompatibilityChangeReporter: Compat change id reported: 135634846; UID 1073; state: DISABLED
05-18 15:39:06.281   544   544 D ConnectivityModuleConnector: Networking module service start requested
05-18 15:39:06.281   544   544 I SystemServerTiming: StartTethering
05-18 15:39:06.281   544   544 D ConnectivityModuleConnector: Starting networking module android.net.ITetheringConnector
05-18 15:39:06.281   544   544 D ConnectivityModuleConnector: Starting networking module in network_stack process
05-18 15:39:06.281   544   544 D ConnectivityModuleConnector: Networking module service start requested
05-18 15:39:06.281   544   544 I SystemServerTiming: MakeCountryDetectionServiceReady
05-18 15:39:06.281   544   544 I SystemServerTiming: MakeNetworkTimeUpdateReady
05-18 15:39:06.283   544   544 D ConnectivityService: requestNetwork for uid/pid:1000/544 NetworkRequest [ TRACK_DEFAULT id=8, [ Capabilities: INTERNET&NOT_RESTRICTED&TRUSTED Uid: 1000 AdministratorUids: [] RequestorUid: 1000 RequestorPackageName: android] ]
05-18 15:39:06.283   544   544 I SystemServerTiming: MakeInputManagerServiceReady
05-18 15:39:06.284   544   544 I SystemServerTiming: MakeTelephonyRegistryReady
05-18 15:39:06.284   544   544 I SystemServerTiming: MakeMediaRouterServiceReady
05-18 15:39:06.284   544   544 I SystemServerTiming: MakeMmsServiceReady
05-18 15:39:06.284   544   544 I MmsServiceBroker: Delay connecting to MmsService until an API is called
05-18 15:39:06.284   544   544 I SystemServerTiming: IncidentDaemonReady
05-18 15:39:06.284   544   634 D ConnectivityService: NetReassign [no changes]
05-18 15:39:06.285   544   544 I SystemServerTiming: MakeIncrementalServiceReady
05-18 15:39:06.285   544   544 I SystemServerTiming: getCurrentUser
05-18 15:39:06.285   544   544 I ActivityManager: Current user:0
05-18 15:39:06.285   544   544 I SystemServerTiming: ActivityManagerStartApps
05-18 15:39:06.285   544   544 I SystemServerTiming: ssm.StartUser-0
05-18 15:39:06.285   544   544 I SystemServiceManager: Calling onStartUser 0
05-18 15:39:06.285   544   544 I SystemServerTiming: ssm.onStartUser-0_com.android.server.security.FileIntegrityService
05-18 15:39:06.285   544   544 I SystemServerTiming: ssm.onStartUser-0_com.android.server.pm.Installer
05-18 15:39:06.285   544   544 I SystemServerTiming: ssm.onStartUser-0_com.android.server.os.DeviceIdentifiersPolicyService
05-18 15:39:06.285   544   544 I SystemServerTiming: ssm.onStartUser-0_com.android.server.uri.UriGrantsManagerService$Lifecycle
05-18 15:39:06.285   544   544 I SystemServerTiming: ssm.onStartUser-0_com.android.server.wm.ActivityTaskManagerService$Lifecycle
05-18 15:39:06.285   544   544 I SystemServerTiming: ssm.onStartUser-0_com.android.server.am.ActivityManagerService$Lifecycle
05-18 15:39:06.285   544   544 I SystemServerTiming: ssm.onStartUser-0_com.android.server.pm.DataLoaderManagerService
05-18 15:39:06.285   544   544 I SystemServerTiming: ssm.onStartUser-0_com.android.server.power.PowerManagerService
05-18 15:39:06.285   544   544 I SystemServerTiming: ssm.onStartUser-0_com.android.server.power.ThermalManagerService
05-18 15:39:06.285   544   544 I SystemServerTiming: ssm.onStartUser-0_com.android.server.recoverysystem.RecoverySystemService$Lifecycle
05-18 15:39:06.285   544   544 I SystemServerTiming: ssm.onStartUser-0_com.android.server.lights.LightsService
05-18 15:39:06.285   544   544 I SystemServerTiming: ssm.onStartUser-0_com.android.server.display.DisplayManagerService
05-18 15:39:06.285   544   544 I SystemServerTiming: ssm.onStartUser-0_com.android.server.pm.UserManagerService$LifeCycle
05-18 15:39:06.285   544   544 I SystemServerTiming: ssm.onStartUser-0_com.android.server.om.OverlayManagerService
05-18 15:39:06.285   544   544 I SystemServerTiming: ssm.onStartUser-0_com.android.server.SensorPrivacyService
05-18 15:39:06.285   544   544 I SystemServerTiming: ssm.onStartUser-0_com.android.server.SystemConfigService
05-18 15:39:06.285   544   544 I SystemServerTiming: ssm.onStartUser-0_com.android.server.BatteryService
05-18 15:39:06.285   544   544 I SystemServerTiming: ssm.onStartUser-0_com.android.server.usage.UsageStatsService
05-18 15:39:06.285   544   544 I SystemServerTiming: ssm.onStartUser-0_com.android.server.webkit.WebViewUpdateService
05-18 15:39:06.285   544   544 I SystemServerTiming: ssm.onStartUser-0_com.android.server.CachedDeviceStateService
05-18 15:39:06.285   544   544 I SystemServerTiming: ssm.onStartUser-0_com.android.server.BinderCallsStatsService$LifeCycle
05-18 15:39:06.285   544   544 I SystemServerTiming: ssm.onStartUser-0_com.android.server.LooperStatsService$Lifecycle
05-18 15:39:06.285   544   544 I SystemServerTiming: ssm.onStartUser-0_com.android.server.rollback.RollbackManagerService
05-18 15:39:06.285   544   544 I SystemServerTiming: ssm.onStartUser-0_com.android.server.os.BugreportManagerService
05-18 15:39:06.285   544   544 I SystemServerTiming: ssm.onStartUser-0_com.android.server.gpu.GpuService
05-18 15:39:06.285   544   544 I SystemServerTiming: ssm.onStartUser-0_com.android.server.security.KeyChainSystemService
05-18 15:39:06.285   544   544 I SystemServerTiming: ssm.onStartUser-0_com.android.server.telecom.TelecomLoaderService
