05-18 15:39:04.932   544   544 D CompatibilityChangeReporter: Compat change id reported: 135549675; UID 1001; state: ENABLED
05-18 15:39:04.934   544   544 D CompatibilityChangeReporter: Compat change id reported: 135549675; UID 10066; state: ENABLED
05-18 15:39:04.935   544   544 D CompatibilityChangeReporter: Compat change id reported: 135549675; UID 2000; state: ENABLED
05-18 15:39:04.936   544   544 D CompatibilityChangeReporter: Compat change id reported: 135549675; UID 10067; state: ENABLED
05-18 15:39:04.937   544   544 D CompatibilityChangeReporter: Compat change id reported: 135549675; UID 10069; state: ENABLED
05-18 15:39:04.938   544   544 D CompatibilityChangeReporter: Compat change id reported: 135549675; UID 10068; state: ENABLED
05-18 15:39:04.939   544   544 D CompatibilityChangeReporter: Compat change id reported: 135549675; UID 10076; state: ENABLED
05-18 15:39:04.940   544   544 D CompatibilityChangeReporter: Compat change id reported: 135549675; UID 10071; state: ENABLED
05-18 15:39:04.941   544   544 D CompatibilityChangeReporter: Compat change id reported: 135549675; UID 10072; state: ENABLED
05-18 15:39:04.941   544   544 D CompatibilityChangeReporter: Compat change id reported: 135549675; UID 10073; state: ENABLED
05-18 15:39:04.942   544   544 D CompatibilityChangeReporter: Compat change id reported: 135549675; UID 10070; state: ENABLED
05-18 15:39:04.945   544   544 D CompatibilityChangeReporter: Compat change id reported: 135549675; UID 10075; state: ENABLED
05-18 15:39:04.949   544   544 D CompatibilityChangeReporter: Compat change id reported: 135549675; UID 10074; state: ENABLED
05-18 15:39:04.950   544   544 D CompatibilityChangeReporter: Compat change id reported: 135549675; UID 1073; state: ENABLED
05-18 15:39:04.953   544   544 D CompatibilityChangeReporter: Compat change id reported: 135549675; UID 10077; state: ENABLED
05-18 15:39:04.957   544   544 D CompatibilityChangeReporter: Compat change id reported: 135549675; UID 10078; state: ENABLED
05-18 15:39:04.958   544   544 D CompatibilityChangeReporter: Compat change id reported: 135549675; UID 10080; state: ENABLED
05-18 15:39:04.958   544   544 D CompatibilityChangeReporter: Compat change id reported: 143539591; UID -1; state: DISABLED
05-18 15:39:04.959   544   544 D CompatibilityChangeReporter: Compat change id reported: 135549675; UID 10079; state: DISABLED
05-18 15:39:04.959   544   544 D CompatibilityChangeReporter: Compat change id reported: 135549675; UID 10081; state: ENABLED
05-18 15:39:04.961   544   544 D CompatibilityChangeReporter: Compat change id reported: 135549675; UID 10085; state: ENABLED
05-18 15:39:04.961   544   544 D CompatibilityChangeReporter: Compat change id reported: 135549675; UID 1027; state: ENABLED
05-18 15:39:04.962   544   544 D CompatibilityChangeReporter: Compat change id reported: 135549675; UID 10082; state: DISABLED
05-18 15:39:04.963   544   544 D CompatibilityChangeReporter: Compat change id reported: 135549675; UID 10084; state: ENABLED
05-18 15:39:04.964   544   544 D CompatibilityChangeReporter: Compat change id reported: 135549675; UID 10083; state: ENABLED
05-18 15:39:04.964   544   544 D CompatibilityChangeReporter: Compat change id reported: 135549675; UID 10093; state: DISABLED
05-18 15:39:04.965   544   544 D CompatibilityChangeReporter: Compat change id reported: 135549675; UID 1068; state: ENABLED
05-18 15:39:04.966   544   544 D CompatibilityChangeReporter: Compat change id reported: 135549675; UID 1002; state: ENABLED
05-18 15:39:04.968   544   544 D CompatibilityChangeReporter: Compat change id reported: 135549675; UID 10087; state: ENABLED
05-18 15:39:04.969   544   544 D CompatibilityChangeReporter: Compat change id reported: 135549675; UID 10086; state: ENABLED
05-18 15:39:04.969   544   544 D CompatibilityChangeReporter: Compat change id reported: 135549675; UID 10088; state: ENABLED
05-18 15:39:04.970   544   544 D CompatibilityChangeReporter: Compat change id reported: 135549675; UID 10089; state: ENABLED
05-18 15:39:04.971   544   544 D CompatibilityChangeReporter: Compat change id reported: 135549675; UID 10090; state: ENABLED
05-18 15:39:04.971   544   544 D CompatibilityChangeReporter: Compat change id reported: 135549675; UID 10091; state: ENABLED
05-18 15:39:04.972   544   544 D CompatibilityChangeReporter: Compat change id reported: 135549675; UID 10094; state: ENABLED
05-18 15:39:04.972   544   544 D CompatibilityChangeReporter: Compat change id reported: 135549675; UID 10092; state: ENABLED
05-18 15:39:04.973   544   544 D CompatibilityChangeReporter: Compat change id reported: 135549675; UID 10095; state: ENABLED
05-18 15:39:04.976   544   544 D CompatibilityChangeReporter: Compat change id reported: 135549675; UID 10096; state: DISABLED
05-18 15:39:04.976   544   544 D CompatibilityChangeReporter: Compat change id reported: 135549675; UID 10097; state: DISABLED
05-18 15:39:04.977   544   544 D CompatibilityChangeReporter: Compat change id reported: 135549675; UID 10099; state: DISABLED
05-18 15:39:04.979   544   544 D CompatibilityChangeReporter: Compat change id reported: 135549675; UID 10100; state: ENABLED
05-18 15:39:04.983   544   544 D CompatibilityChangeReporter: Compat change id reported: 135549675; UID 10098; state: ENABLED
05-18 15:39:04.984   544   544 D CompatibilityChangeReporter: Compat change id reported: 135549675; UID 10101; state: DISABLED
05-18 15:39:04.984   544   544 D CompatibilityChangeReporter: Compat change id reported: 135549675; UID 10102; state: DISABLED
05-18 15:39:04.985   544   544 W PackageManager: Failed to scan /product/priv-app/Phonesky: Package com.android.vending at /product/priv-app/Phonesky ignored: updated version 83051710 better than this 82043300
05-18 15:39:04.986   544   544 D CompatibilityChangeReporter: Compat change id reported: 135549675; UID 10104; state: DISABLED
05-18 15:39:04.986   544   544 D CompatibilityChangeReporter: Compat change id reported: 135549675; UID 10105; state: DISABLED
05-18 15:39:04.988   544   544 D CompatibilityChangeReporter: Compat change id reported: 135549675; UID 10107; state: DISABLED
05-18 15:39:04.988   544   544 D CompatibilityChangeReporter: Compat change id reported: 135549675; UID 10106; state: DISABLED
05-18 15:39:04.989   544   544 W PackageManager: Failed to scan /product/priv-app/Velvet: Package com.google.android.googlequicksearchbox at /product/priv-app/Velvet ignored: updated version 301168633 better than this 301090655
05-18 15:39:04.989   544   544 W PackageManager: Failed to scan /product/priv-app/PrebuiltGmsCore: Package com.google.android.gms at /product/priv-app/PrebuiltGmsCore ignored: updated version 221514040 better than this 201817022
05-18 15:39:04.991   544   544 D CompatibilityChangeReporter: Compat change id reported: 135549675; UID 10110; state: DISABLED
05-18 15:39:04.992   544   544 D CompatibilityChangeReporter: Compat change id reported: 135549675; UID 10111; state: DISABLED
05-18 15:39:04.993   544   544 D CompatibilityChangeReporter: Compat change id reported: 135549675; UID 10112; state: DISABLED
05-18 15:39:04.994   544   544 D CompatibilityChangeReporter: Compat change id reported: 135549675; UID 10113; state: DISABLED
05-18 15:39:04.994   544   544 W PackageManager: Failed to scan /product/app/WebViewGoogle: Package com.google.android.webview at /product/app/WebViewGoogle ignored: updated version 460606131 better than this 410410681
05-18 15:39:04.995   544   544 D CompatibilityChangeReporter: Compat change id reported: 135549675; UID 10114; state: DISABLED
05-18 15:39:04.997   544   544 D CompatibilityChangeReporter: Compat change id reported: 135549675; UID 10116; state: ENABLED
05-18 15:39:04.999   544   544 D CompatibilityChangeReporter: Compat change id reported: 135549675; UID 10118; state: DISABLED
05-18 15:39:04.999   544   544 W PackageManager: Failed to scan /product/app/Chrome: Package com.android.chrome at /product/app/Chrome ignored: updated version 460606131 better than this 410410681
05-18 15:39:05.000   544   544 W PackageManager: Failed to scan /product/app/Videos: Package com.google.android.videos at /product/app/Videos ignored: updated version 42800473 better than this 42000078
05-18 15:39:05.000   544   544 D CompatibilityChangeReporter: Compat change id reported: 135549675; UID 10121; state: ENABLED
05-18 15:39:05.001   544   544 W PackageManager: Failed to scan /product/app/LatinIMEGooglePrebuilt: Package com.google.android.inputmethod.latin at /product/app/LatinIMEGooglePrebuilt ignored: updated version 62962515 better than this 26941123
05-18 15:39:05.002   544   544 D CompatibilityChangeReporter: Compat change id reported: 135549675; UID 10124; state: DISABLED
05-18 15:39:05.002   544   544 W PackageManager: Failed to scan /product/app/CalendarGooglePrebuilt: Package com.google.android.calendar at /product/app/CalendarGooglePrebuilt ignored: updated version 2017034908 better than this 2016607548
05-18 15:39:05.003   544   544 W PackageManager: Failed to scan /product/app/PrebuiltGmail: Package com.google.android.gm at /product/app/PrebuiltGmail ignored: updated version 62868478 better than this 62196772
05-18 15:39:05.004   544   544 D CompatibilityChangeReporter: Compat change id reported: 135549675; UID 10129; state: DISABLED
05-18 15:39:05.004   544   544 D CompatibilityChangeReporter: Compat change id reported: 135549675; UID 10127; state: ENABLED
05-18 15:39:05.005   544   544 D CompatibilityChangeReporter: Compat change id reported: 135549675; UID 10128; state: DISABLED
05-18 15:39:05.006   544   544 D CompatibilityChangeReporter: Compat change id reported: 135549675; UID 10131; state: DISABLED
05-18 15:39:05.007   544   544 D CompatibilityChangeReporter: Compat change id reported: 135549675; UID 10125; state: ENABLED
05-18 15:39:05.008   544   544 D CompatibilityChangeReporter: Compat change id reported: 135549675; UID 10132; state: ENABLED
05-18 15:39:05.009   544   544 D CompatibilityChangeReporter: Compat change id reported: 135549675; UID 10130; state: DISABLED
05-18 15:39:05.009   544   544 D CompatibilityChangeReporter: Compat change id reported: 135549675; UID 10122; state: ENABLED
05-18 15:39:05.010   544   544 D CompatibilityChangeReporter: Compat change id reported: 135549675; UID 10134; state: DISABLED
05-18 15:39:05.011   544   544 D CompatibilityChangeReporter: Compat change id reported: 135549675; UID 10133; state: DISABLED
05-18 15:39:05.012   544   544 D CompatibilityChangeReporter: Compat change id reported: 135549675; UID 10135; state: DISABLED
05-18 15:39:05.013   544   544 D CompatibilityChangeReporter: Compat change id reported: 135549675; UID 10138; state: ENABLED
05-18 15:39:05.014   544   544 W PackageManager: Failed to scan /system_ext/priv-app/WallpaperPickerGooglePrebuilt: Package com.google.android.apps.wallpaper at /system_ext/priv-app/WallpaperPickerGooglePrebuilt ignored: updated version 200000010 better than this 200000002
05-18 15:39:05.015   544   544 D CompatibilityChangeReporter: Compat change id reported: 135549675; UID 10136; state: ENABLED
05-18 15:39:05.015   544   544 D CompatibilityChangeReporter: Compat change id reported: 135549675; UID 10139; state: ENABLED
05-18 15:39:05.017   544   544 D CompatibilityChangeReporter: Compat change id reported: 135549675; UID 10140; state: ENABLED
05-18 15:39:05.017   544   544 D CompatibilityChangeReporter: Compat change id reported: 135549675; UID 10143; state: ENABLED
05-18 15:39:05.018   544   544 W PackageManager: Skipping provider name com.android.car.ui.CarUiInstaller (in package com.google.android.gsf): name already used by com.android.managedprovisioning
05-18 15:39:05.018   544   544 D CompatibilityChangeReporter: Compat change id reported: 135549675; UID 10109; state: ENABLED
05-18 15:39:05.020   544   544 D CompatibilityChangeReporter: Compat change id reported: 135549675; UID 10144; state: ENABLED
05-18 15:39:05.020   544   544 D CompatibilityChangeReporter: Compat change id reported: 135549675; UID 10142; state: ENABLED
05-18 15:39:05.023   544   544 D CompatibilityChangeReporter: Compat change id reported: 135549675; UID 10141; state: ENABLED
05-18 15:39:05.024   544   544 D CompatibilityChangeReporter: Compat change id reported: 135549675; UID 10145; state: ENABLED
05-18 15:39:05.026   544   544 D CompatibilityChangeReporter: Compat change id reported: 135549675; UID 10152; state: ENABLED
05-18 15:39:05.028   544   544 D CompatibilityChangeReporter: Compat change id reported: 135549675; UID 10146; state: ENABLED
05-18 15:39:05.030   544   544 D CompatibilityChangeReporter: Compat change id reported: 135549675; UID 10153; state: DISABLED
05-18 15:39:05.031   544   544 D CompatibilityChangeReporter: Compat change id reported: 135549675; UID 10150; state: DISABLED
05-18 15:39:05.032   544   544 D CompatibilityChangeReporter: Compat change id reported: 135549675; UID 10151; state: DISABLED
05-18 15:39:05.034   544   544 D CompatibilityChangeReporter: Compat change id reported: 135549675; UID 1073; state: DISABLED
05-18 15:39:05.035   544   544 D CompatibilityChangeReporter: Compat change id reported: 135549675; UID 10147; state: ENABLED
05-18 15:39:05.036   544   544 D CompatibilityChangeReporter: Compat change id reported: 135549675; UID 10148; state: ENABLED
05-18 15:39:05.038   544   544 D CompatibilityChangeReporter: Compat change id reported: 135549675; UID 10149; state: ENABLED
05-18 15:39:05.045   544   544 I PackageManager: Finished scanning system apps. Time: 173 ms, packageCount: 178 , timePerPackage: 0 , cached: 210
05-18 15:39:05.049   544   544 W android.permission.PermissionManager: Missing ActivityManager; assuming 1000 holds android.permission.READ_COMPAT_CHANGE_CONFIG
05-18 15:39:05.049   544   544 W android.permission.PermissionManager: Missing ActivityManager; assuming 1000 holds android.permission.LOG_COMPAT_CHANGE
05-18 15:39:05.049   544   544 D CompatibilityChangeReporter: Compat change id reported: 133396946; UID -1; state: ENABLED
05-18 15:39:05.050   544   544 D CompatibilityChangeReporter: Compat change id reported: 135549675; UID 10166; state: ENABLED
05-18 15:39:05.051   544   544 W android.permission.PermissionManager: Missing ActivityManager; assuming 1000 holds android.permission.READ_COMPAT_CHANGE_CONFIG
05-18 15:39:05.051   544   544 W android.permission.PermissionManager: Missing ActivityManager; assuming 1000 holds android.permission.LOG_COMPAT_CHANGE
05-18 15:39:05.052   544   544 D CompatibilityChangeReporter: Compat change id reported: 135549675; UID 10154; state: ENABLED
05-18 15:39:05.054   544   544 W android.permission.PermissionManager: Missing ActivityManager; assuming 1000 holds android.permission.READ_COMPAT_CHANGE_CONFIG
05-18 15:39:05.055   544   544 W android.permission.PermissionManager: Missing ActivityManager; assuming 1000 holds android.permission.LOG_COMPAT_CHANGE
05-18 15:39:05.055   544   544 D CompatibilityChangeReporter: Compat change id reported: 135549675; UID 10157; state: ENABLED
05-18 15:39:05.056   544   544 W PackageManager: Relax SCAN_REQUIRE_KNOWN requirement for package com.google.android.calendar
05-18 15:39:05.057   544   544 D CompatibilityChangeReporter: Compat change id reported: 135549675; UID 10123; state: ENABLED
05-18 15:39:05.057   544   544 W android.permission.PermissionManager: Missing ActivityManager; assuming 1000 holds android.permission.READ_COMPAT_CHANGE_CONFIG
05-18 15:39:05.057   544   544 W android.permission.PermissionManager: Missing ActivityManager; assuming 1000 holds android.permission.LOG_COMPAT_CHANGE
05-18 15:39:05.058   544   544 D CompatibilityChangeReporter: Compat change id reported: 135549675; UID 10160; state: ENABLED
05-18 15:39:05.058   544   544 W android.permission.PermissionManager: Missing ActivityManager; assuming 1000 holds android.permission.READ_COMPAT_CHANGE_CONFIG
05-18 15:39:05.058   544   544 W android.permission.PermissionManager: Missing ActivityManager; assuming 1000 holds android.permission.LOG_COMPAT_CHANGE
05-18 15:39:05.058   544   544 D CompatibilityChangeReporter: Compat change id reported: 135549675; UID 10159; state: ENABLED
05-18 15:39:05.059   544   544 W PackageManager: Relax SCAN_REQUIRE_KNOWN requirement for package com.google.android.webview
05-18 15:39:05.059   544   544 D CompatibilityChangeReporter: Compat change id reported: 135549675; UID 10115; state: ENABLED
05-18 15:39:05.060   544   544 W android.permission.PermissionManager: Missing ActivityManager; assuming 1000 holds android.permission.READ_COMPAT_CHANGE_CONFIG
05-18 15:39:05.060   544   544 W android.permission.PermissionManager: Missing ActivityManager; assuming 1000 holds android.permission.LOG_COMPAT_CHANGE
05-18 15:39:05.060   544   544 D CompatibilityChangeReporter: Compat change id reported: 133396946; UID -1; state: DISABLED
05-18 15:39:05.060   544   544 D CompatibilityChangeReporter: Compat change id reported: 135549675; UID 10162; state: DISABLED
05-18 15:39:05.061   544   544 W PackageManager: Relax SCAN_REQUIRE_KNOWN requirement for package com.android.chrome
05-18 15:39:05.062   544   544 D CompatibilityChangeReporter: Compat change id reported: 135549675; UID 10117; state: ENABLED
05-18 15:39:05.063   544   544 W PackageManager: Relax SCAN_REQUIRE_KNOWN requirement for package com.google.android.videos
05-18 15:39:05.064   544   544 D CompatibilityChangeReporter: Compat change id reported: 135549675; UID 10120; state: ENABLED
05-18 15:39:05.064   544   544 W PackageManager: Relax SCAN_REQUIRE_KNOWN requirement for package com.google.android.apps.wallpaper
05-18 15:39:05.065   544   544 D CompatibilityChangeReporter: Compat change id reported: 135549675; UID 10137; state: DISABLED
05-18 15:39:05.065   544   544 W android.permission.PermissionManager: Missing ActivityManager; assuming 1000 holds android.permission.READ_COMPAT_CHANGE_CONFIG
05-18 15:39:05.065   544   544 W android.permission.PermissionManager: Missing ActivityManager; assuming 1000 holds android.permission.LOG_COMPAT_CHANGE
05-18 15:39:05.066   544   544 D CompatibilityChangeReporter: Compat change id reported: 135549675; UID 10158; state: ENABLED
05-18 15:39:05.066   544   544 W android.permission.PermissionManager: Missing ActivityManager; assuming 1000 holds android.permission.READ_COMPAT_CHANGE_CONFIG
05-18 15:39:05.066   544   544 W android.permission.PermissionManager: Missing ActivityManager; assuming 1000 holds android.permission.LOG_COMPAT_CHANGE
05-18 15:39:05.067   544   544 D CompatibilityChangeReporter: Compat change id reported: 135549675; UID 10156; state: ENABLED
05-18 15:39:05.067   544   544 W android.permission.PermissionManager: Missing ActivityManager; assuming 1000 holds android.permission.READ_COMPAT_CHANGE_CONFIG
05-18 15:39:05.067   544   544 W android.permission.PermissionManager: Missing ActivityManager; assuming 1000 holds android.permission.LOG_COMPAT_CHANGE
05-18 15:39:05.067   544   544 D CompatibilityChangeReporter: Compat change id reported: 135549675; UID 10155; state: ENABLED
05-18 15:39:05.068   544   544 W android.permission.PermissionManager: Missing ActivityManager; assuming 1000 holds android.permission.READ_COMPAT_CHANGE_CONFIG
05-18 15:39:05.068   544   544 W android.permission.PermissionManager: Missing ActivityManager; assuming 1000 holds android.permission.LOG_COMPAT_CHANGE
05-18 15:39:05.068   544   544 D CompatibilityChangeReporter: Compat change id reported: 135549675; UID 10167; state: ENABLED
05-18 15:39:05.069   544   544 W PackageManager: Relax SCAN_REQUIRE_KNOWN requirement for package com.google.android.googlequicksearchbox
05-18 15:39:05.071   544   544 D CompatibilityChangeReporter: Compat change id reported: 135549675; UID 10108; state: ENABLED
05-18 15:39:05.071   544   544 W android.permission.PermissionManager: Missing ActivityManager; assuming 1000 holds android.permission.READ_COMPAT_CHANGE_CONFIG
05-18 15:39:05.071   544   544 W android.permission.PermissionManager: Missing ActivityManager; assuming 1000 holds android.permission.LOG_COMPAT_CHANGE
05-18 15:39:05.072   544   544 D CompatibilityChangeReporter: Compat change id reported: 135549675; UID 10161; state: ENABLED
05-18 15:39:05.072   544   544 W PackageManager: Relax SCAN_REQUIRE_KNOWN requirement for package com.google.android.inputmethod.latin
05-18 15:39:05.073   544   544 D CompatibilityChangeReporter: Compat change id reported: 135549675; UID 10119; state: ENABLED
05-18 15:39:05.073   544   544 W PackageManager: Relax SCAN_REQUIRE_KNOWN requirement for package com.google.android.gm
05-18 15:39:05.074   544   544 D CompatibilityChangeReporter: Compat change id reported: 135549675; UID 10126; state: ENABLED
05-18 15:39:05.075   544   544 W android.permission.PermissionManager: Missing ActivityManager; assuming 1000 holds android.permission.READ_COMPAT_CHANGE_CONFIG
05-18 15:39:05.075   544   544 W android.permission.PermissionManager: Missing ActivityManager; assuming 1000 holds android.permission.LOG_COMPAT_CHANGE
05-18 15:39:05.075   544   544 D CompatibilityChangeReporter: Compat change id reported: 135549675; UID 10164; state: ENABLED
05-18 15:39:05.075   544   544 W android.permission.PermissionManager: Missing ActivityManager; assuming 1000 holds android.permission.READ_COMPAT_CHANGE_CONFIG
05-18 15:39:05.075   544   544 W android.permission.PermissionManager: Missing ActivityManager; assuming 1000 holds android.permission.LOG_COMPAT_CHANGE
05-18 15:39:05.076   544   544 D CompatibilityChangeReporter: Compat change id reported: 135549675; UID 10163; state: ENABLED
05-18 15:39:05.076   544   544 W PackageManager: Relax SCAN_REQUIRE_KNOWN requirement for package com.android.vending
05-18 15:39:05.077   544   544 D CompatibilityChangeReporter: Compat change id reported: 135549675; UID 10103; state: ENABLED
05-18 15:39:05.078   544   544 W android.permission.PermissionManager: Missing ActivityManager; assuming 1000 holds android.permission.READ_COMPAT_CHANGE_CONFIG
05-18 15:39:05.078   544   544 W android.permission.PermissionManager: Missing ActivityManager; assuming 1000 holds android.permission.LOG_COMPAT_CHANGE
05-18 15:39:05.079   544   544 D CompatibilityChangeReporter: Compat change id reported: 135549675; UID 10165; state: DISABLED
05-18 15:39:05.079   544   544 W PackageManager: Relax SCAN_REQUIRE_KNOWN requirement for package com.google.android.gms
05-18 15:39:05.085   544   544 I PackageManager: Finished scanning non-system apps. Time: 39 ms, packageCount: 24 , timePerPackage: 1 , cached: 24
05-18 15:39:05.086   544   544 E PackageManager: Shared lib without setting: SharedLibraryInfo{name:com.google.android.trichromelibrary, type:static, version:460606131}
05-18 15:39:05.088   544   544 E PackageManager: Shared lib without setting: SharedLibraryInfo{name:com.google.android.trichromelibrary, type:static, version:460606131}
05-18 15:39:05.088   544   544 I PackageManager: Time to scan packages: 0.216 seconds
05-18 15:39:05.088   544   544 I PackageManager: Permission ownership changed. Updating all permissions.
05-18 15:39:05.097   544   544 V PackageManager: reconcileAppsData for null u0 0x1 migrateAppData=true
05-18 15:39:05.115   544   544 V PackageManager: reconcileAppsData finished 22 packages
05-18 15:39:05.115   544   544 I PackageManagerTiming: write settings
05-18 15:39:05.115   544   591 I SystemServerTimingAsync: InitThreadPoolExec:prepareAppData
05-18 15:39:05.146   544   544 I PackageManagerTiming: GC
05-18 15:39:05.194   544   544 V UserManagerService: Checking that all system packages are whitelisted.
05-18 15:39:05.194   544   544 W UserManagerService: checkWhitelistedSystemPackages(mode=ENFORCE|IMPLICIT_WHITELIST|IMPLICIT_WHITELIST_SYSTEM) has 2 warnings:
05-18 15:39:05.194   544   544 W UserManagerService: com.android.wallpapercropper is whitelisted but not present.
05-18 15:39:05.194   544   544 W UserManagerService: com.android.wallpaperpicker is whitelisted but not present.
05-18 15:39:05.194   544   544 I Watchdog: Resuming HandlerChecker: main thread for reason: packagemanagermain. Pause count: 0
05-18 15:39:05.195   544   544 I SystemServerDexLoadReporter: Configuring system server dex reporter
05-18 15:39:05.197   544   544 I SystemServerTiming: StartOtaDexOptService
05-18 15:39:05.197   544   544 I Watchdog: Pausing HandlerChecker: main thread for reason: moveab. Pause count: 1
05-18 15:39:05.197   544   544 D OTADexopt: No upgrade, skipping A/B artifacts check.
05-18 15:39:05.197   544   544 I Watchdog: Resuming HandlerChecker: main thread for reason: moveab. Pause count: 0
05-18 15:39:05.197   544   544 I SystemServerTiming: StartUserManagerService
05-18 15:39:05.197   544   544 I SystemServiceManager: Starting com.android.server.pm.UserManagerService$LifeCycle
05-18 15:39:05.197   544   544 I SystemServerTiming: InitAttributerCache
05-18 15:39:05.198   544   544 I SystemServerTiming: SetSystemProcess
05-18 15:39:05.202   418   594 I storaged: storaged: Start
05-18 15:39:05.202   544   570 I ActivityManager: Connection with lmkd established
05-18 15:39:05.203   544   544 I SystemServerTiming: InitWatchdog
05-18 15:39:05.205   544   558 E HistoricalRegistry: Interaction before persistence initialized
05-18 15:39:05.206   544   558 E HistoricalRegistry: Interaction before persistence initialized
05-18 15:39:05.211   544   544 I SystemServerTiming: StartOverlayManagerService
05-18 15:39:05.285   544   591 I PackageManager: Deferred reconcileAppsData finished 180 packages
05-18 15:39:05.288   544   544 I SystemServerTiming: StartSensorPrivacyService
05-18 15:39:05.288   544   544 I SystemServerTiming: startCoreServices
05-18 15:39:05.288   544   544 I SystemServerTiming: StartSystemConfigService
05-18 15:39:05.288   544   544 I SystemServiceManager: Starting com.android.server.SystemConfigService
05-18 15:39:05.288   544   598 I SystemServerTimingAsync: InitThreadPoolExec:StartSensorService
05-18 15:39:05.288   544   598 I SystemServerTimingAsync: StartSensorService
05-18 15:39:05.289   544   544 I SystemServerTiming: StartBatteryService
05-18 15:39:05.289   544   544 I SystemServiceManager: Starting com.android.server.BatteryService
05-18 15:39:05.291   544   574 E KernelCpuSpeedReader: Failed to read cpu-freq: /sys/devices/system/cpu/cpu1/cpufreq/stats/time_in_state: open failed: ENOENT (No such file or directory)
05-18 15:39:05.291   544   574 E KernelCpuSpeedReader: Failed to read cpu-freq: /sys/devices/system/cpu/cpu0/cpufreq/stats/time_in_state: open failed: ENOENT (No such file or directory)
05-18 15:39:05.293   544   598 E HistoricalRegistry: Interaction before persistence initialized
05-18 15:39:05.295   544   574 I BatteryStatsImpl: Resetting battery stats: level=100 status=4 dischargeLevel=100 lowAmount=0 highAmount=0
05-18 15:39:05.295   544   544 I HealthServiceWrapper: health: HealthServiceWrapper listening to instance default
05-18 15:39:05.295   544   544 I BatteryService: health: Waited 0ms and received the update.
05-18 15:39:05.295   544   544 I SystemServerTiming: StartUsageService
05-18 15:39:05.295   544   544 I SystemServiceManager: Starting com.android.server.usage.UsageStatsService
05-18 15:39:05.303   544   574 E KernelCpuSpeedReader: Failed to read cpu-freq: /sys/devices/system/cpu/cpu0/cpufreq/stats/time_in_state: open failed: ENOENT (No such file or directory)
05-18 15:39:05.303   544   574 E KernelCpuSpeedReader: Failed to read cpu-freq: /sys/devices/system/cpu/cpu1/cpufreq/stats/time_in_state: open failed: ENOENT (No such file or directory)
05-18 15:39:05.303   544   544 I SystemServerTiming: StartWebViewUpdateService
05-18 15:39:05.303   544   544 I SystemServiceManager: Starting com.android.server.webkit.WebViewUpdateService
05-18 15:39:05.304   544   544 I SystemServerTiming: StartCachedDeviceStateService
05-18 15:39:05.304   544   544 I SystemServiceManager: Starting com.android.server.CachedDeviceStateService
05-18 15:39:05.304   544   544 I SystemServerTiming: StartBinderCallsStatsService
05-18 15:39:05.304   544   544 I SystemServiceManager: Starting com.android.server.BinderCallsStatsService$LifeCycle
05-18 15:39:05.305   544   544 I SystemServerTiming: StartLooperStatsService
05-18 15:39:05.305   544   544 I SystemServiceManager: Starting com.android.server.LooperStatsService$Lifecycle
05-18 15:39:05.305   544   544 I SystemServerTiming: StartRollbackManagerService
05-18 15:39:05.305   544   544 I SystemServiceManager: Starting com.android.server.rollback.RollbackManagerService
05-18 15:39:05.307   544   544 I PackageWatchdog: Syncing state, reason: added new observer
05-18 15:39:05.307   544   544 I PackageWatchdog: Not pruning observers, elapsed time: 0ms
05-18 15:39:05.307   544   544 I PackageWatchdog: Cancelling state sync, nothing to sync
05-18 15:39:05.309   544   544 I SystemServerTiming: StartBugreportManagerService
05-18 15:39:05.309   544   544 I SystemServiceManager: Starting com.android.server.os.BugreportManagerService
05-18 15:39:05.309   544   567 I PackageWatchdog: Saving observer state to file
05-18 15:39:05.309   544   544 I SystemServerTiming: GpuService
05-18 15:39:05.309   544   544 I SystemServiceManager: Starting com.android.server.gpu.GpuService
05-18 15:39:05.309   544   544 I SystemServerTiming: startOtherServices
05-18 15:39:05.309   544   544 I SystemServerTiming: StartKeyAttestationApplicationIdProviderService
05-18 15:39:05.309   544   607 I SystemServerTimingAsync: InitThreadPoolExec:SecondaryZygotePreload
05-18 15:39:05.309   544   607 I SystemServer: SecondaryZygotePreload
05-18 15:39:05.309   544   607 I SystemServerTimingAsync: SecondaryZygotePreload
05-18 15:39:05.310   544   544 I SystemServerTiming: StartKeyChainSystemService
05-18 15:39:05.310   544   544 I SystemServiceManager: Starting com.android.server.security.KeyChainSystemService
05-18 15:39:05.310   544   544 I SystemServerTiming: StartSchedulingPolicyService
05-18 15:39:05.310   544   566 I SystemServerTimingAsync: InitThreadPoolExec:SchedulingPolicyService.<init>
05-18 15:39:05.310   544   607 E SystemServer: Unable to preload default resources
05-18 15:39:05.310   544   544 I SystemServerTiming: StartTelecomLoaderService
05-18 15:39:05.310   544   544 I SystemServiceManager: Starting com.android.server.telecom.TelecomLoaderService
05-18 15:39:05.310   544   544 I SystemServerTiming: StartTelephonyRegistry
05-18 15:39:05.311   544   544 I SystemServerTiming: StartEntropyMixer
05-18 15:39:05.323   544   544 I EntropyMixer: Added HW RNG output to entropy pool
05-18 15:39:05.323   544   544 I EntropyMixer: Writing entropy...
05-18 15:39:05.324   544   544 I SystemServerTiming: StartAccountManagerService
05-18 15:39:05.324   544   544 I SystemServiceManager: Starting com.android.server.accounts.AccountManagerService$Lifecycle
05-18 15:39:05.326   544   544 I SystemServerTiming: StartContentService
05-18 15:39:05.326   544   544 I SystemServiceManager: Starting com.android.server.content.ContentService$Lifecycle
05-18 15:39:05.327   544   544 I SystemServerTiming: InstallSystemProviders
05-18 15:39:05.355   544   544 I SystemServerTiming: StartDropBoxManager
05-18 15:39:05.355   544   544 I SystemServiceManager: Starting com.android.server.DropBoxManagerService
05-18 15:39:05.355   544   544 I SystemServerTiming: StartVibratorService
05-18 15:39:05.356   544   544 I SystemServerTiming: StartDynamicSystemService
05-18 15:39:05.357   544   544 I SystemServerTiming: StartConsumerIrService
05-18 15:39:05.357   544   544 I SystemServerTiming: StartAlarmManagerService
05-18 15:39:05.393   544   544 E HistoricalRegistry: Interaction before persistence initialized
05-18 15:39:05.394   544   544 I SystemServerTiming: StartInputManagerService
05-18 15:39:05.398   544   544 I InputManager: Initializing input manager, mUseDevInputEventForAudioJack=true
05-18 15:39:05.406   544   544 I SystemServerTiming: StartWindowManagerService
05-18 15:39:05.413   544   562 I WindowManager: No existing display settings, starting empty
05-18 15:39:05.426   544   544 I SystemServerTiming: SetWindowManagerService
05-18 15:39:05.449   544   544 I ActivityTaskManager: Loaded persisted task ids for user 0
05-18 15:39:05.453   544   544 I SystemServerTiming: WindowManagerServiceOnInitReady
05-18 15:39:05.499   544   544 I SystemServerTiming: StartInputManager
05-18 15:39:05.499   544   591 I SystemServerTimingAsync: InitThreadPoolExec:StartHidlServices
05-18 15:39:05.499   544   544 I InputManager: Starting input manager
05-18 15:39:05.499   544   591 I SystemServerTimingAsync: StartHidlServices
05-18 15:39:05.500   544   544 I SystemServerTiming: DisplayManagerWindowManagerAndInputReady
05-18 15:39:05.500   544   544 I SystemServerTiming: StartBluetoothService
05-18 15:39:05.500   544   544 I SystemServiceManager: Starting com.android.server.BluetoothService
05-18 15:39:05.502   544   544 D BluetoothManagerService: Loading stored name and address
05-18 15:39:05.502   544   544 D BluetoothManagerService: Stored bluetooth Name=sdk_gphone_x86,Address=3C:5A:B4:01:02:03
05-18 15:39:05.502   544   544 D BluetoothManagerService: Bluetooth persisted state: 1
05-18 15:39:05.502   544   544 D BluetoothManagerService: Startup: Bluetooth persisted state is ON.
05-18 15:39:05.502   544   544 D BluetoothManagerService: Detected SystemUiUid: 10144
05-18 15:39:05.502   544   544 I SystemServerTiming: IpConnectivityMetrics
05-18 15:39:05.502   544   544 I SystemServiceManager: Starting com.android.server.connectivity.IpConnectivityMetrics
05-18 15:39:05.505   544   544 I SystemServerTiming: NetworkWatchlistService
05-18 15:39:05.505   544   544 I SystemServiceManager: Starting com.android.server.net.watchlist.NetworkWatchlistService$Lifecycle
05-18 15:39:05.506   544   544 I WatchlistSettings: Reload watchlist settings done
05-18 15:39:05.506   544   617 I WatchlistLoggingHandler: Start aggregating watchlist records.
05-18 15:39:05.507   544   544 I SystemServerTiming: PinnerService
05-18 15:39:05.507   544   544 I SystemServiceManager: Starting com.android.server.PinnerService
05-18 15:39:05.507   544   544 E HistoricalRegistry: Interaction before persistence initialized
05-18 15:39:05.508   544   544 I SystemServerTiming: IorapForwardingService
05-18 15:39:05.508   544   544 I SystemServiceManager: Starting com.google.android.startop.iorap.IorapForwardingService
05-18 15:39:05.509   544   544 I SystemServerTiming: SignedConfigService
05-18 15:39:05.509   544   544 I SystemServerTiming: AppIntegrityService
05-18 15:39:05.509   544   544 I SystemServiceManager: Starting com.android.server.integrity.AppIntegrityManagerService
05-18 15:39:05.509   544   568 I DropBoxManagerService: add tag=system_server_wtf isTagEnabled=true flags=0x2
05-18 15:39:05.513   544   544 E IntegrityFileManager: Error creating staging and rules directory
05-18 15:39:05.516   544   544 I WindowManager: SAFE MODE not enabled
05-18 15:39:05.516   544   544 I SystemServerTiming: StartInputMethodManagerLifecycle
05-18 15:39:05.516   544   544 I SystemServiceManager: Starting com.android.server.inputmethod.InputMethodManagerService$Lifecycle
05-18 15:39:05.516   544   544 I SystemServerTiming: StartAccessibilityManagerService
05-18 15:39:05.516   544   544 I SystemServiceManager: Starting com.android.server.accessibility.AccessibilityManagerService$Lifecycle
05-18 15:39:05.518   544   544 I SystemServerTiming: MakeDisplayReady
05-18 15:39:05.521   544   544 I ActivityTaskManager: Config changes=20005df8 {1.0 ?mcc?mnc [en_US] ldltr sw392dp w392dp h757dp 440dpi nrml long port ?uimode ?night -touch qwerty/v/v dpad/v winConfig={ mBounds=Rect(0, 0 - 1080, 2280) mAppBounds=Rect(0, 0 - 1080, 2148) mWindowingMode=fullscreen mDisplayWindowingMode=fullscreen mActivityType=undefined mAlwaysOnTop=undefined mRotation=ROTATION_0} s.2}
05-18 15:39:05.547   544   544 I WindowManager: Override config changes=60007dfc {1.0 ?mcc?mnc [en_US] ldltr sw392dp w392dp h757dp 440dpi nrml long port ?uimode ?night -touch qwerty/v/v dpad/v winConfig={ mBounds=Rect(0, 0 - 1080, 2280) mAppBounds=Rect(0, 0 - 1080, 2148) mWindowingMode=fullscreen mDisplayWindowingMode=fullscreen mActivityType=undefined mAlwaysOnTop=undefined mRotation=ROTATION_0} s.2} for displayId=0
05-18 15:39:05.549   544   544 I ActivityTaskManager: Config changes=8 {1.0 ?mcc?mnc [en_US] ldltr sw392dp w392dp h757dp 440dpi nrml long port ?uimode ?night finger qwerty/v/v dpad/v winConfig={ mBounds=Rect(0, 0 - 1080, 2280) mAppBounds=Rect(0, 0 - 1080, 2148) mWindowingMode=fullscreen mDisplayWindowingMode=fullscreen mActivityType=undefined mAlwaysOnTop=undefined mRotation=ROTATION_0} s.4}
05-18 15:39:05.550   544   544 I WindowManager: Override config changes=8 {1.0 ?mcc?mnc [en_US] ldltr sw392dp w392dp h757dp 440dpi nrml long port ?uimode ?night finger qwerty/v/v dpad/v winConfig={ mBounds=Rect(0, 0 - 1080, 2280) mAppBounds=Rect(0, 0 - 1080, 2148) mWindowingMode=fullscreen mDisplayWindowingMode=fullscreen mActivityType=undefined mAlwaysOnTop=undefined mRotation=ROTATION_0} s.4} for displayId=0
05-18 15:39:05.550   544   544 I SystemServerTiming: StartStorageManagerService
05-18 15:39:05.550   544   544 I SystemServiceManager: Starting com.android.server.StorageManagerService$Lifecycle
05-18 15:39:05.557   544   621 D StorageManagerService: Thinking about init, mBootCompleted=false, mDaemonConnected=true
05-18 15:39:05.557   544   621 D StorageManagerService: Thinking about reset, mBootCompleted=false, mDaemonConnected=true
05-18 15:39:05.557   544   621 D StorageManagerService: Thinking about init, mBootCompleted=false, mDaemonConnected=true
05-18 15:39:05.557   544   621 D StorageManagerService: Thinking about reset, mBootCompleted=false, mDaemonConnected=true
05-18 15:39:05.557   544   544 I SystemServerTiming: StartStorageStatsService
05-18 15:39:05.557   544   544 I SystemServiceManager: Starting com.android.server.usage.StorageStatsService$Lifecycle
05-18 15:39:05.559   544   544 I SystemServerTiming: StartUiModeManager
05-18 15:39:05.559   544   544 I SystemServiceManager: Starting com.android.server.UiModeManagerService
05-18 15:39:05.559   544   598 I SystemServerTimingAsync: InitThreadPoolExec:UiModeManager.onStart
05-18 15:39:05.559   544   544 I SystemServerTiming: UpdatePackagesIfNeeded
05-18 15:39:05.559   544   544 I Watchdog: Pausing HandlerChecker: main thread for reason: dexopt. Pause count: 1
05-18 15:39:05.559   544   544 I Watchdog: Resuming HandlerChecker: main thread for reason: dexopt. Pause count: 0
05-18 15:39:05.559   544   544 I SystemServerTiming: PerformFstrimIfNeeded
05-18 15:39:05.559   544   544 W PackageManager: No disk maintenance in 263807559; running immediately
05-18 15:39:05.559   544   544 I SystemServerTiming: StartLockSettingsService
05-18 15:39:05.559   544   544 I SystemServiceManager: Starting com.android.server.locksettings.LockSettingsService$Lifecycle
05-18 15:39:05.560   544   621 I StorageManagerService: Running fstrim idle maintenance
05-18 15:39:05.562   184   622 D vold    : Starting trim of /data
05-18 15:39:05.562   184   622 W vold    : Trim failed on /data: Operation not supported on transport endpoint
05-18 15:39:05.562   184   622 D vold    : Starting trim of /metadata
05-18 15:39:05.562   184   622 W vold    : Trim failed on /metadata: Operation not supported on transport endpoint
05-18 15:39:05.562   184   622 D vold    : Starting trim of none
05-18 15:39:05.562   184   622 W vold    : Failed to open none: No such file or directory
05-18 15:39:05.568   544   544 I SystemServerTiming: StartTestHarnessMode
05-18 15:39:05.568   544   544 I SystemServiceManager: Starting com.android.server.testharness.TestHarnessModeService
05-18 15:39:05.569   544   544 I OemLock : OemLock HAL not present on device
05-18 15:39:05.569   544   544 I SystemServerTiming: StartDeviceIdleController
05-18 15:39:05.569   544   544 I SystemServiceManager: Starting com.android.server.DeviceIdleController
05-18 15:39:05.573   544   544 I SystemServerTiming: StartDevicePolicyManager
05-18 15:39:05.573   544   544 I SystemServiceManager: Starting com.android.server.devicepolicy.DevicePolicyManagerService$Lifecycle
05-18 15:39:05.591   544   544 I DevicePolicyManager: Set ro.organization_owned property to false
05-18 15:39:05.593   544   544 I SystemServerTiming: StartStatusBarManagerService
05-18 15:39:05.593   544   544 I SystemServerTiming: StartContentCaptureService
05-18 15:39:05.594   544   544 I SystemServiceManager: Starting com.android.server.contentcapture.ContentCaptureManagerService
05-18 15:39:05.596   544   544 D SystemServer: AttentionService is not configured on this device
05-18 15:39:05.596   544   544 I SystemServerTiming: StartSystemCaptionsManagerService
05-18 15:39:05.597   544   544 I SystemServiceManager: Starting com.android.server.systemcaptions.SystemCaptionsManagerService
05-18 15:39:05.597   544   544 I SystemServerTiming: StartAppPredictionService
05-18 15:39:05.597   544   544 I SystemServiceManager: Starting com.android.server.appprediction.AppPredictionManagerService
05-18 15:39:05.597   544   544 I SystemServerTiming: StartContentSuggestionsService
05-18 15:39:05.597   544   544 I SystemServiceManager: Starting com.android.server.contentsuggestions.ContentSuggestionsManagerService
05-18 15:39:05.597   544   544 I SystemServerTiming: InitConnectivityModuleConnector
05-18 15:39:05.597   544   544 D ConnectivityModuleConnector: Network stack init
05-18 15:39:05.598   544   544 I SystemServerTiming: InitNetworkStackClient
05-18 15:39:05.599   544   544 I SystemServerTiming: StartNetworkManagementService
05-18 15:39:05.604   544   544 I SystemServerTiming: StartIpSecService
05-18 15:39:05.605   544   544 I SystemServerTiming: StartTextServicesManager
05-18 15:39:05.605   544   544 I SystemServiceManager: Starting com.android.server.textservices.TextServicesManagerService$Lifecycle
05-18 15:39:05.605   544   544 I SystemServerTiming: StartTextClassificationManagerService
05-18 15:39:05.605   544   544 I SystemServiceManager: Starting com.android.server.textclassifier.TextClassificationManagerService$Lifecycle
05-18 15:39:05.605   544   544 I SystemServerTiming: StartNetworkScoreService
05-18 15:39:05.605   544   544 I SystemServiceManager: Starting com.android.server.NetworkScoreService$Lifecycle
05-18 15:39:05.606   544   544 I SystemServerTiming: StartNetworkStatsService
05-18 15:39:05.606   544   544 I SystemServerTiming: StartNetworkPolicyManagerService
05-18 15:39:05.612   544   544 I SystemServerTiming: StartWifi
05-18 15:39:05.626   544   544 I SystemServiceManager: Starting com.android.server.wifi.WifiService
05-18 15:39:05.697   544   544 E HistoricalRegistry: Interaction before persistence initialized
05-18 15:39:05.703   544   544 I SystemServerTiming: StartWifiScanning
05-18 15:39:05.703   544   544 I SystemServiceManager: Starting com.android.server.wifi.scanner.WifiScanningService
05-18 15:39:05.704   544   544 I SystemServerTiming: StartWifiP2P
05-18 15:39:05.705   544   544 I SystemServiceManager: Starting com.android.server.wifi.p2p.WifiP2pService
05-18 15:39:05.710   544   544 I SystemServerTiming: StartConnectivityService
05-18 15:39:05.720   544   544 D ConnectivityService: ConnectivityService starting up
05-18 15:39:05.721   544   544 D ConnectivityService: wifiOnly=false
05-18 15:39:05.724   544   544 I SystemServerTiming: StartNsdService
05-18 15:39:05.727   544   544 D NsdService: Network service discovery is enabled
05-18 15:39:05.728   544   544 I SystemServerTiming: StartSystemUpdateManagerService
05-18 15:39:05.728   544   544 I SystemUpdateManagerService: No existing info file /data/system/system-update-info.xml
05-18 15:39:05.728   544   544 I SystemServerTiming: StartUpdateLockService
05-18 15:39:05.729   544   544 I SystemServerTiming: StartNotificationManager
05-18 15:39:05.729   544   544 I SystemServiceManager: Starting com.android.server.notification.NotificationManagerService
05-18 15:39:05.740   544   544 D ConditionProviders.SCP: new ScheduleConditionProvider()
05-18 15:39:05.747   544   544 I NotificationListeners: Read notification listener permissions from xml
05-18 15:39:05.747   544   544 I NotificationAssistants: Read notification assistant permissions from xml
05-18 15:39:05.748   544   544 I ConditionProviders: Read condition provider permissions from xml
05-18 15:39:05.748   544   544 I ConditionProviders: Read condition provider permissions from xml
05-18 15:39:05.748   544   544 D NotificationAssistants: Approving default notification assistant for user 0
05-18 15:39:05.748   544   544 I ConditionProviders:  Allowing condition provider com.google.android.ext.services/android.ext.services.notification.Assistant
05-18 15:39:05.748   544   544 V ConditionProviders: enabling condition provider for 0: ComponentInfo{com.google.android.apps.wellbeing/com.google.android.apps.wellbeing.dnd.impl.DndConditionProviderService}
05-18 15:39:05.748   544   544 V ConditionProviders: binding: Intent { act=android.service.notification.ConditionProviderService cmp=com.google.android.apps.wellbeing/.dnd.impl.DndConditionProviderService (has extras) }
05-18 15:39:05.752   544   544 I SystemServerTiming: StartDeviceMonitor
05-18 15:39:05.752   544   544 I SystemServiceManager: Starting com.android.server.storage.DeviceStorageMonitorService
05-18 15:39:05.754   544   544 I SystemServerTiming: StartLocationManagerService
05-18 15:39:05.754   544   544 I SystemServiceManager: Starting com.android.server.location.LocationManagerService$Lifecycle
05-18 15:39:05.757   544   544 I SystemServerTiming: StartCountryDetectorService
05-18 15:39:05.757   544   544 I SystemServerTiming: StartTimeDetectorService
05-18 15:39:05.757   544   544 I SystemServiceManager: Starting com.android.server.timedetector.TimeDetectorService$Lifecycle
05-18 15:39:05.757   544   544 I SystemServerTiming: StartTimeZoneDetectorService
05-18 15:39:05.757   544   544 I SystemServiceManager: Starting com.android.server.timezonedetector.TimeZoneDetectorService$Lifecycle
05-18 15:39:05.757   544   544 I SystemServerTiming: StartSearchManagerService
05-18 15:39:05.758   544   544 I SystemServiceManager: Starting com.android.server.search.SearchManagerService$Lifecycle
05-18 15:39:05.758   544   544 I SystemServerTiming: StartWallpaperManagerService
05-18 15:39:05.758   544   544 I SystemServiceManager: Starting com.android.server.wallpaper.WallpaperManagerService$Lifecycle
05-18 15:39:05.758   544   544 I SystemServerTiming: StartAudioService
05-18 15:39:05.758   544   544 I SystemServiceManager: Starting com.android.server.audio.AudioService$Lifecycle
05-18 15:39:05.791   544   544 I SystemServerTiming: StartSoundTriggerMiddlewareService
05-18 15:39:05.791   544   544 I SystemServiceManager: Starting com.android.server.soundtrigger_middleware.SoundTriggerMiddlewareService$Lifecycle
05-18 15:39:05.794   544   544 I SystemServerTiming: StartDockObserver
05-18 15:39:05.794   544   544 I SystemServiceManager: Starting com.android.server.DockObserver
05-18 15:39:05.794   544   544 W DockObserver: This kernel does not have dock station support
05-18 15:39:05.795   544   544 I SystemServerTiming: StartWiredAccessoryManager
05-18 15:39:05.796   544   544 W WiredAccessoryManager: This kernel does not have usb audio support
05-18 15:39:05.796   544   544 W WiredAccessoryManager: This kernel does not have HDMI audio support
05-18 15:39:05.796   544   544 I SystemServerTiming: StartMidiManager
05-18 15:39:05.796   544   544 I SystemServiceManager: Starting com.android.server.midi.MidiService$Lifecycle
05-18 15:39:05.796   544   544 I SystemServerTiming: StartAdbService
05-18 15:39:05.796   544   544 I SystemServiceManager: Starting com.android.server.adb.AdbService$Lifecycle
05-18 15:39:05.796   544   544 I SystemServerTiming: StartUsbService
05-18 15:39:05.796   544   544 I SystemServiceManager: Starting com.android.server.usb.UsbService$Lifecycle
05-18 15:39:05.796   544   544 I SystemServerTiming: StartSerialService
05-18 15:39:05.796   544   607 I SystemServerTimingAsync: InitThreadPoolExec:UsbService$Lifecycle#onStart
05-18 15:39:05.797   544   544 I SystemServerTiming: StartHardwarePropertiesManagerService
05-18 15:39:05.798   544   607 E UsbDeviceManager: failed to write to /sys/class/android_usb/android0/f_rndis/ethaddr
05-18 15:39:05.798   544   544 I SystemServerTiming: StartTwilightService
05-18 15:39:05.798   544   544 I SystemServiceManager: Starting com.android.server.twilight.TwilightService
05-18 15:39:05.798   544   544 I SystemServerTiming: StartColorDisplay
05-18 15:39:05.798   544   544 I SystemServiceManager: Starting com.android.server.display.color.ColorDisplayService
05-18 15:39:05.800   544   544 I SystemServerTiming: StartJobScheduler
05-18 15:39:05.800   544   544 I SystemServiceManager: Starting com.android.server.job.JobSchedulerService
05-18 15:39:05.800   544   607 I UsbDeviceManager: USB GADGET HAL not present in the device
05-18 15:39:05.800   544   607 I UsbDeviceManager: java.util.NoSuchElementException
05-18 15:39:05.800   544   607 I UsbDeviceManager: 	at android.os.HwBinder.getService(Native Method)
05-18 15:39:05.800   544   607 I UsbDeviceManager: 	at android.hardware.usb.gadget.V1_0.IUsbGadget.getService(IUsbGadget.java:55)
05-18 15:39:05.800   544   607 I UsbDeviceManager: 	at android.hardware.usb.gadget.V1_0.IUsbGadget.getService(IUsbGadget.java:62)
05-18 15:39:05.800   544   607 I UsbDeviceManager: 	at com.android.server.usb.UsbDeviceManager.<init>(UsbDeviceManager.java:265)
05-18 15:39:05.800   544   607 I UsbDeviceManager: 	at com.android.server.usb.UsbService.<init>(UsbService.java:178)
05-18 15:39:05.800   544   607 I UsbDeviceManager: 	at com.android.server.usb.UsbService$Lifecycle.lambda$onStart$0$UsbService$Lifecycle(UsbService.java:92)
05-18 15:39:05.800   544   607 I UsbDeviceManager: 	at com.android.server.usb.-$$Lambda$UsbService$Lifecycle$KjOG0MXO3C0J-L5Ymrj6FnSwXwQ.run(Unknown Source:2)
