05-18 15:39:08.835   544   562 I ActivityManagerTiming: OnBootPhase_1000_com.android.server.textservices.TextServicesManagerService$Lifecycle
05-18 15:39:08.835   544   562 I ActivityManagerTiming: OnBootPhase_1000_com.android.server.textclassifier.TextClassificationManagerService$Lifecycle
05-18 15:39:08.835   544   562 I ActivityManagerTiming: OnBootPhase_1000_com.android.server.NetworkScoreService$Lifecycle
05-18 15:39:08.835   544   562 I ActivityManagerTiming: OnBootPhase_1000_com.android.server.wifi.WifiService
05-18 15:39:08.836   544   562 I ActivityManagerTiming: OnBootPhase_1000_com.android.server.wifi.scanner.WifiScanningService
05-18 15:39:08.836   544   562 I ActivityManagerTiming: OnBootPhase_1000_com.android.server.wifi.p2p.WifiP2pService
05-18 15:39:08.836   544   562 I ActivityManagerTiming: OnBootPhase_1000_com.android.server.notification.NotificationManagerService
05-18 15:39:08.836   544   562 I ActivityManagerTiming: OnBootPhase_1000_com.android.server.storage.DeviceStorageMonitorService
05-18 15:39:08.836   544   562 I ActivityManagerTiming: OnBootPhase_1000_com.android.server.location.LocationManagerService$Lifecycle
05-18 15:39:08.836   544   562 I ActivityManagerTiming: OnBootPhase_1000_com.android.server.timedetector.TimeDetectorService$Lifecycle
05-18 15:39:08.836   544   562 I ActivityManagerTiming: OnBootPhase_1000_com.android.server.timezonedetector.TimeZoneDetectorService$Lifecycle
05-18 15:39:08.836   544   562 I ActivityManagerTiming: OnBootPhase_1000_com.android.server.search.SearchManagerService$Lifecycle
05-18 15:39:08.836   544   562 I ActivityManagerTiming: OnBootPhase_1000_com.android.server.wallpaper.WallpaperManagerService$Lifecycle
05-18 15:39:08.836   544   562 I ActivityManagerTiming: OnBootPhase_1000_com.android.server.audio.AudioService$Lifecycle
05-18 15:39:08.837   544   604 I PackageWatchdog: Scheduling 10 polls to check and mitigate native crashes
05-18 15:39:08.837   544   562 I ActivityManagerTiming: OnBootPhase_1000_com.android.server.soundtrigger_middleware.SoundTriggerMiddlewareService$Lifecycle
05-18 15:39:08.837   544   562 I ActivityManagerTiming: OnBootPhase_1000_com.android.server.DockObserver
05-18 15:39:08.837   544   562 I ActivityManagerTiming: OnBootPhase_1000_com.android.server.midi.MidiService$Lifecycle
05-18 15:39:08.837   544   562 I ActivityManagerTiming: OnBootPhase_1000_com.android.server.adb.AdbService$Lifecycle
05-18 15:39:08.837   544   562 I ActivityManagerTiming: OnBootPhase_1000_com.android.server.usb.UsbService$Lifecycle
05-18 15:39:08.837   544   621 I StorageManagerService: Reset vold
05-18 15:39:08.837   544   562 I ActivityManagerTiming: OnBootPhase_1000_com.android.server.twilight.TwilightService
05-18 15:39:08.838   184   184 I vold    : onUserAdded: 0
05-18 15:39:08.838   544   562 I ActivityManagerTiming: OnBootPhase_1000_com.android.server.display.color.ColorDisplayService
05-18 15:39:08.838   544   562 I ActivityManagerTiming: OnBootPhase_1000_com.android.server.job.JobSchedulerService
05-18 15:39:08.838   544   562 I ActivityManagerTiming: OnBootPhase_1000_com.android.server.soundtrigger.SoundTriggerService
05-18 15:39:08.838   544   562 D SoundTriggerService: onBootPhase: 1000 : false
05-18 15:39:08.838   544   562 I ActivityManagerTiming: OnBootPhase_1000_com.android.server.trust.TrustManagerService
05-18 15:39:08.838   544   562 I ActivityManagerTiming: OnBootPhase_1000_com.android.server.backup.BackupManagerService$Lifecycle
05-18 15:39:08.838   544   562 I ActivityManagerTiming: OnBootPhase_1000_com.android.server.appwidget.AppWidgetService
05-18 15:39:08.838   544   562 I ActivityManagerTiming: OnBootPhase_1000_com.android.server.role.RoleManagerService
05-18 15:39:08.838   544   562 I ActivityManagerTiming: OnBootPhase_1000_com.android.server.voiceinteraction.VoiceInteractionManagerService
05-18 15:39:08.839   544   562 I ActivityManagerTiming: OnBootPhase_1000_com.android.server.GestureLauncherService
05-18 15:39:08.839   544   562 I ActivityManagerTiming: OnBootPhase_1000_com.android.server.SensorNotificationService
05-18 15:39:08.840   544   562 I ActivityManagerTiming: OnBootPhase_1000_com.android.server.emergency.EmergencyAffordanceService
05-18 15:39:08.840   544   562 I ActivityManagerTiming: OnBootPhase_1000_com.android.server.dreams.DreamManagerService
05-18 15:39:08.840   544   562 I ActivityManagerTiming: OnBootPhase_1000_com.android.server.blob.BlobStoreManagerService
05-18 15:39:08.840   544   562 I ActivityManagerTiming: OnBootPhase_1000_com.android.server.print.PrintManagerService
05-18 15:39:08.840   544   562 I ActivityManagerTiming: OnBootPhase_1000_com.android.server.companion.CompanionDeviceManagerService
05-18 15:39:08.840   544   562 I ActivityManagerTiming: OnBootPhase_1000_com.android.server.restrictions.RestrictionsManagerService
05-18 15:39:08.840   544   562 I ActivityManagerTiming: OnBootPhase_1000_com.android.server.media.MediaSessionService
05-18 15:39:08.840   544   562 I ActivityManagerTiming: OnBootPhase_1000_com.android.server.media.MediaResourceMonitorService
05-18 15:39:08.840   544   562 I ActivityManagerTiming: OnBootPhase_1000_com.android.server.biometrics.fingerprint.FingerprintService
05-18 15:39:08.840   544   562 I ActivityManagerTiming: OnBootPhase_1000_com.android.server.biometrics.BiometricService
05-18 15:39:08.840   544   562 I ActivityManagerTiming: OnBootPhase_1000_com.android.server.biometrics.AuthService
05-18 15:39:08.840   544   562 I ActivityManagerTiming: OnBootPhase_1000_com.android.server.pm.ShortcutService$Lifecycle
05-18 15:39:08.840   544   562 I ActivityManagerTiming: OnBootPhase_1000_com.android.server.pm.LauncherAppsService
05-18 15:39:08.841   544   562 I ActivityManagerTiming: OnBootPhase_1000_com.android.server.pm.CrossProfileAppsService
05-18 15:39:08.841   544   562 I ActivityManagerTiming: OnBootPhase_1000_com.android.server.people.PeopleService
05-18 15:39:08.841   544   562 I ActivityManagerTiming: OnBootPhase_1000_com.android.server.media.projection.MediaProjectionManagerService
05-18 15:39:08.841   544   562 I ActivityManagerTiming: OnBootPhase_1000_com.android.server.slice.SliceManagerService$Lifecycle
05-18 15:39:08.841   544   562 I ActivityManagerTiming: OnBootPhase_1000_com.android.server.camera.CameraServiceProxy
05-18 15:39:08.841   544   562 I ActivityManagerTiming: OnBootPhase_1000_com.android.server.stats.StatsCompanion$Lifecycle
05-18 15:39:08.841   544   562 I ActivityManagerTiming: OnBootPhase_1000_com.android.server.stats.pull.StatsPullAtomService
05-18 15:39:08.841   544   562 I ActivityManagerTiming: OnBootPhase_1000_com.android.server.incident.IncidentCompanionService
05-18 15:39:08.841   544   562 I ActivityManagerTiming: OnBootPhase_1000_com.android.server.MmsServiceBroker
05-18 15:39:08.841   544   562 I ActivityManagerTiming: OnBootPhase_1000_com.android.server.autofill.AutofillManagerService
05-18 15:39:08.841   544   562 I ActivityManagerTiming: OnBootPhase_1000_com.android.server.clipboard.ClipboardService
05-18 15:39:08.841   544   562 I ActivityManagerTiming: OnBootPhase_1000_com.android.server.appbinding.AppBindingService$Lifecycle
05-18 15:39:08.841   544   562 I ActivityManagerTiming: OnBootPhase_1000_com.android.server.policy.PermissionPolicyService
05-18 15:39:08.841   544   562 I ActivityManagerTiming: OnBootPhase_1000_com.android.server.pm.StagingManager$Lifecycle
05-18 15:39:08.841   544   562 D ActivityManagerTiming: TotalBootTime took to complete: 4538ms
05-18 15:39:08.841   544   562 D SystemServerInitThreadPool: Shutdown requested
05-18 15:39:08.841   544   562 I SystemServerTiming: WaitInitThreadPoolShutdown
05-18 15:39:08.842   544   559 E AdbDebuggingManager: Expected keyStore, but got tag=null
05-18 15:39:08.843   544   559 E AdbDebuggingManager: Expected keyStore, but got tag=null
05-18 15:39:08.843   544   562 D SystemServerInitThreadPool: Shutdown successful
05-18 15:39:08.844   544   562 D CompatibilityChangeReporter: Compat change id reported: 135634846; UID 10107; state: DISABLED
05-18 15:39:08.844   544   569 D CompatibilityChangeReporter: Compat change id reported: 143937733; UID 10107; state: DISABLED
05-18 15:39:08.848   544   562 I ActivityManager: User 0 state changed from BOOTING to RUNNING_LOCKED
05-18 15:39:08.848   544   562 W ActivityManager: UserLifecycleEvent 4 received without an active userJourneySession.
05-18 15:39:08.856   544   562 D StorageManagerService: unlockUserKey: 0 isFileEncryptedNativeOrEmulated: true hasToken: false hasSecret: false
05-18 15:39:08.856   184   184 D vold    : fscrypt_unlock_user_key 0 serial=0 token_present=0
05-18 15:39:08.857   184   184 D vold    : Skipping non-key .
05-18 15:39:08.857   184   184 D vold    : Skipping non-key ..
05-18 15:39:08.857   184   184 D vold    : Trying user CE key /data/misc/vold/user_keys/ce/0/current
05-18 15:39:08.859   544  1311 D AdbDebuggingManager: Received connected key message: QAAAADF42aMvH5Vx/BojiMTYrv73Yi2M8DyBR8W5K1I0/S0jvy0dfV/cPWlzIhiDbjr4kkTKDC73nCttEVETXdHH5jCnjPGuak3RjRfz+eOhFfzwA8RQsLIsd7YOcQJBvW+V0UaMqkTUtRdAEW3tfBlVsZdjQGIqCXSNw8tLjqItf86LIWVsVK5b3e4Vs5R8Z9TUdYc/vr9fFUfR9LMG9KwwjtUztqWHNtbPoSwMn0RRjzY6F4J8kO5g5ohQxd5lkKoI1dBfRCUHYroY37Udg3ooBoJ6gZmi0GnUFgTg1MYmzGXgFJAbHi+IHAEBP7HeZCWc01CoCIs2KMpPlqOxBTftvGw+jt6qdsk6T+TUIlD7OqNotEd24Rtmyj53QSPJTM5DbFgYjwi6RhFb0k/j+uB1xqe1btCsieM2WQ32sI43JMrV6x6J3zx/l8PDqwWmnweUhe++3HCoqg3UiTYAamN+iETWHsVwEiOdtsDLlsSXhMHSF8TJrDgbQ40Q8Oj2saL8FEUyUXiv+ss7t6F4Kbo8xsQT0Xxxv1Ngye+h6Cj/qLdJ2NdTzC6FA30qsv3pRR42HCZMeYY4QcGDuij5cpg4K/AFku7jiHp0UTvDUStASa0XqptT21i4/3vevNpDDhnfAKvrTRYipD4C2CtyNUsMFeug6CgeT51BNIsUJOd0bDOZQbfNPAEAAQA= bence@tailorbook
05-18 15:39:08.869   184   184 I vold    : List of Keymaster HALs found:
05-18 15:39:08.869   184   184 I vold    : Keymaster HAL #1: SoftwareKeymasterDevice from Google SecurityLevel: SOFTWARE HAL: android.hardware.keymaster@4.1::IKeymasterDevice/default
05-18 15:39:08.869   184   184 I vold    : Using SoftwareKeymasterDevice from Google for encryption.  Security level: SOFTWARE, HAL: android.hardware.keymaster@4.1::IKeymasterDevice/default
05-18 15:39:08.870   184   184 D vold    : Successfully retrieved key
05-18 15:39:08.871   184   184 D vold    : Installed fscrypt key with ref c39d3ee02f3fd4747e360e29c1f4da9a to /data
05-18 15:39:08.871   184   184 D vold    : Added fscrypt-provisioning key for c39d3ee02f3fd4747e360e29c1f4da9a to session keyring
05-18 15:39:08.871   184   184 D vold    : Installed ce key for user 0
05-18 15:39:08.872   544   562 W ActivityManager: UserLifecycleEvent 5 received without an active userJourneySession.
05-18 15:39:08.872   544   562 D ActivityManager: Started unlocking user 0
05-18 15:39:08.873   544   562 D ActivityManager: Unlocking user 0 progress 0
05-18 15:39:08.873   544   562 D ActivityManager: Unlocking user 0 progress 5
05-18 15:39:08.873   544   562 E UserspaceRebootLogger: Userspace reboot is not supported.
05-18 15:39:08.874   544   569 I ActivityManager: Start proc 1314:com.google.android.apps.wellbeing/u0a107 for on-hold
05-18 15:39:08.888   544   562 I ActivityTaskManager: Config changes=400 {1.0 310mcc260mnc [en_US] ldltr sw392dp w392dp h732dp 440dpi nrml long port night finger qwerty/v/v dpad/v winConfig={ mBounds=Rect(0, 0 - 1080, 2280) mAppBounds=Rect(0, 0 - 1080, 2148) mWindowingMode=fullscreen mDisplayWindowingMode=fullscreen mActivityType=undefined mAlwaysOnTop=undefined mRotation=ROTATION_0} s.19}
05-18 15:39:08.910   544   562 I WindowManager: Override config changes=400 {1.0 310mcc260mnc [en_US] ldltr sw392dp w392dp h732dp 440dpi nrml long port night finger qwerty/v/v dpad/v winConfig={ mBounds=Rect(0, 0 - 1080, 2280) mAppBounds=Rect(0, 0 - 1080, 2148) mWindowingMode=fullscreen mDisplayWindowingMode=fullscreen mActivityType=undefined mAlwaysOnTop=undefined mRotation=ROTATION_0} s.19} for displayId=0
05-18 15:39:08.912   544   562 D ColorDisplayService: setUp: currentUser=0
05-18 15:39:08.912   544   569 W ActivityManager: Slow operation: 68ms so far, now at startProcess: done updating pids map
05-18 15:39:08.914   544   730 D CompatibilityChangeReporter: Compat change id reported: 135634846; UID 10119; state: DISABLED
05-18 15:39:08.915   544   569 D CompatibilityChangeReporter: Compat change id reported: 143937733; UID 10119; state: ENABLED
05-18 15:39:08.918   544   559 D AdbDebuggingManager: Logging key QAAAADF42aMvH5Vx/BojiMTYrv73Yi2M8DyBR8W5K1I0/S0jvy0dfV/cPWlzIhiDbjr4kkTKDC73nCttEVETXdHH5jCnjPGuak3RjRfz+eOhFfzwA8RQsLIsd7YOcQJBvW+V0UaMqkTUtRdAEW3tfBlVsZdjQGIqCXSNw8tLjqItf86LIWVsVK5b3e4Vs5R8Z9TUdYc/vr9fFUfR9LMG9KwwjtUztqWHNtbPoSwMn0RRjzY6F4J8kO5g5ohQxd5lkKoI1dBfRCUHYroY37Udg3ooBoJ6gZmi0GnUFgTg1MYmzGXgFJAbHi+IHAEBP7HeZCWc01CoCIs2KMpPlqOxBTftvGw+jt6qdsk6T+TUIlD7OqNotEd24Rtmyj53QSPJTM5DbFgYjwi6RhFb0k/j+uB1xqe1btCsieM2WQ32sI43JMrV6x6J3zx/l8PDqwWmnweUhe++3HCoqg3UiTYAamN+iETWHsVwEiOdtsDLlsSXhMHSF8TJrDgbQ40Q8Oj2saL8FEUyUXiv+ss7t6F4Kbo8xsQT0Xxxv1Ngye+h6Cj/qLdJ2NdTzC6FA30qsv3pRR42HCZMeYY4QcGDuij5cpg4K/AFku7jiHp0UTvDUStASa0XqptT21i4/3vevNpDDhnfAKvrTRYipD4C2CtyNUsMFeug6CgeT51BNIsUJOd0bDOZQbfNPAEAAQA= bence@tailorbook, state = 4, alwaysAllow = true, lastConnectionTime = 1652881148918, authWindow = 604800000
05-18 15:39:08.919   184   184 D vold    : fscrypt_prepare_user_storage for volume null, user 0, serial 0, flags 2
05-18 15:39:08.919   184   184 D vold    : Preparing: /data/system_ce/0
05-18 15:39:08.919   184   184 D vold    : Preparing: /data/misc_ce/0
05-18 15:39:08.920   184   184 D vold    : Preparing: /data/vendor_ce/0
05-18 15:39:08.920   544   562 I WindowManager: Using new display size: 1080x2280
05-18 15:39:08.920   184   184 D vold    : Preparing: /data/media/0
05-18 15:39:08.920   184   184 D vold    : Preparing: /data/data
05-18 15:39:08.920   184   184 I vold    : Verified that /data/system_ce/0 has the encryption policy c39d3ee02f3fd4747e360e29c1f4da9a v2 modes 1/4 flags 0x2
05-18 15:39:08.921   184   184 I vold    : Verified that /data/misc_ce/0 has the encryption policy c39d3ee02f3fd4747e360e29c1f4da9a v2 modes 1/4 flags 0x2
05-18 15:39:08.921   184   184 I vold    : Verified that /data/vendor_ce/0 has the encryption policy c39d3ee02f3fd4747e360e29c1f4da9a v2 modes 1/4 flags 0x2
05-18 15:39:08.921   184   184 I vold    : Verified that /data/media/0 has the encryption policy c39d3ee02f3fd4747e360e29c1f4da9a v2 modes 1/4 flags 0x2
05-18 15:39:08.921   184   184 I vold    : Verified that /data/data has the encryption policy c39d3ee02f3fd4747e360e29c1f4da9a v2 modes 1/4 flags 0x2
05-18 15:39:08.921   184   184 D vold    : Starting restorecon of /data/system_ce/0
05-18 15:39:08.925   184   184 D vold    : Finished restorecon of /data/system_ce/0
05-18 15:39:08.925   184   184 D vold    : Starting restorecon of /data/vendor_ce/0
05-18 15:39:08.926   544   634 D ConnectivityService: Got NetworkProvider Messenger for WifiNetworkFactory
05-18 15:39:08.926   544   634 D ConnectivityService: Got NetworkProvider Messenger for UntrustedWifiNetworkFactory
05-18 15:39:08.928   184   184 D vold    : Finished restorecon of /data/vendor_ce/0
05-18 15:39:08.928   184   184 D vold    : Starting restorecon of /data/misc_ce/0
05-18 15:39:08.930   544   569 I ActivityManager: Start proc 1337:com.google.android.inputmethod.latin/u0a119 for service {com.google.android.inputmethod.latin/com.android.inputmethod.latin.LatinIME}
05-18 15:39:08.947   184   184 D vold    : Finished restorecon of /data/misc_ce/0
05-18 15:39:08.947   184   184 D vold    : /system/bin/vold_prepare_subdirs
05-18 15:39:08.947   184   184 D vold    :     prepare
05-18 15:39:08.947   184   184 D vold    :     
05-18 15:39:08.947   184   184 D vold    :     0
05-18 15:39:08.947   184   184 D vold    :     2
05-18 15:39:09.008   544   559 V UserDataPreparer: Found /data/user/0 with serial number 0
05-18 15:39:09.009   544   559 V UserDataPreparer: Found /data/system_ce/0 with serial number 0
05-18 15:39:09.011   544   559 D UserDataPreparer: Setting property: sys.user.0.ce_available=true
05-18 15:39:09.012   544   559 V PackageManager: reconcileAppsData for null u0 0x2 migrateAppData=false
05-18 15:39:09.040   544   560 I ActivityTaskManager: Config changes=20000400 {1.0 310mcc260mnc [en_US] ldltr sw392dp w392dp h718dp 440dpi nrml long port night finger qwerty/v/v dpad/v winConfig={ mBounds=Rect(0, 0 - 1080, 2280) mAppBounds=Rect(0, 171 - 1080, 2148) mWindowingMode=fullscreen mDisplayWindowingMode=fullscreen mActivityType=undefined mAlwaysOnTop=undefined mRotation=ROTATION_0} s.31}
05-18 15:39:09.049   544   560 I WindowManager: Override config changes=20000400 {1.0 310mcc260mnc [en_US] ldltr sw392dp w392dp h718dp 440dpi nrml long port night finger qwerty/v/v dpad/v winConfig={ mBounds=Rect(0, 0 - 1080, 2280) mAppBounds=Rect(0, 171 - 1080, 2148) mWindowingMode=fullscreen mDisplayWindowingMode=fullscreen mActivityType=undefined mAlwaysOnTop=undefined mRotation=ROTATION_0} s.31} for displayId=0
05-18 15:39:09.056   544   560 V WindowManager: Orientation start waiting for draw, mDrawState=DRAW_PENDING in Window{8a2ba19 u0 NavigationBar0}, surfaceController Surface(name=NavigationBar0)/@0xd85df92
05-18 15:39:09.056   544   560 V WindowManager: Orientation start waiting for draw, mDrawState=DRAW_PENDING in Window{2a74bec u0 StatusBar}, surfaceController Surface(name=StatusBar)/@0x90add63
05-18 15:39:09.056   544   560 V WindowManager: Orientation start waiting for draw, mDrawState=DRAW_PENDING in Window{bb909f5 u0 com.android.settings/com.android.settings.FallbackHome}, surfaceController Surface(name=com.android.settings/com.android.settings.FallbackHome)/@0xc4c5197
05-18 15:39:09.056   544   560 V WindowManager: Orientation start waiting for draw, mDrawState=DRAW_PENDING in Window{74ece87 u0 com.android.systemui.ImageWallpaper}, surfaceController Surface(name=com.android.systemui.ImageWallpaper)/@0x9e538df
05-18 15:39:09.057   544   560 V WindowManager: Orientation start waiting for draw, mDrawState=DRAW_PENDING in Window{bb909f5 u0 com.android.settings/com.android.settings.FallbackHome}, surfaceController Surface(name=com.android.settings/com.android.settings.FallbackHome)/@0xc4c5197
05-18 15:39:09.063   544   560 W Looper  : Slow dispatch took 141ms android.ui h=android.hardware.display.DisplayManagerGlobal$DisplayListenerDelegate c=null m=2
05-18 15:39:09.064   544  1288 V WindowManager: Orientation start waiting for draw, mDrawState=DRAW_PENDING in Window{bb909f5 u0 com.android.settings/com.android.settings.FallbackHome}, surfaceController Surface(name=com.android.settings/com.android.settings.FallbackHome)/@0xc4c5197
05-18 15:39:09.065   544   569 W ActivityManager: Slow operation: 150ms so far, now at startProcess: done updating pids map
05-18 15:39:09.067   544   563 V WindowManager: Orientation start waiting for draw, mDrawState=DRAW_PENDING in Window{bb909f5 u0 com.android.settings/com.android.settings.FallbackHome}, surfaceController Surface(name=com.android.settings/com.android.settings.FallbackHome)/@0xc4c5197
05-18 15:39:09.068   544   558 V WindowManager: Orientation start waiting for draw, mDrawState=DRAW_PENDING in Window{bb909f5 u0 com.android.settings/com.android.settings.FallbackHome}, surfaceController Surface(name=com.android.settings/com.android.settings.FallbackHome)/@0xc4c5197
05-18 15:39:09.090   544   567 D AppStandbyController: Loading headless system app cache. appIdleEnabled=true
05-18 15:39:09.114   544   798 W WindowManager: Failed looking up window session=Session{b87ffda 910:1000} callers=com.android.server.wm.WindowManagerService.windowForClientLocked:5425 com.android.server.wm.Session.insetsModified:502 android.view.IWindowSession$Stub.onTransact:1367 
05-18 15:39:09.222   544   563 I WindowManager: Screen frozen for +291ms due to Window{2a74bec u0 StatusBar}
05-18 15:39:09.267   544  1288 W ActivityManager: Unable to start service Intent { act=com.google.android.gms.phenotype.service.START pkg=com.google.android.gms } U=0: not found
05-18 15:39:09.267   544   544 V ConditionProviders: 0 condition provider service connected: ComponentInfo{com.google.android.apps.wellbeing/com.google.android.apps.wellbeing.dnd.impl.DndConditionProviderService}
05-18 15:39:09.270   544  1288 W ActivityManager: Unbind failed: could not find connection for android.os.BinderProxy@aca98a2
05-18 15:39:09.270  1314  1386 W ActivityThread: Failed to find provider info for com.google.android.gsf.gservices (user not unlocked)
05-18 15:39:09.305   544   623 W ActivityManager: Unable to start service Intent { act=com.google.android.contextmanager.service.ContextManagerService.START pkg=com.google.android.gms } U=0: not found
05-18 15:39:09.305   544   623 W ActivityManager: Unbind failed: could not find connection for android.os.BinderProxy@33d75aa
05-18 15:39:09.310  1157  1157 W ActivityThread: Failed to find provider info for com.google.android.gsf.gservices (user not unlocked)
05-18 15:39:09.310  1157  1157 W ActivityThread: Failed to find provider info for com.google.android.gsf.gservices (user not unlocked)
05-18 15:39:09.314   544   559 V PackageManager: reconcileAppsData finished 202 packages
05-18 15:39:09.314   544   559 I ActivityManager: User 0 state changed from RUNNING_LOCKED to RUNNING_UNLOCKING
05-18 15:39:09.314   544   559 D ActivityManager: Unlocking user 0 progress 20
05-18 15:39:09.314   544   559 W Looper  : Slow dispatch took 395ms android.fg h=android.os.Handler c=com.android.server.am.-$$Lambda$UserController$stQk1028ON105v_u-VMykVjcxLk@1629d13 m=0
05-18 15:39:09.314   544   559 W Looper  : Slow delivery took 440ms android.fg h=android.os.Handler c=com.android.server.am.-$$Lambda$UserController$G0WJmqt4X_QG30fRlvXobn18mrE@f5e2a4e m=0
05-18 15:39:09.314   544   568 I SystemServerTimingAsync: ssm.UnlockingUser-0
05-18 15:39:09.314   544   568 I SystemServiceManager: Calling onUnlockingUser 0
05-18 15:39:09.314   544   568 I SystemServerTimingAsync: ssm.onUnlockingUser-0_com.android.server.security.FileIntegrityService
05-18 15:39:09.314   544   568 I SystemServerTimingAsync: ssm.onUnlockingUser-0_com.android.server.pm.Installer
05-18 15:39:09.314   544   568 I SystemServerTimingAsync: ssm.onUnlockingUser-0_com.android.server.os.DeviceIdentifiersPolicyService
05-18 15:39:09.314   544   568 I SystemServerTimingAsync: ssm.onUnlockingUser-0_com.android.server.uri.UriGrantsManagerService$Lifecycle
05-18 15:39:09.314   544   568 I SystemServerTimingAsync: ssm.onUnlockingUser-0_com.android.server.wm.ActivityTaskManagerService$Lifecycle
05-18 15:39:09.314   544   568 I LaunchParamsPersister: Didn't find launch param folder for user 0
05-18 15:39:09.315   544   568 I SystemServerTimingAsync: ssm.onUnlockingUser-0_com.android.server.am.ActivityManagerService$Lifecycle
05-18 15:39:09.315   544   568 I SystemServerTimingAsync: ssm.onUnlockingUser-0_com.android.server.pm.DataLoaderManagerService
05-18 15:39:09.315   544   568 I SystemServerTimingAsync: ssm.onUnlockingUser-0_com.android.server.power.PowerManagerService
05-18 15:39:09.315   544   568 I SystemServerTimingAsync: ssm.onUnlockingUser-0_com.android.server.power.ThermalManagerService
05-18 15:39:09.315   544   568 I SystemServerTimingAsync: ssm.onUnlockingUser-0_com.android.server.recoverysystem.RecoverySystemService$Lifecycle
05-18 15:39:09.315   544   568 I SystemServerTimingAsync: ssm.onUnlockingUser-0_com.android.server.lights.LightsService
05-18 15:39:09.315   544   568 I SystemServerTimingAsync: ssm.onUnlockingUser-0_com.android.server.display.DisplayManagerService
05-18 15:39:09.315   544   568 I SystemServerTimingAsync: ssm.onUnlockingUser-0_com.android.server.pm.UserManagerService$LifeCycle
05-18 15:39:09.315   544   568 I SystemServerTimingAsync: ssm.onUnlockingUser-0_com.android.server.om.OverlayManagerService
05-18 15:39:09.315   544   568 I SystemServerTimingAsync: ssm.onUnlockingUser-0_com.android.server.SensorPrivacyService
05-18 15:39:09.315   544   568 I SystemServerTimingAsync: ssm.onUnlockingUser-0_com.android.server.SystemConfigService
05-18 15:39:09.315   544   568 I SystemServerTimingAsync: ssm.onUnlockingUser-0_com.android.server.BatteryService
05-18 15:39:09.315   544   568 I SystemServerTimingAsync: ssm.onUnlockingUser-0_com.android.server.usage.UsageStatsService
05-18 15:39:09.315   544   568 I SystemServerTimingAsync: ssm.onUnlockingUser-0_com.android.server.webkit.WebViewUpdateService
05-18 15:39:09.315   544   568 I SystemServerTimingAsync: ssm.onUnlockingUser-0_com.android.server.CachedDeviceStateService
05-18 15:39:09.315   544   568 I SystemServerTimingAsync: ssm.onUnlockingUser-0_com.android.server.BinderCallsStatsService$LifeCycle
05-18 15:39:09.315   544   568 I SystemServerTimingAsync: ssm.onUnlockingUser-0_com.android.server.LooperStatsService$Lifecycle
05-18 15:39:09.315   544   568 I SystemServerTimingAsync: ssm.onUnlockingUser-0_com.android.server.rollback.RollbackManagerService
05-18 15:39:09.315   544   568 I SystemServerTimingAsync: ssm.onUnlockingUser-0_com.android.server.os.BugreportManagerService
05-18 15:39:09.315   544   568 I SystemServerTimingAsync: ssm.onUnlockingUser-0_com.android.server.gpu.GpuService
05-18 15:39:09.315   544   568 I SystemServerTimingAsync: ssm.onUnlockingUser-0_com.android.server.security.KeyChainSystemService
05-18 15:39:09.315   544   568 I SystemServerTimingAsync: ssm.onUnlockingUser-0_com.android.server.telecom.TelecomLoaderService
05-18 15:39:09.315   544   568 I SystemServerTimingAsync: ssm.onUnlockingUser-0_com.android.server.accounts.AccountManagerService$Lifecycle
05-18 15:39:09.315   544   568 I SystemServerTimingAsync: ssm.onUnlockingUser-0_com.android.server.content.ContentService$Lifecycle
05-18 15:39:09.315   544   568 I SystemServerTimingAsync: ssm.onUnlockingUser-0_com.android.server.DropBoxManagerService
05-18 15:39:09.315   544   568 I SystemServerTimingAsync: ssm.onUnlockingUser-0_com.android.server.AlarmManagerService
05-18 15:39:09.315   544   568 I SystemServerTimingAsync: ssm.onUnlockingUser-0_com.android.server.BluetoothService
05-18 15:39:09.315   544   568 D BluetoothManagerService: User 0 unlocked
05-18 15:39:09.315   544   568 I SystemServerTimingAsync: ssm.onUnlockingUser-0_com.android.server.connectivity.IpConnectivityMetrics
05-18 15:39:09.315   544   568 I SystemServerTimingAsync: ssm.onUnlockingUser-0_com.android.server.net.watchlist.NetworkWatchlistService$Lifecycle
05-18 15:39:09.315   544   568 I SystemServerTimingAsync: ssm.onUnlockingUser-0_com.android.server.PinnerService
05-18 15:39:09.315   544   568 I SystemServerTimingAsync: ssm.onUnlockingUser-0_com.google.android.startop.iorap.IorapForwardingService
05-18 15:39:09.315   544   568 I SystemServerTimingAsync: ssm.onUnlockingUser-0_com.android.server.integrity.AppIntegrityManagerService
05-18 15:39:09.315   544   568 I SystemServerTimingAsync: ssm.onUnlockingUser-0_com.android.server.inputmethod.InputMethodManagerService$Lifecycle
05-18 15:39:09.315   544   568 I SystemServerTimingAsync: ssm.onUnlockingUser-0_com.android.server.accessibility.AccessibilityManagerService$Lifecycle
05-18 15:39:09.315   544   568 I SystemServerTimingAsync: ssm.onUnlockingUser-0_com.android.server.StorageManagerService$Lifecycle
05-18 15:39:09.315   544   568 D StorageManagerService: onUnlockUser 0
05-18 15:39:09.315   544   568 I StorageSessionController: On user unlock 0
05-18 15:39:09.315   544   568 I StorageSessionController: Initialialising...
05-18 15:39:09.315   544   561 D BluetoothManagerService: MESSAGE_USER_UNLOCKED
05-18 15:39:09.317   544   559 W Looper  : Drained
05-18 15:39:09.319   184   184 I vold    : onUserStarted: 0
05-18 15:39:09.319   184   184 D vold    : Recognized experimental block major ID 251 as virtio-blk (emulator's virtual SD card device)
05-18 15:39:09.319   184   184 D vold    : /system/bin/sgdisk
05-18 15:39:09.319   184   184 D vold    :     --android-dump
05-18 15:39:09.319   184   184 D vold    :     /dev/block/vold/disk:251,80
05-18 15:39:09.320   544   882 V StorageManagerService: Found primary storage at VolumeInfo{emulated;0}:
05-18 15:39:09.320   544   882 V StorageManagerService:     type=EMULATED diskId=null partGuid= mountFlags=0 mountUserId=0 
05-18 15:39:09.320   544   882 V StorageManagerService:     state=UNMOUNTED 
05-18 15:39:09.320   544   882 V StorageManagerService:     fsType=null fsUuid=null fsLabel=null 
05-18 15:39:09.320   544   882 V StorageManagerService:     path=null internalPath=null 
05-18 15:39:09.320   544   621 I StorageManagerService: Mounting volume VolumeInfo{emulated;0}:
05-18 15:39:09.320   544   621 I StorageManagerService:     type=EMULATED diskId=null partGuid= mountFlags=PRIMARY|VISIBLE 
05-18 15:39:09.320   544   621 I StorageManagerService:     mountUserId=0 state=UNMOUNTED 
05-18 15:39:09.320   544   621 I StorageManagerService:     fsType=null fsUuid=null fsLabel=null 
05-18 15:39:09.320   544   621 I StorageManagerService:     path=null internalPath=null 
05-18 15:39:09.329   544   883 D CompatibilityChangeReporter: Compat change id reported: 135634846; UID 10109; state: DISABLED
05-18 15:39:09.329   544   569 D CompatibilityChangeReporter: Compat change id reported: 143937733; UID 10109; state: ENABLED
05-18 15:39:09.331   544   544 W InputMethodManagerService: Illegal subtype state: old subtype = null, new subtype = android.view.inputmethod.InputMethodSubtype@70bfcd7e
05-18 15:39:09.332   184   184 D vold    : DISK mbr
05-18 15:39:09.332   184   184 W vold    : disk:251,80 has unknown partition table; trying entire device
05-18 15:39:09.332   184   184 D vold    : /system/bin/blkid
05-18 15:39:09.332   184   184 D vold    :     -c
05-18 15:39:09.332   184   184 D vold    :     /dev/null
05-18 15:39:09.332   184   184 D vold    :     -s
05-18 15:39:09.332   184   184 D vold    :     TYPE
05-18 15:39:09.332   184   184 D vold    :     -s
05-18 15:39:09.332   184   184 D vold    :     UUID
05-18 15:39:09.332   184   184 D vold    :     -s
05-18 15:39:09.332   184   184 D vold    :     LABEL
05-18 15:39:09.332   184   184 D vold    :     /dev/block/vold/disk:251,80
05-18 15:39:09.333   544   544 D CompatibilityChangeReporter: Compat change id reported: 135634846; UID 10108; state: DISABLED
05-18 15:39:09.340   184   184 D vold    : /dev/block/vold/disk:251,80: LABEL="SDCARD" UUID="1310-1B1B" TYPE="vfat" 
05-18 15:39:09.341   184   274 I vold    : Mounting emulated fuse volume
05-18 15:39:09.345   544   567 E IntervalStats: Unable to parse usage stats package 157
05-18 15:39:09.346   544   567 I UsageStatsService: User[0] Rollover scheduled @ 2022-05-18 18:08:17(1652890097965)
05-18 15:39:09.348   544   567 I UsageStatsService: User[0] Flushing usage stats to disk
05-18 15:39:09.348   544   569 I ActivityManager: Start proc 1402:com.google.process.gservices/u0a109 for content provider {com.google.android.gsf/com.google.android.gsf.gservices.GservicesProvider}
05-18 15:39:09.348   544   569 D CompatibilityChangeReporter: Compat change id reported: 143937733; UID 10108; state: ENABLED
05-18 15:39:09.349   544   568 I SystemServerTimingAsync: ssm.onUnlockingUser-0_com.android.server.usage.StorageStatsService$Lifecycle
05-18 15:39:09.349   544   568 I SystemServerTimingAsync: ssm.onUnlockingUser-0_com.android.server.UiModeManagerService
05-18 15:39:09.349   544   568 I SystemServerTimingAsync: ssm.onUnlockingUser-0_com.android.server.locksettings.LockSettingsService$Lifecycle
05-18 15:39:09.349   544   568 I SystemServerTimingAsync: ssm.onUnlockingUser-0_com.android.server.testharness.TestHarnessModeService
05-18 15:39:09.349   544   568 I SystemServerTimingAsync: ssm.onUnlockingUser-0_com.android.server.DeviceIdleController
05-18 15:39:09.349   544   568 I SystemServerTimingAsync: ssm.onUnlockingUser-0_com.android.server.devicepolicy.DevicePolicyManagerService$Lifecycle
05-18 15:39:09.349   544   568 I SystemServerTimingAsync: ssm.onUnlockingUser-0_com.android.server.contentcapture.ContentCaptureManagerService
05-18 15:39:09.349   184   274 I vold    : Bind mounting /data/media to /mnt/pass_through/0/emulated
05-18 15:39:09.351   544   562 D ColorDisplayService: Setting saturation level: 100
05-18 15:39:09.356   544   621 I StorageSessionController: On volume mount VolumeInfo{emulated;0}:
05-18 15:39:09.356   544   621 I StorageSessionController:     type=EMULATED diskId=null partGuid= mountFlags=PRIMARY|VISIBLE 
05-18 15:39:09.356   544   621 I StorageSessionController:     mountUserId=0 state=CHECKING 
05-18 15:39:09.356   544   621 I StorageSessionController:     fsType=null fsUuid=null fsLabel=null 
05-18 15:39:09.356   544   621 I StorageSessionController:     path=/storage/emulated internalPath=/data/media 
05-18 15:39:09.356   544   621 I StorageSessionController: Creating connection for user: 0
05-18 15:39:09.356   544   621 I StorageSessionController: Creating and starting session with id: emulated;0
05-18 15:39:09.356   544   621 I StorageUserConnection: Binding to the ExternalStorageService for user 0
05-18 15:39:09.356   544   568 E ContentCapturePerUserService: Bad service name: com.google.android.as/com.google.android.apps.miphone.aiai.app.AiAiContentCaptureService
05-18 15:39:09.356   544   568 I chatty  : uid=1000(system) ActivityManager identical 1 line
05-18 15:39:09.356   544   568 E ContentCapturePerUserService: Bad service name: com.google.android.as/com.google.android.apps.miphone.aiai.app.AiAiContentCaptureService
05-18 15:39:09.356   544   568 I SystemServerTimingAsync: ssm.onUnlockingUser-0_com.android.server.systemcaptions.SystemCaptionsManagerService
05-18 15:39:09.356   544   568 E SystemCaptionsManagerPerUserService: Bad service name: com.google.android.as/com.google.android.apps.miphone.aiai.captions.SystemCaptionsManagerService
05-18 15:39:09.356   544   568 I SystemServerTimingAsync: ssm.onUnlockingUser-0_com.android.server.appprediction.AppPredictionManagerService
05-18 15:39:09.356   544   568 E AppPredictionPerUserService: Bad service name: com.google.android.as/com.google.android.apps.miphone.aiai.app.AiAiPredictionService
05-18 15:39:09.356   544   568 I SystemServerTimingAsync: ssm.onUnlockingUser-0_com.android.server.contentsuggestions.ContentSuggestionsManagerService
05-18 15:39:09.356   544   568 E ContentSuggestionsPerUserService: Bad service name: com.google.android.as/com.google.android.apps.miphone.aiai.app.AiAiContentSuggestionsService
05-18 15:39:09.356   544   568 I SystemServerTimingAsync: ssm.onUnlockingUser-0_com.android.server.textservices.TextServicesManagerService$Lifecycle
05-18 15:39:09.357   544   568 I SystemServerTimingAsync: ssm.onUnlockingUser-0_com.android.server.textclassifier.TextClassificationManagerService$Lifecycle
05-18 15:39:09.357   544   568 I SystemServerTimingAsync: ssm.onUnlockingUser-0_com.android.server.NetworkScoreService$Lifecycle
05-18 15:39:09.357   544   568 I SystemServerTimingAsync: ssm.onUnlockingUser-0_com.android.server.wifi.WifiService
05-18 15:39:09.357   544   568 I SystemServerTimingAsync: ssm.onUnlockingUser-0_com.android.server.wifi.scanner.WifiScanningService
05-18 15:39:09.357   544   568 I SystemServerTimingAsync: ssm.onUnlockingUser-0_com.android.server.wifi.p2p.WifiP2pService
05-18 15:39:09.357   544   568 I SystemServerTimingAsync: ssm.onUnlockingUser-0_com.android.server.notification.NotificationManagerService
05-18 15:39:09.357   544   568 I SystemServerTimingAsync: ssm.onUnlockingUser-0_com.android.server.storage.DeviceStorageMonitorService
05-18 15:39:09.357   544   568 I SystemServerTimingAsync: ssm.onUnlockingUser-0_com.android.server.location.LocationManagerService$Lifecycle
05-18 15:39:09.357   544   568 I SystemServerTimingAsync: ssm.onUnlockingUser-0_com.android.server.timedetector.TimeDetectorService$Lifecycle
05-18 15:39:09.357   544   568 I SystemServerTimingAsync: ssm.onUnlockingUser-0_com.android.server.timezonedetector.TimeZoneDetectorService$Lifecycle
05-18 15:39:09.357   544   568 I SystemServerTimingAsync: ssm.onUnlockingUser-0_com.android.server.search.SearchManagerService$Lifecycle
05-18 15:39:09.357   544   568 I SystemServerTimingAsync: ssm.onUnlockingUser-0_com.android.server.wallpaper.WallpaperManagerService$Lifecycle
05-18 15:39:09.357   544   568 I WallpaperManagerService: on-unlock-user-0
05-18 15:39:09.357   544   568 I SystemServerTimingAsync: ssm.onUnlockingUser-0_com.android.server.audio.AudioService$Lifecycle
05-18 15:39:09.357   544   568 I SystemServerTimingAsync: ssm.onUnlockingUser-0_com.android.server.soundtrigger_middleware.SoundTriggerMiddlewareService$Lifecycle
05-18 15:39:09.357   544   568 I SystemServerTimingAsync: ssm.onUnlockingUser-0_com.android.server.DockObserver
05-18 15:39:09.357   544   568 I SystemServerTimingAsync: ssm.onUnlockingUser-0_com.android.server.midi.MidiService$Lifecycle
05-18 15:39:09.358   544   621 D CompatibilityChangeReporter: Compat change id reported: 135634846; UID 10152; state: DISABLED
05-18 15:39:09.358   544   544 W ActivityManager: Unable to start service Intent { act=android.service.contentcapture.ContentCaptureService cmp=com.google.android.as/com.google.android.apps.miphone.aiai.app.AiAiContentCaptureService } U=0: not found
05-18 15:39:09.358   544   544 W RemoteContentCaptureService: could not bind to Intent { act=android.service.contentcapture.ContentCaptureService cmp=com.google.android.as/com.google.android.apps.miphone.aiai.app.AiAiContentCaptureService } using flags 67112961
05-18 15:39:09.358   544   544 W ContentCapturePerUserService: remote service died: RemoteContentCaptureService[ComponentInfo{com.google.android.as/com.google.android.apps.miphone.aiai.app.AiAiContentCaptureService} 265885677 (unbound)]
05-18 15:39:09.358   544   621 I StorageUserConnection: Bound to the ExternalStorageService for user 0
05-18 15:39:09.358   544   568 I SystemServerTimingAsync: ssm.onUnlockingUser-0_com.android.server.adb.AdbService$Lifecycle
05-18 15:39:09.358   544   568 I SystemServerTimingAsync: ssm.onUnlockingUser-0_com.android.server.usb.UsbService$Lifecycle
05-18 15:39:09.358   544   568 I SystemServerTimingAsync: ssm.onUnlockingUser-0_com.android.server.twilight.TwilightService
05-18 15:39:09.358   544   568 I SystemServerTimingAsync: ssm.onUnlockingUser-0_com.android.server.display.color.ColorDisplayService
05-18 15:39:09.358   544   568 I SystemServerTimingAsync: ssm.onUnlockingUser-0_com.android.server.job.JobSchedulerService
05-18 15:39:09.358   544   568 I SystemServerTimingAsync: ssm.onUnlockingUser-0_com.android.server.soundtrigger.SoundTriggerService
05-18 15:39:09.358   544   568 I SystemServerTimingAsync: ssm.onUnlockingUser-0_com.android.server.trust.TrustManagerService
05-18 15:39:09.358   544   568 I SystemServerTimingAsync: ssm.onUnlockingUser-0_com.android.server.backup.BackupManagerService$Lifecycle
05-18 15:39:09.358   544   544 W ActivityManager: Unable to start service Intent { act=android.service.contentcapture.ContentCaptureService cmp=com.google.android.as/com.google.android.apps.miphone.aiai.app.AiAiContentCaptureService } U=0: not found
05-18 15:39:09.358   544   544 W RemoteContentCaptureService: could not bind to Intent { act=android.service.contentcapture.ContentCaptureService cmp=com.google.android.as/com.google.android.apps.miphone.aiai.app.AiAiContentCaptureService } using flags 67112961
05-18 15:39:09.358   544   544 W ContentCapturePerUserService: remote service died: RemoteContentCaptureService[ComponentInfo{com.google.android.as/com.google.android.apps.miphone.aiai.app.AiAiContentCaptureService} 62763420 (unbound)]
05-18 15:39:09.359   544   544 W ActivityManager: Unable to start service Intent { act=android.service.systemcaptions.SystemCaptionsManagerService cmp=com.google.android.as/com.google.android.apps.miphone.aiai.captions.SystemCaptionsManagerService } U=0: not found
05-18 15:39:09.359   544   544 W RemoteSystemCaptionsManagerService: Could not bind to Intent { act=android.service.systemcaptions.SystemCaptionsManagerService cmp=com.google.android.as/com.google.android.apps.miphone.aiai.captions.SystemCaptionsManagerService } with flags 67112961
05-18 15:39:09.359   544   544 I NotificationHistory: Attempted to unlock gone/disabled user 0
05-18 15:39:09.359   544   652 I BackupManagerService: Starting service for user: 0
05-18 15:39:09.359   544   652 V BackupManagerService: [UserID:0] Starting with transport com.google.android.gms/.backup.BackupTransportService
05-18 15:39:09.361   544   652 D BackupManagerService: [UserID:0] Started thread backup-0
05-18 15:39:09.361   544   568 I SystemServerTimingAsync: ssm.onUnlockingUser-0_com.android.server.appwidget.AppWidgetService
05-18 15:39:09.361   544   568 I SystemServerTimingAsync: ssm.onUnlockingUser-0_com.android.server.role.RoleManagerService
05-18 15:39:09.362   544   568 I SystemServerTimingAsync: ssm.onUnlockingUser-0_com.android.server.voiceinteraction.VoiceInteractionManagerService
05-18 15:39:09.374   544   569 I ActivityManager: Start proc 1421:com.google.android.googlequicksearchbox:search/u0a108 for service {com.google.android.googlequicksearchbox/com.google.android.apps.gsa.tasks.BackgroundTasksJobService}
05-18 15:39:09.374   544   569 D CompatibilityChangeReporter: Compat change id reported: 143937733; UID 10152; state: ENABLED
05-18 15:39:09.375   544   568 I SystemServerTimingAsync: ssm.onUnlockingUser-0_com.android.server.GestureLauncherService
05-18 15:39:09.375   544   568 I SystemServerTimingAsync: ssm.onUnlockingUser-0_com.android.server.SensorNotificationService
05-18 15:39:09.375   544   568 I SystemServerTimingAsync: ssm.onUnlockingUser-0_com.android.server.emergency.EmergencyAffordanceService
05-18 15:39:09.375   544   568 I SystemServerTimingAsync: ssm.onUnlockingUser-0_com.android.server.dreams.DreamManagerService
05-18 15:39:09.375   544   568 I SystemServerTimingAsync: ssm.onUnlockingUser-0_com.android.server.blob.BlobStoreManagerService
05-18 15:39:09.375   544   568 I SystemServerTimingAsync: ssm.onUnlockingUser-0_com.android.server.print.PrintManagerService
05-18 15:39:09.375   544   568 I SystemServerTimingAsync: ssm.onUnlockingUser-0_com.android.server.companion.CompanionDeviceManagerService
05-18 15:39:09.375   544   568 I SystemServerTimingAsync: ssm.onUnlockingUser-0_com.android.server.restrictions.RestrictionsManagerService
05-18 15:39:09.375   544   568 I SystemServerTimingAsync: ssm.onUnlockingUser-0_com.android.server.media.MediaSessionService
05-18 15:39:09.375   544   568 I SystemServerTimingAsync: ssm.onUnlockingUser-0_com.android.server.media.MediaResourceMonitorService
05-18 15:39:09.375   544   568 I SystemServerTimingAsync: ssm.onUnlockingUser-0_com.android.server.biometrics.fingerprint.FingerprintService
05-18 15:39:09.375   544   568 I SystemServerTimingAsync: ssm.onUnlockingUser-0_com.android.server.biometrics.BiometricService
05-18 15:39:09.375   544   568 I SystemServerTimingAsync: ssm.onUnlockingUser-0_com.android.server.biometrics.AuthService
05-18 15:39:09.375   544   568 I SystemServerTimingAsync: ssm.onUnlockingUser-0_com.android.server.pm.ShortcutService$Lifecycle
05-18 15:39:09.375   544   568 I SystemServerTimingAsync: ssm.onUnlockingUser-0_com.android.server.pm.LauncherAppsService
05-18 15:39:09.375   544   568 I SystemServerTimingAsync: ssm.onUnlockingUser-0_com.android.server.pm.CrossProfileAppsService
05-18 15:39:09.375   544   568 I SystemServerTimingAsync: ssm.onUnlockingUser-0_com.android.server.people.PeopleService
05-18 15:39:09.375   544   568 I SystemServerTimingAsync: ssm.onUnlockingUser-0_com.android.server.media.projection.MediaProjectionManagerService
05-18 15:39:09.375   544   568 I SystemServerTimingAsync: ssm.onUnlockingUser-0_com.android.server.slice.SliceManagerService$Lifecycle
05-18 15:39:09.375   544   568 I SystemServerTimingAsync: ssm.onUnlockingUser-0_com.android.server.camera.CameraServiceProxy
05-18 15:39:09.375   544   568 I SystemServerTimingAsync: ssm.onUnlockingUser-0_com.android.server.stats.StatsCompanion$Lifecycle
05-18 15:39:09.375   544   568 I SystemServerTimingAsync: ssm.onUnlockingUser-0_com.android.server.stats.pull.StatsPullAtomService
05-18 15:39:09.375   544   568 I SystemServerTimingAsync: ssm.onUnlockingUser-0_com.android.server.incident.IncidentCompanionService
05-18 15:39:09.375   544   568 I SystemServerTimingAsync: ssm.onUnlockingUser-0_com.android.server.MmsServiceBroker
05-18 15:39:09.375   544   568 I SystemServerTimingAsync: ssm.onUnlockingUser-0_com.android.server.autofill.AutofillManagerService
05-18 15:39:09.380   544   562 D ColorDisplayService: Setting saturation level: 100
05-18 15:39:09.381   544   562 D ColorDisplayService: GlobalSaturationTintController Animation cancelled: true to matrix: 
05-18 15:39:09.381   544   562 D ColorDisplayService:        1.000000 0.000000 0.000000 0.000000 0.000000 1.000000 0.000000 0.000000 0.000000 0.000000 1.000000 0.000000 0.000000 0.000000 0.000000 1.000000 min matrix coefficients: 
05-18 15:39:09.381   544   562 D ColorDisplayService:        1.000000 0.000000 0.000000 0.000000 0.000000 1.000000 0.000000 0.000000 0.000000 0.000000 1.000000 0.000000 0.000000 0.000000 0.000000 1.000000 max matrix coefficients: 
05-18 15:39:09.381   544   562 D ColorDisplayService:        1.000000 0.000000 0.000000 0.000000 0.000000 1.000000 0.000000 0.000000 0.000000 0.000000 1.000000 0.000000 0.000000 0.000000 0.000000 1.000000
05-18 15:39:09.384   544   568 E RemoteAugmentedAutofillService: Bad service name for flags 1048704: com.google.android.as/com.google.android.apps.miphone.aiai.app.AiAiAugmentedAutofillService
05-18 15:39:09.384   544   652 E BackupPasswordManager: Unable to read backup pw version
05-18 15:39:09.384   544   568 E RemoteAugmentedAutofillService: Bad service name for flags 1048704: com.google.android.as/com.google.android.apps.miphone.aiai.app.AiAiAugmentedAutofillService
05-18 15:39:09.384   544   652 E BackupPasswordManager: Unable to read saved backup pw hash
05-18 15:39:09.384   544   568 I SystemServerTimingAsync: ssm.onUnlockingUser-0_com.android.server.clipboard.ClipboardService
05-18 15:39:09.384   544   568 I SystemServerTimingAsync: ssm.onUnlockingUser-0_com.android.server.appbinding.AppBindingService$Lifecycle
05-18 15:39:09.384   544   568 I SystemServerTimingAsync: ssm.onUnlockingUser-0_com.android.server.policy.PermissionPolicyService
05-18 15:39:09.384   544   568 I SystemServerTimingAsync: ssm.onUnlockingUser-0_com.android.server.pm.StagingManager$Lifecycle
05-18 15:39:09.384   544   559 I ActivityTaskManager: Loading recents for user 0 into memory.
05-18 15:39:09.385   544   568 W ActivityManager: UserLifecycleEvent 5 received without an active userJourneySession.
05-18 15:39:09.385   544   568 W ActivityManager: UserLifecycleEvent 6 received without an active userJourneySession.
05-18 15:39:09.385   544   568 I ActivityManager: User 0 state changed from RUNNING_UNLOCKING to RUNNING_UNLOCKED
05-18 15:39:09.389   544   568 D SystemServerTiming: SystemUserUnlock took to complete: 516ms
05-18 15:39:09.406   544   568 D CompatibilityChangeReporter: Compat change id reported: 135634846; UID 1001; state: DISABLED
05-18 15:39:09.408   544   568 D CompatibilityChangeReporter: Compat change id reported: 135634846; UID 1000; state: DISABLED
05-18 15:39:09.417   544   569 W ActivityManager: Slow operation: 59ms so far, now at startProcess: returned from zygote!
05-18 15:39:09.448   544   652 V BackupManagerService: [UserID:0] No ancestral data
05-18 15:39:09.494   544   730 W ActivityManager: Slow operation: 137ms so far, now at startProcess: done updating battery stats
05-18 15:39:09.494   544   730 I Watchdog: Interesting Java process com.google.android.providers.media.module started. Pid 1434
05-18 15:39:09.494   544   730 W ActivityManager: Slow operation: 137ms so far, now at startProcess: building log message
05-18 15:39:09.494   544   730 I ActivityManager: Start proc 1434:com.google.android.providers.media.module/u0a152 for service {com.google.android.providers.media.module/com.android.providers.media.fuse.ExternalStorageServiceImpl}
05-18 15:39:09.494   544   730 W ActivityManager: Slow operation: 137ms so far, now at startProcess: starting to update pids map
05-18 15:39:09.495   544   730 W ActivityManager: Slow operation: 137ms so far, now at startProcess: done updating pids map
05-18 15:39:09.495   544   568 I ActivityManager: Posting BOOT_COMPLETED user #0
05-18 15:39:09.497   544  1419 V BackupManagerConstants: getKeyValueBackupIntervalMilliseconds(...) returns 14400000
05-18 15:39:09.497   544  1419 V BackupManagerConstants: getKeyValueBackupFuzzMilliseconds(...) returns 600000
05-18 15:39:09.497   544  1419 V BackupManagerConstants: getKeyValueBackupRequiredNetworkType(...) returns 1
05-18 15:39:09.497   544  1419 V BackupManagerConstants: getKeyValueBackupRequireCharging(...) returns true
05-18 15:39:09.497   544  1419 V KeyValueBackupJob: Scheduling k/v pass in 249 minutes
05-18 15:39:09.501   544   569 W ActivityManager: Slow operation: 126ms so far, now at startProcess: asking zygote to start proc
05-18 15:39:09.501   544   569 D CompatibilityChangeReporter: Compat change id reported: 143937733; UID 10108; state: ENABLED
05-18 15:39:09.505   544   568 I SystemServerTimingAsync: ssm.UnlockedUser-0
05-18 15:39:09.505   544   568 I SystemServiceManager: Calling onUnlockedUser 0
05-18 15:39:09.505   544   568 I SystemServerTimingAsync: ssm.onUnlockedUser-0_com.android.server.security.FileIntegrityService
05-18 15:39:09.505   544   568 I SystemServerTimingAsync: ssm.onUnlockedUser-0_com.android.server.pm.Installer
05-18 15:39:09.505   544   568 I SystemServerTimingAsync: ssm.onUnlockedUser-0_com.android.server.os.DeviceIdentifiersPolicyService
05-18 15:39:09.505   544   568 I SystemServerTimingAsync: ssm.onUnlockedUser-0_com.android.server.uri.UriGrantsManagerService$Lifecycle
05-18 15:39:09.505   544   568 I SystemServerTimingAsync: ssm.onUnlockedUser-0_com.android.server.wm.ActivityTaskManagerService$Lifecycle
